<html>
<body>
<pre>
<h1>µVision Build Log</h1>
<h2>Project:</h2>
D:\fhaha\git_ad7606_thread\bsp\stm32f107\project.uvproj
Project File Date:  04/10/2014

<h2>Output:</h2>
Build target 'RT-Thread STM32'
compiling kservice.c...
..\..\src\kservice.c(471): error:  #20: identifier "SystemCoreClock" is undefined
Target not created
Build target 'RT-Thread STM32'
compiling kservice.c...
Libraries\CMSIS\CM3\DeviceSupport\ST\STM32F10x\system_stm32f10x.h(53): error:  #20: identifier "uint32_t" is undefined
Target not created
Build target 'RT-Thread STM32'
compiling kservice.c...
..\..\src\kservice.c(23): error:  #20: identifier "uint32_t" is undefined
Target not created
Build target 'RT-Thread STM32'
compiling kservice.c...
linking...
Program Size: Code=117682 RO-data=5406 RW-data=736 ZI-data=20888  
FromELF: creating hex file...
".\obj\rtthread-stm32.axf" - 0 Error(s), 0 Warning(s).
Load "D:\\fhaha\\git_ad7606_thread\\bsp\\stm32f107\\obj\\rtthread-stm32.AXF" 
* JLink Info: Device "STM32F107VC" selected (256 KB flash, 20 KB RAM).
Set JLink Project File to "D:\fhaha\git_ad7606_thread\bsp\stm32f107\JLinkSettings.ini"
 
JLink info:
------------
DLL: V4.36l, compiled Dec  2 2011 18:52:36
Firmware: J-Link ARM V8 compiled Sep 22 2011 16:23:23
Hardware: V8.00
S/N : 20100214 
Feature(s) : RDI,FlashDL,FlashBP,JFlash,GDBFull 
 
* JLink Info: TotalIRLen = 9, IRPrint = 0x0011
* JLink Info: Found Cortex-M3 r1p1, Little endian.
* JLink Info: TPIU fitted.
* JLink Info: ETM fitted.
* JLink Info:   FPUnit: 6 code (BP) slots and 2 literal slots
ROMTableAddr = 0xE00FF003
* JLink Info: TotalIRLen = 9, IRPrint = 0x0011
* JLink Info: Found Cortex-M3 r1p1, Little endian.
* JLink Info: TPIU fitted.
* JLink Info: ETM fitted.
* JLink Info:   FPUnit: 6 code (BP) slots and 2 literal slots
* JLink Info: Found Cortex-M3 r1p1, Little endian.
* JLink Info: TPIU fitted.
* JLink Info: ETM fitted.
* JLink Info:   FPUnit: 6 code (BP) slots and 2 literal slots
 
Target info:
------------
Device: STM32F107VC
VTarget = 3.228V
State of Pins: 
TCK: 1, TDI: 0, TDO: 1, TMS: 0, TRES: 1, TRST: 1
Hardware-Breakpoints: 6
Software-Breakpoints: 8192
Watchpoints:          4
JTAG speed: 9600 kHz
 
Full Chip Erase Done.
Programming Done.
Verify OK.
* JLink Info: TotalIRLen = 9, IRPrint = 0x0011
* JLink Info: Found Cortex-M3 r1p1, Little endian.
* JLink Info: TPIU fitted.
* JLink Info: ETM fitted.
* JLink Info:   FPUnit: 6 code (BP) slots and 2 literal slots
* JLink Info: Found Cortex-M3 r1p1, Little endian.
* JLink Info: TPIU fitted.
* JLink Info: ETM fitted.
* JLink Info:   FPUnit: 6 code (BP) slots and 2 literal slots
Application running ...
Build target 'RT-Thread STM32'
compiling application.c...
application.c(104): warning:  #177-D: function "MySystemReset" was declared but never referenced
linking...
Program Size: Code=117682 RO-data=5406 RW-data=736 ZI-data=20888  
FromELF: creating hex file...
".\obj\rtthread-stm32.axf" - 0 Error(s), 1 Warning(s).
Build target 'RT-Thread STM32'
compiling application.c...
application.c(107): warning:  #940-D: missing return statement at end of non-void function "reset"
linking...
Program Size: Code=117718 RO-data=5406 RW-data=736 ZI-data=20888  
FromELF: creating hex file...
".\obj\rtthread-stm32.axf" - 0 Error(s), 1 Warning(s).
Build target 'RT-Thread STM32'
compiling application.c...
linking...
Program Size: Code=117718 RO-data=5406 RW-data=736 ZI-data=20888  
FromELF: creating hex file...
".\obj\rtthread-stm32.axf" - 0 Error(s), 0 Warning(s).
Build target 'RT-Thread STM32'
compiling application.c...
application.c(109): error:  #18: expected a ")"
application.c(109): warning:  #77-D: this declaration has no storage class or type specifier
application.c(109): error:  #92: identifier-list parameters may only be used in a function definition
Target not created
Build target 'RT-Thread STM32'
compiling application.c...
application.c(111): error:  #18: expected a ")"
application.c(111): warning:  #77-D: this declaration has no storage class or type specifier
application.c(111): error:  #92: identifier-list parameters may only be used in a function definition
Target not created
Build target 'RT-Thread STM32'
compiling application.c...
linking...
Program Size: Code=117718 RO-data=5438 RW-data=736 ZI-data=20888  
FromELF: creating hex file...
".\obj\rtthread-stm32.axf" - 0 Error(s), 0 Warning(s).
Load "D:\\fhaha\\git_ad7606_thread\\bsp\\stm32f107\\obj\\rtthread-stm32.AXF" 
* JLink Info: Device "STM32F107VC" selected (256 KB flash, 20 KB RAM).
Set JLink Project File to "D:\fhaha\git_ad7606_thread\bsp\stm32f107\JLinkSettings.ini"
 
JLink info:
------------
DLL: V4.36l, compiled Dec  2 2011 18:52:36
Firmware: J-Link ARM V8 compiled Sep 22 2011 16:23:23
Hardware: V8.00
S/N : 20100214 
Feature(s) : RDI,FlashDL,FlashBP,JFlash,GDBFull 
 
* JLink Info: TotalIRLen = 9, IRPrint = 0x0011
* JLink Info: Found Cortex-M3 r1p1, Little endian.
* JLink Info: TPIU fitted.
* JLink Info: ETM fitted.
* JLink Info:   FPUnit: 6 code (BP) slots and 2 literal slots
ROMTableAddr = 0xE00FF003
* JLink Info: TotalIRLen = 9, IRPrint = 0x0011
* JLink Info: Found Cortex-M3 r1p1, Little endian.
* JLink Info: TPIU fitted.
* JLink Info: ETM fitted.
* JLink Info:   FPUnit: 6 code (BP) slots and 2 literal slots
* JLink Info: Found Cortex-M3 r1p1, Little endian.
* JLink Info: TPIU fitted.
* JLink Info: ETM fitted.
* JLink Info:   FPUnit: 6 code (BP) slots and 2 literal slots
 
Target info:
------------
Device: STM32F107VC
VTarget = 3.222V
State of Pins: 
TCK: 1, TDI: 0, TDO: 1, TMS: 0, TRES: 1, TRST: 1
Hardware-Breakpoints: 6
Software-Breakpoints: 8192
Watchpoints:          4
JTAG speed: 9600 kHz
 
Full Chip Erase Done.
Programming Done.
Verify OK.
* JLink Info: TotalIRLen = 9, IRPrint = 0x0011
* JLink Info: Found Cortex-M3 r1p1, Little endian.
* JLink Info: TPIU fitted.
* JLink Info: ETM fitted.
* JLink Info:   FPUnit: 6 code (BP) slots and 2 literal slots
* JLink Info: Found Cortex-M3 r1p1, Little endian.
* JLink Info: TPIU fitted.
* JLink Info: ETM fitted.
* JLink Info:   FPUnit: 6 code (BP) slots and 2 literal slots
Application running ...
