<!doctype html public "-//w3c//dtd html 4.0 transitional//en">
<html><head>
<title>Static Call Graph - [.\obj\rtthread-stm32.axf]</title></head>
<body><HR>
<H1>Static Call Graph for image .\obj\rtthread-stm32.axf</H1><HR>
<BR><P>#&#060CALLGRAPH&#062# ARM Linker, 4.1 [Build 894]: Last Updated: Fri Apr 11 15:17:28 2014
<BR><P>
<H3>Maximum Stack Usage =        884 bytes + Unknown(Functions without stacksize, Cycles, Untraceable Function Pointers)</H3><H3>
Call chain for Maximum Stack Depth:</H3>
tcpip_thread &rArr; ethernet_input &rArr; ip_input &rArr; tcp_input &rArr; tcp_listen_input &rArr; tcp_alloc &rArr; tcp_kill_prio &rArr; tcp_abandon &rArr; tcp_pcb_remove &rArr; tcp_output &rArr; tcp_output_segment &rArr; ip_output &rArr; ip_output_if &rArr; ip_frag &rArr; pbuf_alloc &rArr; pbuf_pool_is_empty &rArr; tcpip_callback_with_block &rArr; memp_malloc &rArr; rt_malloc &rArr; rt_sem_take &rArr; rt_schedule &rArr; _rt_scheduler_stack_check &rArr; list_thread &rArr; _list_thread &rArr; rt_kprintf &rArr; vsnprintf &rArr; print_number
<P>
<H3>
Functions with no stack information
</H3><UL>
 <LI><a href="#[417]">__user_initial_stackheap</a>
</UL>
</UL>
<P>
<H3>
Mutually Recursive functions
</H3> <LI><a href="#[195]">rt_device_write</a>&nbsp;&nbsp;&nbsp;&rArr;&nbsp;&nbsp;&nbsp;<a href="#[f0]">rt_kprintf</a><BR>
 <LI><a href="#[249]">finsh_type_check</a>&nbsp;&nbsp;&nbsp;&rArr;&nbsp;&nbsp;&nbsp;<a href="#[249]">finsh_type_check</a><BR>
 <LI><a href="#[247]">finsh_compile</a>&nbsp;&nbsp;&nbsp;&rArr;&nbsp;&nbsp;&nbsp;<a href="#[247]">finsh_compile</a><BR>
 <LI><a href="#[269]">proc_assign_expr</a>&nbsp;&nbsp;&nbsp;&rArr;&nbsp;&nbsp;&nbsp;<a href="#[269]">proc_assign_expr</a><BR>
 <LI><a href="#[270]">proc_cast_expr</a>&nbsp;&nbsp;&nbsp;&rArr;&nbsp;&nbsp;&nbsp;<a href="#[270]">proc_cast_expr</a><BR>
 <LI><a href="#[26f]">proc_unary_expr</a>&nbsp;&nbsp;&nbsp;&rArr;&nbsp;&nbsp;&nbsp;<a href="#[270]">proc_cast_expr</a><BR>
 <LI><a href="#[26d]">proc_primary_expr</a>&nbsp;&nbsp;&nbsp;&rArr;&nbsp;&nbsp;&nbsp;<a href="#[26b]">proc_expr</a><BR>
 <LI><a href="#[268]">proc_param_list</a>&nbsp;&nbsp;&nbsp;&rArr;&nbsp;&nbsp;&nbsp;<a href="#[269]">proc_assign_expr</a><BR>
 <LI><a href="#[1f]">ADC1_2_IRQHandler</a>&nbsp;&nbsp;&nbsp;&rArr;&nbsp;&nbsp;&nbsp;<a href="#[1f]">ADC1_2_IRQHandler</a><BR>
 <LI><a href="#[2a4]">netconn_delete</a>&nbsp;&nbsp;&nbsp;&rArr;&nbsp;&nbsp;&nbsp;<a href="#[2a5]">netconn_free</a><BR>
</UL>
<P>
<H3>
Function Pointers
</H3><UL>
 <LI><a href="#[1f]">ADC1_2_IRQHandler</a> from startup_stm32f10x_cl.o(.text) referenced from startup_stm32f10x_cl.o(RESET)
 <LI><a href="#[7]">BusFault_Handler</a> from stm32f10x_it.o(.text) referenced from startup_stm32f10x_cl.o(RESET)
 <LI><a href="#[21]">CAN1_RX0_IRQHandler</a> from startup_stm32f10x_cl.o(.text) referenced from startup_stm32f10x_cl.o(RESET)
 <LI><a href="#[22]">CAN1_RX1_IRQHandler</a> from startup_stm32f10x_cl.o(.text) referenced from startup_stm32f10x_cl.o(RESET)
 <LI><a href="#[23]">CAN1_SCE_IRQHandler</a> from startup_stm32f10x_cl.o(.text) referenced from startup_stm32f10x_cl.o(RESET)
 <LI><a href="#[20]">CAN1_TX_IRQHandler</a> from startup_stm32f10x_cl.o(.text) referenced from startup_stm32f10x_cl.o(RESET)
 <LI><a href="#[46]">CAN2_RX0_IRQHandler</a> from startup_stm32f10x_cl.o(.text) referenced from startup_stm32f10x_cl.o(RESET)
 <LI><a href="#[47]">CAN2_RX1_IRQHandler</a> from startup_stm32f10x_cl.o(.text) referenced from startup_stm32f10x_cl.o(RESET)
 <LI><a href="#[48]">CAN2_SCE_IRQHandler</a> from startup_stm32f10x_cl.o(.text) referenced from startup_stm32f10x_cl.o(RESET)
 <LI><a href="#[45]">CAN2_TX_IRQHandler</a> from startup_stm32f10x_cl.o(.text) referenced from startup_stm32f10x_cl.o(RESET)
 <LI><a href="#[18]">DMA1_Channel1_IRQHandler</a> from startup_stm32f10x_cl.o(.text) referenced from startup_stm32f10x_cl.o(RESET)
 <LI><a href="#[19]">DMA1_Channel2_IRQHandler</a> from startup_stm32f10x_cl.o(.text) referenced from startup_stm32f10x_cl.o(RESET)
 <LI><a href="#[1a]">DMA1_Channel3_IRQHandler</a> from startup_stm32f10x_cl.o(.text) referenced from startup_stm32f10x_cl.o(RESET)
 <LI><a href="#[1b]">DMA1_Channel4_IRQHandler</a> from startup_stm32f10x_cl.o(.text) referenced from startup_stm32f10x_cl.o(RESET)
 <LI><a href="#[1c]">DMA1_Channel5_IRQHandler</a> from startup_stm32f10x_cl.o(.text) referenced from startup_stm32f10x_cl.o(RESET)
 <LI><a href="#[1d]">DMA1_Channel6_IRQHandler</a> from startup_stm32f10x_cl.o(.text) referenced from startup_stm32f10x_cl.o(RESET)
 <LI><a href="#[1e]">DMA1_Channel7_IRQHandler</a> from startup_stm32f10x_cl.o(.text) referenced from startup_stm32f10x_cl.o(RESET)
 <LI><a href="#[3e]">DMA2_Channel1_IRQHandler</a> from startup_stm32f10x_cl.o(.text) referenced from startup_stm32f10x_cl.o(RESET)
 <LI><a href="#[3f]">DMA2_Channel2_IRQHandler</a> from startup_stm32f10x_cl.o(.text) referenced from startup_stm32f10x_cl.o(RESET)
 <LI><a href="#[40]">DMA2_Channel3_IRQHandler</a> from startup_stm32f10x_cl.o(.text) referenced from startup_stm32f10x_cl.o(RESET)
 <LI><a href="#[41]">DMA2_Channel4_IRQHandler</a> from startup_stm32f10x_cl.o(.text) referenced from startup_stm32f10x_cl.o(RESET)
 <LI><a href="#[42]">DMA2_Channel5_IRQHandler</a> from startup_stm32f10x_cl.o(.text) referenced from startup_stm32f10x_cl.o(RESET)
 <LI><a href="#[a]">DebugMon_Handler</a> from stm32f10x_it.o(.text) referenced from startup_stm32f10x_cl.o(RESET)
 <LI><a href="#[43]">ETH_IRQHandler</a> from stm32_eth.o(.text) referenced from startup_stm32f10x_cl.o(RESET)
 <LI><a href="#[44]">ETH_WKUP_IRQHandler</a> from startup_stm32f10x_cl.o(.text) referenced from startup_stm32f10x_cl.o(RESET)
 <LI><a href="#[13]">EXTI0_IRQHandler</a> from startup_stm32f10x_cl.o(.text) referenced from startup_stm32f10x_cl.o(RESET)
 <LI><a href="#[35]">EXTI15_10_IRQHandler</a> from startup_stm32f10x_cl.o(.text) referenced from startup_stm32f10x_cl.o(RESET)
 <LI><a href="#[14]">EXTI1_IRQHandler</a> from ad7606.o(.text) referenced from startup_stm32f10x_cl.o(RESET)
 <LI><a href="#[15]">EXTI2_IRQHandler</a> from startup_stm32f10x_cl.o(.text) referenced from startup_stm32f10x_cl.o(RESET)
 <LI><a href="#[16]">EXTI3_IRQHandler</a> from startup_stm32f10x_cl.o(.text) referenced from startup_stm32f10x_cl.o(RESET)
 <LI><a href="#[17]">EXTI4_IRQHandler</a> from startup_stm32f10x_cl.o(.text) referenced from startup_stm32f10x_cl.o(RESET)
 <LI><a href="#[24]">EXTI9_5_IRQHandler</a> from startup_stm32f10x_cl.o(.text) referenced from startup_stm32f10x_cl.o(RESET)
 <LI><a href="#[11]">FLASH_IRQHandler</a> from startup_stm32f10x_cl.o(.text) referenced from startup_stm32f10x_cl.o(RESET)
 <LI><a href="#[5]">HardFault_Handler</a> from context_rvds.o(.text) referenced from startup_stm32f10x_cl.o(RESET)
 <LI><a href="#[2d]">I2C1_ER_IRQHandler</a> from startup_stm32f10x_cl.o(.text) referenced from startup_stm32f10x_cl.o(RESET)
 <LI><a href="#[2c]">I2C1_EV_IRQHandler</a> from startup_stm32f10x_cl.o(.text) referenced from startup_stm32f10x_cl.o(RESET)
 <LI><a href="#[2f]">I2C2_ER_IRQHandler</a> from startup_stm32f10x_cl.o(.text) referenced from startup_stm32f10x_cl.o(RESET)
 <LI><a href="#[2e]">I2C2_EV_IRQHandler</a> from startup_stm32f10x_cl.o(.text) referenced from startup_stm32f10x_cl.o(RESET)
 <LI><a href="#[6]">MemManage_Handler</a> from stm32f10x_it.o(.text) referenced from startup_stm32f10x_cl.o(RESET)
 <LI><a href="#[4]">NMI_Handler</a> from stm32f10x_it.o(.text) referenced from startup_stm32f10x_cl.o(RESET)
 <LI><a href="#[89]">OP_add_byte</a> from finsh_ops.o(.text) referenced from finsh_ops.o(.constdata)
 <LI><a href="#[8b]">OP_add_dword</a> from finsh_ops.o(.text) referenced from finsh_ops.o(.constdata)
 <LI><a href="#[8a]">OP_add_word</a> from finsh_ops.o(.text) referenced from finsh_ops.o(.constdata)
 <LI><a href="#[98]">OP_and_byte</a> from finsh_ops.o(.text) referenced from finsh_ops.o(.constdata)
 <LI><a href="#[9a]">OP_and_dword</a> from finsh_ops.o(.text) referenced from finsh_ops.o(.constdata)
 <LI><a href="#[99]">OP_and_word</a> from finsh_ops.o(.text) referenced from finsh_ops.o(.constdata)
 <LI><a href="#[a1]">OP_bw_byte</a> from finsh_ops.o(.text) referenced from finsh_ops.o(.constdata)
 <LI><a href="#[a3]">OP_bw_dword</a> from finsh_ops.o(.text) referenced from finsh_ops.o(.constdata)
 <LI><a href="#[a2]">OP_bw_word</a> from finsh_ops.o(.text) referenced from finsh_ops.o(.constdata)
 <LI><a href="#[b4]">OP_call</a> from finsh_ops.o(.text) referenced from finsh_ops.o(.constdata)
 <LI><a href="#[8f]">OP_div_byte</a> from finsh_ops.o(.text) referenced from finsh_ops.o(.constdata)
 <LI><a href="#[91]">OP_div_dword</a> from finsh_ops.o(.text) referenced from finsh_ops.o(.constdata)
 <LI><a href="#[90]">OP_div_word</a> from finsh_ops.o(.text) referenced from finsh_ops.o(.constdata)
 <LI><a href="#[aa]">OP_ld_byte</a> from finsh_ops.o(.text) referenced from finsh_ops.o(.constdata)
 <LI><a href="#[ac]">OP_ld_dword</a> from finsh_ops.o(.text) referenced from finsh_ops.o(.constdata)
 <LI><a href="#[ad]">OP_ld_value_byte</a> from finsh_ops.o(.text) referenced from finsh_ops.o(.constdata)
 <LI><a href="#[b5]">OP_ld_value_byte_stack</a> from finsh_ops.o(.text) referenced from finsh_ops.o(.constdata)
 <LI><a href="#[af]">OP_ld_value_dword</a> from finsh_ops.o(.text) referenced from finsh_ops.o(.constdata)
 <LI><a href="#[b7]">OP_ld_value_dword_stack</a> from finsh_ops.o(.text) referenced from finsh_ops.o(.constdata)
 <LI><a href="#[ae]">OP_ld_value_word</a> from finsh_ops.o(.text) referenced from finsh_ops.o(.constdata)
 <LI><a href="#[b6]">OP_ld_value_word_stack</a> from finsh_ops.o(.text) referenced from finsh_ops.o(.constdata)
 <LI><a href="#[ab]">OP_ld_word</a> from finsh_ops.o(.text) referenced from finsh_ops.o(.constdata)
 <LI><a href="#[92]">OP_mod_byte</a> from finsh_ops.o(.text) referenced from finsh_ops.o(.constdata)
 <LI><a href="#[94]">OP_mod_dword</a> from finsh_ops.o(.text) referenced from finsh_ops.o(.constdata)
 <LI><a href="#[93]">OP_mod_word</a> from finsh_ops.o(.text) referenced from finsh_ops.o(.constdata)
 <LI><a href="#[95]">OP_mul_byte</a> from finsh_ops.o(.text) referenced from finsh_ops.o(.constdata)
 <LI><a href="#[97]">OP_mul_dword</a> from finsh_ops.o(.text) referenced from finsh_ops.o(.constdata)
 <LI><a href="#[96]">OP_mul_word</a> from finsh_ops.o(.text) referenced from finsh_ops.o(.constdata)
 <LI><a href="#[88]">OP_no_op</a> from finsh_ops.o(.text) referenced from finsh_ops.o(.constdata)
 <LI><a href="#[9b]">OP_or_byte</a> from finsh_ops.o(.text) referenced from finsh_ops.o(.constdata)
 <LI><a href="#[9d]">OP_or_dword</a> from finsh_ops.o(.text) referenced from finsh_ops.o(.constdata)
 <LI><a href="#[9c]">OP_or_word</a> from finsh_ops.o(.text) referenced from finsh_ops.o(.constdata)
 <LI><a href="#[b3]">OP_pop</a> from finsh_ops.o(.text) referenced from finsh_ops.o(.constdata)
 <LI><a href="#[a4]">OP_shl_byte</a> from finsh_ops.o(.text) referenced from finsh_ops.o(.constdata)
 <LI><a href="#[a6]">OP_shl_dword</a> from finsh_ops.o(.text) referenced from finsh_ops.o(.constdata)
 <LI><a href="#[a5]">OP_shl_word</a> from finsh_ops.o(.text) referenced from finsh_ops.o(.constdata)
 <LI><a href="#[a7]">OP_shr_byte</a> from finsh_ops.o(.text) referenced from finsh_ops.o(.constdata)
 <LI><a href="#[a9]">OP_shr_dword</a> from finsh_ops.o(.text) referenced from finsh_ops.o(.constdata)
 <LI><a href="#[a8]">OP_shr_word</a> from finsh_ops.o(.text) referenced from finsh_ops.o(.constdata)
 <LI><a href="#[b0]">OP_st_byte</a> from finsh_ops.o(.text) referenced from finsh_ops.o(.constdata)
 <LI><a href="#[b2]">OP_st_dword</a> from finsh_ops.o(.text) referenced from finsh_ops.o(.constdata)
 <LI><a href="#[b1]">OP_st_word</a> from finsh_ops.o(.text) referenced from finsh_ops.o(.constdata)
 <LI><a href="#[8c]">OP_sub_byte</a> from finsh_ops.o(.text) referenced from finsh_ops.o(.constdata)
 <LI><a href="#[8e]">OP_sub_dword</a> from finsh_ops.o(.text) referenced from finsh_ops.o(.constdata)
 <LI><a href="#[8d]">OP_sub_word</a> from finsh_ops.o(.text) referenced from finsh_ops.o(.constdata)
 <LI><a href="#[9e]">OP_xor_byte</a> from finsh_ops.o(.text) referenced from finsh_ops.o(.constdata)
 <LI><a href="#[a0]">OP_xor_dword</a> from finsh_ops.o(.text) referenced from finsh_ops.o(.constdata)
 <LI><a href="#[9f]">OP_xor_word</a> from finsh_ops.o(.text) referenced from finsh_ops.o(.constdata)
 <LI><a href="#[49]">OTG_FS_IRQHandler</a> from startup_stm32f10x_cl.o(.text) referenced from startup_stm32f10x_cl.o(RESET)
 <LI><a href="#[37]">OTG_FS_WKUP_IRQHandler</a> from startup_stm32f10x_cl.o(.text) referenced from startup_stm32f10x_cl.o(RESET)
 <LI><a href="#[e]">PVD_IRQHandler</a> from startup_stm32f10x_cl.o(.text) referenced from startup_stm32f10x_cl.o(RESET)
 <LI><a href="#[b]">PendSV_Handler</a> from context_rvds.o(.text) referenced from startup_stm32f10x_cl.o(RESET)
 <LI><a href="#[12]">RCC_IRQHandler</a> from startup_stm32f10x_cl.o(.text) referenced from startup_stm32f10x_cl.o(RESET)
 <LI><a href="#[36]">RTCAlarm_IRQHandler</a> from startup_stm32f10x_cl.o(.text) referenced from startup_stm32f10x_cl.o(RESET)
 <LI><a href="#[10]">RTC_IRQHandler</a> from startup_stm32f10x_cl.o(.text) referenced from startup_stm32f10x_cl.o(RESET)
 <LI><a href="#[3]">Reset_Handler</a> from startup_stm32f10x_cl.o(.text) referenced from startup_stm32f10x_cl.o(RESET)
 <LI><a href="#[30]">SPI1_IRQHandler</a> from startup_stm32f10x_cl.o(.text) referenced from startup_stm32f10x_cl.o(RESET)
 <LI><a href="#[31]">SPI2_IRQHandler</a> from startup_stm32f10x_cl.o(.text) referenced from startup_stm32f10x_cl.o(RESET)
 <LI><a href="#[39]">SPI3_IRQHandler</a> from startup_stm32f10x_cl.o(.text) referenced from startup_stm32f10x_cl.o(RESET)
 <LI><a href="#[9]">SVC_Handler</a> from stm32f10x_it.o(.text) referenced from startup_stm32f10x_cl.o(RESET)
 <LI><a href="#[c]">SysTick_Handler</a> from stm32f10x_it.o(.text) referenced from startup_stm32f10x_cl.o(RESET)
 <LI><a href="#[83]">SystemInit</a> from system_stm32f10x.o(.text) referenced from startup_stm32f10x_cl.o(.text)
 <LI><a href="#[f]">TAMPER_IRQHandler</a> from startup_stm32f10x_cl.o(.text) referenced from startup_stm32f10x_cl.o(RESET)
 <LI><a href="#[25]">TIM1_BRK_IRQHandler</a> from startup_stm32f10x_cl.o(.text) referenced from startup_stm32f10x_cl.o(RESET)
 <LI><a href="#[28]">TIM1_CC_IRQHandler</a> from startup_stm32f10x_cl.o(.text) referenced from startup_stm32f10x_cl.o(RESET)
 <LI><a href="#[27]">TIM1_TRG_COM_IRQHandler</a> from startup_stm32f10x_cl.o(.text) referenced from startup_stm32f10x_cl.o(RESET)
 <LI><a href="#[26]">TIM1_UP_IRQHandler</a> from startup_stm32f10x_cl.o(.text) referenced from startup_stm32f10x_cl.o(RESET)
 <LI><a href="#[29]">TIM2_IRQHandler</a> from startup_stm32f10x_cl.o(.text) referenced from startup_stm32f10x_cl.o(RESET)
 <LI><a href="#[2a]">TIM3_IRQHandler</a> from startup_stm32f10x_cl.o(.text) referenced from startup_stm32f10x_cl.o(RESET)
 <LI><a href="#[2b]">TIM4_IRQHandler</a> from startup_stm32f10x_cl.o(.text) referenced from startup_stm32f10x_cl.o(RESET)
 <LI><a href="#[38]">TIM5_IRQHandler</a> from startup_stm32f10x_cl.o(.text) referenced from startup_stm32f10x_cl.o(RESET)
 <LI><a href="#[3c]">TIM6_IRQHandler</a> from startup_stm32f10x_cl.o(.text) referenced from startup_stm32f10x_cl.o(RESET)
 <LI><a href="#[3d]">TIM7_IRQHandler</a> from startup_stm32f10x_cl.o(.text) referenced from startup_stm32f10x_cl.o(RESET)
 <LI><a href="#[3a]">UART4_IRQHandler</a> from startup_stm32f10x_cl.o(.text) referenced from startup_stm32f10x_cl.o(RESET)
 <LI><a href="#[3b]">UART5_IRQHandler</a> from startup_stm32f10x_cl.o(.text) referenced from startup_stm32f10x_cl.o(RESET)
 <LI><a href="#[32]">USART1_IRQHandler</a> from stm32f10x_it.o(.text) referenced from startup_stm32f10x_cl.o(RESET)
 <LI><a href="#[33]">USART2_IRQHandler</a> from stm32f10x_it.o(.text) referenced from startup_stm32f10x_cl.o(RESET)
 <LI><a href="#[34]">USART3_IRQHandler</a> from stm32f10x_it.o(.text) referenced from startup_stm32f10x_cl.o(RESET)
 <LI><a href="#[8]">UsageFault_Handler</a> from stm32f10x_it.o(.text) referenced from startup_stm32f10x_cl.o(RESET)
 <LI><a href="#[d]">WWDG_IRQHandler</a> from startup_stm32f10x_cl.o(.text) referenced from startup_stm32f10x_cl.o(RESET)
 <LI><a href="#[d0]">__main</a> from __main.o(!!!main) referenced from startup_stm32f10x_cl.o(.text)
 <LI><a href="#[85]">_get_lc_ctype</a> from lc_ctype_c.o(locale$$code) referenced from rt_ctype_table.o(.text)
 <LI><a href="#[87]">_printf_input_char</a> from _printf_char_common.o(.text) referenced from _printf_char_common.o(.text)
 <LI><a href="#[6c]">accept_function</a> from api_msg.o(.text) referenced from api_msg.o(.text)
 <LI><a href="#[cf]">ad_start</a> from ad7606.o(.text) referenced from ad7606.o(FSymTab)
 <LI><a href="#[73]">arp_timer</a> from tcpip.o(.text) referenced from tcpip.o(.text)
 <LI><a href="#[bd]">cat</a> from dfs_file.o(.text) referenced from dfs_file.o(FSymTab)
 <LI><a href="#[be]">copy</a> from dfs_file.o(.text) referenced from dfs_file.o(FSymTab)
 <LI><a href="#[ba]">df</a> from dfs_fs.o(.text) referenced from dfs_fs.o(FSymTab)
 <LI><a href="#[7c]">dns_recv</a> from dns.o(.text) referenced from dns.o(.text)
 <LI><a href="#[74]">dns_timer</a> from tcpip.o(.text) referenced from tcpip.o(.text)
 <LI><a href="#[5c]">do_bind</a> from api_msg.o(.text) referenced from api_lib.o(.text)
 <LI><a href="#[63]">do_close</a> from api_msg.o(.text) referenced from api_lib.o(.text)
 <LI><a href="#[5d]">do_connect</a> from api_msg.o(.text) referenced from api_lib.o(.text)
 <LI><a href="#[6b]">do_connected</a> from api_msg.o(.text) referenced from api_msg.o(.text)
 <LI><a href="#[5a]">do_delconn</a> from api_msg.o(.text) referenced from api_lib.o(.text)
 <LI><a href="#[5e]">do_disconnect</a> from api_msg.o(.text) referenced from api_lib.o(.text)
 <LI><a href="#[6d]">do_dns_found</a> from api_msg.o(.text) referenced from api_msg.o(.text)
 <LI><a href="#[5b]">do_getaddr</a> from api_msg.o(.text) referenced from api_lib.o(.text)
 <LI><a href="#[64]">do_gethostbyname</a> from api_msg.o(.text) referenced from api_lib.o(.text)
 <LI><a href="#[5f]">do_listen</a> from api_msg.o(.text) referenced from api_lib.o(.text)
 <LI><a href="#[2e9]">do_netifapi_netif_add</a> from netifapi.o(.text) referenced from netifapi.o(.text)
 <LI><a href="#[2ed]">do_netifapi_netif_common</a> from netifapi.o(.text) referenced from netifapi.o(.text)
 <LI><a href="#[2eb]">do_netifapi_netif_set_addr</a> from netifapi.o(.text) referenced from netifapi.o(.text)
 <LI><a href="#[59]">do_newconn</a> from api_msg.o(.text) referenced from api_lib.o(.text)
 <LI><a href="#[60]">do_recv</a> from api_msg.o(.text) referenced from api_lib.o(.text)
 <LI><a href="#[61]">do_send</a> from api_msg.o(.text) referenced from api_lib.o(.text)
 <LI><a href="#[62]">do_write</a> from api_msg.o(.text) referenced from api_lib.o(.text)
 <LI><a href="#[67]">err_tcp</a> from api_msg.o(.text) referenced from api_msg.o(.text)
 <LI><a href="#[38a]">eth_rx_thread_entry</a> from ethernetif.o(.text) referenced from ethernetif.o(.text)
 <LI><a href="#[389]">eth_tx_thread_entry</a> from ethernetif.o(.text) referenced from ethernetif.o(.text)
 <LI><a href="#[80]">etharp_output</a> from etharp.o(.text) referenced from ethernetif.o(.text)
 <LI><a href="#[388]">ethernetif_linkoutput</a> from ethernetif.o(.text) referenced from ethernetif.o(.text)
 <LI><a href="#[6e]">event_callback</a> from sockets.o(.text) referenced 2 times from sockets.o(.text)
 <LI><a href="#[58]">finsh_rx_ind</a> from shell.o(.text) referenced from shell.o(.text)
 <LI><a href="#[29b]">finsh_thread_entry</a> from shell.o(.text) referenced from shell.o(.text)
 <LI><a href="#[86]">fputc</a> from putchar.o(.text) referenced from _printf_char_file.o(.text)
 <LI><a href="#[72]">ip_reass_timer</a> from tcpip.o(.text) referenced from tcpip.o(.text)
 <LI><a href="#[ca]">list</a> from cmd.o(.text) referenced from cmd.o(FSymTab)
 <LI><a href="#[c9]">list_device</a> from cmd.o(.text) referenced from cmd.o(FSymTab)
 <LI><a href="#[c3]">list_event</a> from cmd.o(.text) referenced from cmd.o(FSymTab)
 <LI><a href="#[cd]">list_if</a> from ethernetif.o(.text) referenced from ethernetif.o(FSymTab)
 <LI><a href="#[c5]">list_mailbox</a> from cmd.o(.text) referenced from cmd.o(FSymTab)
 <LI><a href="#[b8]">list_mem</a> from mem.o(.text) referenced from mem.o(FSymTab)
 <LI><a href="#[c7]">list_mempool</a> from cmd.o(.text) referenced from cmd.o(FSymTab)
 <LI><a href="#[c6]">list_msgqueue</a> from cmd.o(.text) referenced from cmd.o(FSymTab)
 <LI><a href="#[c4]">list_mutex</a> from cmd.o(.text) referenced from cmd.o(FSymTab)
 <LI><a href="#[c2]">list_sem</a> from cmd.o(.text) referenced from cmd.o(FSymTab)
 <LI><a href="#[ce]">list_tcps</a> from ethernetif.o(.text) referenced from ethernetif.o(FSymTab)
 <LI><a href="#[c1]">list_thread</a> from cmd.o(.text) referenced from cmd.o(FSymTab)
 <LI><a href="#[c8]">list_timer</a> from cmd.o(.text) referenced from cmd.o(FSymTab)
 <LI><a href="#[bb]">ls</a> from dfs_file.o(.text) referenced from dfs_file.o(FSymTab)
 <LI><a href="#[6f]">lwip_getsockopt_internal</a> from sockets.o(.text) referenced from sockets.o(.text)
 <LI><a href="#[70]">lwip_setsockopt_internal</a> from sockets.o(.text) referenced from sockets.o(.text)
 <LI><a href="#[bf]">mkdir</a> from dfs_posix.o(.text) referenced from dfs_posix.o(FSymTab)
 <LI><a href="#[b9]">mkfs</a> from dfs_fs.o(.text) referenced from dfs_fs.o(FSymTab)
 <LI><a href="#[7b]">mylink_callback</a> from sys_arch_init.o(.text) referenced from sys_arch_init.o(.text)
 <LI><a href="#[79]">netif_device_init</a> from sys_arch_init.o(.text) referenced from sys_arch_init.o(.text)
 <LI><a href="#[82]">netif_set_link_down</a> from netif.o(.text) referenced from ethernetif.o(.text)
 <LI><a href="#[81]">netif_set_link_up</a> from netif.o(.text) referenced from ethernetif.o(.text)
 <LI><a href="#[76]">pbuf_free_int</a> from tcpip.o(.text) referenced from tcpip.o(.text)
 <LI><a href="#[7d]">pbuf_free_ooseq</a> from pbuf.o(.text) referenced from pbuf.o(.text)
 <LI><a href="#[66]">poll_tcp</a> from api_msg.o(.text) referenced from api_msg.o(.text)
 <LI><a href="#[69]">recv_raw</a> from api_msg.o(.text) referenced from api_msg.o(.text)
 <LI><a href="#[68]">recv_tcp</a> from api_msg.o(.text) referenced from api_msg.o(.text)
 <LI><a href="#[6a]">recv_udp</a> from api_msg.o(.text) referenced from api_msg.o(.text)
 <LI><a href="#[bc]">rm</a> from dfs_file.o(.text) referenced from dfs_file.o(FSymTab)
 <LI><a href="#[77]">rt_free</a> from mem.o(.text) referenced from tcpip.o(.text)
 <LI><a href="#[eb]">rt_init_thread_entry</a> from application.o(.text) referenced from application.o(.text)
 <LI><a href="#[4c]">rt_serial_close</a> from serial.o(.text) referenced from serial.o(.text)
 <LI><a href="#[4f]">rt_serial_control</a> from serial.o(.text) referenced from serial.o(.text)
 <LI><a href="#[4a]">rt_serial_init</a> from serial.o(.text) referenced from serial.o(.text)
 <LI><a href="#[4b]">rt_serial_open</a> from serial.o(.text) referenced from serial.o(.text)
 <LI><a href="#[4d]">rt_serial_read</a> from serial.o(.text) referenced from serial.o(.text)
 <LI><a href="#[4e]">rt_serial_write</a> from serial.o(.text) referenced from serial.o(.text)
 <LI><a href="#[52]">rt_stm32_eth_close</a> from stm32_eth.o(.text) referenced from stm32_eth.o(.text)
 <LI><a href="#[55]">rt_stm32_eth_control</a> from stm32_eth.o(.text) referenced from stm32_eth.o(.text)
 <LI><a href="#[50]">rt_stm32_eth_init</a> from stm32_eth.o(.text) referenced from stm32_eth.o(.text)
 <LI><a href="#[51]">rt_stm32_eth_open</a> from stm32_eth.o(.text) referenced from stm32_eth.o(.text)
 <LI><a href="#[53]">rt_stm32_eth_read</a> from stm32_eth.o(.text) referenced from stm32_eth.o(.text)
 <LI><a href="#[175]">rt_stm32_eth_rx</a> from stm32_eth.o(.text) referenced from stm32_eth.o(.text)
 <LI><a href="#[171]">rt_stm32_eth_tx</a> from stm32_eth.o(.text) referenced from stm32_eth.o(.text)
 <LI><a href="#[54]">rt_stm32_eth_write</a> from stm32_eth.o(.text) referenced from stm32_eth.o(.text)
 <LI><a href="#[57]">rt_thread_exit</a> from thread.o(.text) referenced from thread.o(.text)
 <LI><a href="#[56]">rt_thread_idle_entry</a> from idle.o(.text) referenced from idle.o(.text)
 <LI><a href="#[1f2]">rt_thread_timeout</a> from thread.o(.text) referenced from thread.o(.text)
 <LI><a href="#[65]">sent_tcp</a> from api_msg.o(.text) referenced from api_msg.o(.text)
 <LI><a href="#[cc]">set_dns</a> from ethernetif.o(.text) referenced from ethernetif.o(FSymTab)
 <LI><a href="#[cb]">set_if</a> from ethernetif.o(.text) referenced from ethernetif.o(FSymTab)
 <LI><a href="#[7e]">sswt_handler</a> from sys.o(.text) referenced from sys.o(.text)
 <LI><a href="#[7f]">tcp_accept_null</a> from tcp.o(.text) referenced from tcp.o(.text)
 <LI><a href="#[352]">tcp_recv_null</a> from tcp.o(.text) referenced from tcp.o(.text)
 <LI><a href="#[7a]">tcpip_init_done_callback</a> from sys_arch_init.o(.text) referenced from sys_arch_init.o(.text)
 <LI><a href="#[78]">tcpip_input</a> from tcpip.o(.text) referenced from sys_arch_init.o(.text)
 <LI><a href="#[71]">tcpip_tcp_timer</a> from tcpip.o(.text) referenced from tcpip.o(.text)
 <LI><a href="#[75]">tcpip_thread</a> from tcpip.o(.text) referenced from tcpip.o(.text)
 <LI><a href="#[c0]">version</a> from cmd.o(.text) referenced from cmd.o(FSymTab)
</UL>
<P>
<H3>
Global Symbols
</H3>
<P><STRONG><a name="[d0]"></a>__main</STRONG> (Thumb, 8 bytes, Stack size 0 bytes, __main.o(!!!main))
<BR><BR>[Calls]<UL><LI><a href="#[d1]">&gt;&gt;</a>&nbsp;&nbsp;&nbsp;__scatterload
<LI><a href="#[d2]">&gt;&gt;</a>&nbsp;&nbsp;&nbsp;__rt_entry
</UL>

<P><STRONG><a name="[d1]"></a>__scatterload</STRONG> (Thumb, 0 bytes, Stack size unknown bytes, __scatter.o(!!!scatter))
<BR><BR>[Called By]<UL><LI><a href="#[d0]">&gt;&gt;</a>&nbsp;&nbsp;&nbsp;__main
</UL>

<P><STRONG><a name="[d3]"></a>__scatterload_rt2</STRONG> (Thumb, 44 bytes, Stack size unknown bytes, __scatter.o(!!!scatter), UNUSED)
<BR><BR>[Calls]<UL><LI><a href="#[d2]">&gt;&gt;</a>&nbsp;&nbsp;&nbsp;__rt_entry
</UL>

<P><STRONG><a name="[423]"></a>__scatterload_rt2_thumb_only</STRONG> (Thumb, 0 bytes, Stack size unknown bytes, __scatter.o(!!!scatter), UNUSED)

<P><STRONG><a name="[424]"></a>__scatterload_null</STRONG> (Thumb, 0 bytes, Stack size unknown bytes, __scatter.o(!!!scatter), UNUSED)

<P><STRONG><a name="[425]"></a>__decompress</STRONG> (Thumb, 90 bytes, Stack size unknown bytes, __dczerorl2.o(!!dczerorl2), UNUSED)

<P><STRONG><a name="[426]"></a>__decompress1</STRONG> (Thumb, 0 bytes, Stack size unknown bytes, __dczerorl2.o(!!dczerorl2), UNUSED)

<P><STRONG><a name="[427]"></a>__scatterload_zeroinit</STRONG> (Thumb, 28 bytes, Stack size unknown bytes, __scatter_zi.o(!!handler_zi), UNUSED)

<P><STRONG><a name="[d4]"></a>_printf_f</STRONG> (Thumb, 0 bytes, Stack size unknown bytes, _printf_f.o(.ARM.Collect$$_printf_percent$$00000003))
<BR><BR>[Stack]<UL><LI>Max Depth = 320 + Unknown Stack Size
<LI>Call Chain = _printf_f &rArr; _printf_fp_dec &rArr; _printf_fp_dec_real &rArr; _fp_digits &rArr; _btod_etento &rArr; _btod_emul &rArr; _e2e
</UL>
<BR>[Calls]<UL><LI><a href="#[d5]">&gt;&gt;</a>&nbsp;&nbsp;&nbsp;_printf_fp_dec
</UL>

<P><STRONG><a name="[401]"></a>_printf_percent</STRONG> (Thumb, 0 bytes, Stack size unknown bytes, _printf_percent.o(.ARM.Collect$$_printf_percent$$00000000))
<BR><BR>[Called By]<UL><LI><a href="#[3ff]">&gt;&gt;</a>&nbsp;&nbsp;&nbsp;__printf
</UL>

<P><STRONG><a name="[d6]"></a>_printf_d</STRONG> (Thumb, 0 bytes, Stack size unknown bytes, _printf_d.o(.ARM.Collect$$_printf_percent$$00000009))
<BR><BR>[Stack]<UL><LI>Max Depth = 72 + Unknown Stack Size
<LI>Call Chain = _printf_d &rArr; _printf_int_dec &rArr; _printf_int_common &rArr; _printf_post_padding
</UL>
<BR>[Calls]<UL><LI><a href="#[d7]">&gt;&gt;</a>&nbsp;&nbsp;&nbsp;_printf_int_dec
</UL>

<P><STRONG><a name="[d8]"></a>_printf_x</STRONG> (Thumb, 0 bytes, Stack size unknown bytes, _printf_x.o(.ARM.Collect$$_printf_percent$$0000000C))
<BR><BR>[Stack]<UL><LI>Max Depth = 64 + Unknown Stack Size
<LI>Call Chain = _printf_x &rArr; _printf_int_hex &rArr; _printf_int_common &rArr; _printf_post_padding
</UL>
<BR>[Calls]<UL><LI><a href="#[d9]">&gt;&gt;</a>&nbsp;&nbsp;&nbsp;_printf_int_hex
</UL>

<P><STRONG><a name="[428]"></a>_printf_percent_end</STRONG> (Thumb, 0 bytes, Stack size unknown bytes, _printf_percent_end.o(.ARM.Collect$$_printf_percent$$00000017))

<P><STRONG><a name="[da]"></a>__rt_lib_init</STRONG> (Thumb, 0 bytes, Stack size unknown bytes, libinit.o(.ARM.Collect$$libinit$$00000000))
<BR><BR>[Stack]<UL><LI>Max Depth = 8 + Unknown Stack Size
<LI>Call Chain = __rt_lib_init &rArr; _fp_init
</UL>
<BR>[Calls]<UL><LI><a href="#[db]">&gt;&gt;</a>&nbsp;&nbsp;&nbsp;_fp_init
</UL>
<BR>[Called By]<UL><LI><a href="#[e3]">&gt;&gt;</a>&nbsp;&nbsp;&nbsp;__rt_entry_li
</UL>

<P><STRONG><a name="[429]"></a>__rt_lib_init_heap_1</STRONG> (Thumb, 0 bytes, Stack size unknown bytes, libinit2.o(.ARM.Collect$$libinit$$00000006))

<P><STRONG><a name="[dc]"></a>__rt_lib_init_lc_common</STRONG> (Thumb, 0 bytes, Stack size unknown bytes, libinit2.o(.ARM.Collect$$libinit$$0000000B))
<BR><BR>[Calls]<UL><LI><a href="#[dd]">&gt;&gt;</a>&nbsp;&nbsp;&nbsp;__rt_locale
</UL>

<P><STRONG><a name="[42a]"></a>__rt_lib_init_rand_1</STRONG> (Thumb, 0 bytes, Stack size unknown bytes, libinit2.o(.ARM.Collect$$libinit$$0000000A))

<P><STRONG><a name="[42b]"></a>__rt_lib_init_user_alloc_1</STRONG> (Thumb, 0 bytes, Stack size unknown bytes, libinit2.o(.ARM.Collect$$libinit$$00000008))

<P><STRONG><a name="[42c]"></a>__rt_lib_init_lc_collate_1</STRONG> (Thumb, 0 bytes, Stack size unknown bytes, libinit2.o(.ARM.Collect$$libinit$$0000000D))

<P><STRONG><a name="[de]"></a>__rt_lib_init_lc_ctype_2</STRONG> (Thumb, 0 bytes, Stack size unknown bytes, libinit2.o(.ARM.Collect$$libinit$$0000000E))
<BR><BR>[Stack]<UL><LI>Max Depth = 8 + Unknown Stack Size
<LI>Call Chain = __rt_lib_init_lc_ctype_2 &rArr; _get_lc_ctype
</UL>
<BR>[Calls]<UL><LI><a href="#[85]">&gt;&gt;</a>&nbsp;&nbsp;&nbsp;_get_lc_ctype
</UL>

<P><STRONG><a name="[42d]"></a>__rt_lib_init_lc_ctype_1</STRONG> (Thumb, 0 bytes, Stack size unknown bytes, libinit2.o(.ARM.Collect$$libinit$$0000000F))

<P><STRONG><a name="[42e]"></a>__rt_lib_init_lc_monetary_1</STRONG> (Thumb, 0 bytes, Stack size unknown bytes, libinit2.o(.ARM.Collect$$libinit$$00000011))

<P><STRONG><a name="[df]"></a>__rt_lib_init_lc_numeric_2</STRONG> (Thumb, 0 bytes, Stack size unknown bytes, libinit2.o(.ARM.Collect$$libinit$$00000012))
<BR><BR>[Stack]<UL><LI>Max Depth = 8 + Unknown Stack Size
<LI>Call Chain = __rt_lib_init_lc_numeric_2 &rArr; _get_lc_numeric
</UL>
<BR>[Calls]<UL><LI><a href="#[e0]">&gt;&gt;</a>&nbsp;&nbsp;&nbsp;_get_lc_numeric
</UL>

<P><STRONG><a name="[42f]"></a>__rt_lib_init_alloca_1</STRONG> (Thumb, 0 bytes, Stack size unknown bytes, libinit2.o(.ARM.Collect$$libinit$$0000002A))

<P><STRONG><a name="[430]"></a>__rt_lib_init_argv_1</STRONG> (Thumb, 0 bytes, Stack size unknown bytes, libinit2.o(.ARM.Collect$$libinit$$00000028))

<P><STRONG><a name="[431]"></a>__rt_lib_init_atexit_1</STRONG> (Thumb, 0 bytes, Stack size unknown bytes, libinit2.o(.ARM.Collect$$libinit$$00000017))

<P><STRONG><a name="[432]"></a>__rt_lib_init_clock_1</STRONG> (Thumb, 0 bytes, Stack size unknown bytes, libinit2.o(.ARM.Collect$$libinit$$0000001D))

<P><STRONG><a name="[433]"></a>__rt_lib_init_cpp_1</STRONG> (Thumb, 0 bytes, Stack size unknown bytes, libinit2.o(.ARM.Collect$$libinit$$0000002E))

<P><STRONG><a name="[434]"></a>__rt_lib_init_exceptions_1</STRONG> (Thumb, 0 bytes, Stack size unknown bytes, libinit2.o(.ARM.Collect$$libinit$$0000002C))

<P><STRONG><a name="[435]"></a>__rt_lib_init_fp_trap_1</STRONG> (Thumb, 0 bytes, Stack size unknown bytes, libinit2.o(.ARM.Collect$$libinit$$0000001B))

<P><STRONG><a name="[436]"></a>__rt_lib_init_getenv_1</STRONG> (Thumb, 0 bytes, Stack size unknown bytes, libinit2.o(.ARM.Collect$$libinit$$0000001F))

<P><STRONG><a name="[437]"></a>__rt_lib_init_lc_numeric_1</STRONG> (Thumb, 0 bytes, Stack size unknown bytes, libinit2.o(.ARM.Collect$$libinit$$00000013))

<P><STRONG><a name="[438]"></a>__rt_lib_init_lc_time_1</STRONG> (Thumb, 0 bytes, Stack size unknown bytes, libinit2.o(.ARM.Collect$$libinit$$00000015))

<P><STRONG><a name="[439]"></a>__rt_lib_init_return</STRONG> (Thumb, 0 bytes, Stack size unknown bytes, libinit2.o(.ARM.Collect$$libinit$$0000002F))

<P><STRONG><a name="[43a]"></a>__rt_lib_init_signal_1</STRONG> (Thumb, 0 bytes, Stack size unknown bytes, libinit2.o(.ARM.Collect$$libinit$$00000019))

<P><STRONG><a name="[43b]"></a>__rt_lib_init_stdio_1</STRONG> (Thumb, 0 bytes, Stack size unknown bytes, libinit2.o(.ARM.Collect$$libinit$$00000021))

<P><STRONG><a name="[e8]"></a>__rt_lib_shutdown</STRONG> (Thumb, 0 bytes, Stack size unknown bytes, libshutdown.o(.ARM.Collect$$libshutdown$$00000000))
<BR><BR>[Called By]<UL><LI><a href="#[e7]">&gt;&gt;</a>&nbsp;&nbsp;&nbsp;__rt_exit_ls
</UL>

<P><STRONG><a name="[43c]"></a>__rt_lib_shutdown_fp_trap_1</STRONG> (Thumb, 0 bytes, Stack size unknown bytes, libshutdown2.o(.ARM.Collect$$libshutdown$$00000006))

<P><STRONG><a name="[43d]"></a>__rt_lib_shutdown_heap_1</STRONG> (Thumb, 0 bytes, Stack size unknown bytes, libshutdown2.o(.ARM.Collect$$libshutdown$$0000000E))

<P><STRONG><a name="[43e]"></a>__rt_lib_shutdown_return</STRONG> (Thumb, 0 bytes, Stack size unknown bytes, libshutdown2.o(.ARM.Collect$$libshutdown$$0000000F))

<P><STRONG><a name="[43f]"></a>__rt_lib_shutdown_signal_1</STRONG> (Thumb, 0 bytes, Stack size unknown bytes, libshutdown2.o(.ARM.Collect$$libshutdown$$00000009))

<P><STRONG><a name="[440]"></a>__rt_lib_shutdown_stdio_1</STRONG> (Thumb, 0 bytes, Stack size unknown bytes, libshutdown2.o(.ARM.Collect$$libshutdown$$00000003))

<P><STRONG><a name="[441]"></a>__rt_lib_shutdown_user_alloc_1</STRONG> (Thumb, 0 bytes, Stack size unknown bytes, libshutdown2.o(.ARM.Collect$$libshutdown$$0000000B))

<P><STRONG><a name="[d2]"></a>__rt_entry</STRONG> (Thumb, 0 bytes, Stack size unknown bytes, rtentry.o(.ARM.Collect$$rtentry$$00000000))
<BR><BR>[Called By]<UL><LI><a href="#[d3]">&gt;&gt;</a>&nbsp;&nbsp;&nbsp;__scatterload_rt2
<LI><a href="#[d0]">&gt;&gt;</a>&nbsp;&nbsp;&nbsp;__main
</UL>

<P><STRONG><a name="[442]"></a>__rt_entry_presh_1</STRONG> (Thumb, 0 bytes, Stack size unknown bytes, rtentry2.o(.ARM.Collect$$rtentry$$00000002))

<P><STRONG><a name="[e1]"></a>__rt_entry_sh</STRONG> (Thumb, 0 bytes, Stack size unknown bytes, rtentry4.o(.ARM.Collect$$rtentry$$00000004))
<BR><BR>[Stack]<UL><LI>Max Depth = 8 + Unknown Stack Size
<LI>Call Chain = __rt_entry_sh &rArr; __user_setup_stackheap
</UL>
<BR>[Calls]<UL><LI><a href="#[e2]">&gt;&gt;</a>&nbsp;&nbsp;&nbsp;__user_setup_stackheap
</UL>

<P><STRONG><a name="[e3]"></a>__rt_entry_li</STRONG> (Thumb, 0 bytes, Stack size unknown bytes, rtentry2.o(.ARM.Collect$$rtentry$$0000000A))
<BR><BR>[Stack]<UL><LI>Max Depth = 8 + Unknown Stack Size
<LI>Call Chain = __rt_entry_li &rArr; __rt_lib_init &rArr; _fp_init
</UL>
<BR>[Calls]<UL><LI><a href="#[da]">&gt;&gt;</a>&nbsp;&nbsp;&nbsp;__rt_lib_init
</UL>

<P><STRONG><a name="[443]"></a>__rt_entry_postsh_1</STRONG> (Thumb, 0 bytes, Stack size unknown bytes, rtentry2.o(.ARM.Collect$$rtentry$$00000009))

<P><STRONG><a name="[e4]"></a>__rt_entry_main</STRONG> (Thumb, 0 bytes, Stack size unknown bytes, rtentry2.o(.ARM.Collect$$rtentry$$0000000D))
<BR><BR>[Stack]<UL><LI>Max Depth = 428 + Unknown Stack Size
<LI>Call Chain = __rt_entry_main &rArr; main &rArr; rtthread_startup &rArr; rt_application_init &rArr; rt_thread_create &rArr; rt_object_allocate &rArr; rt_malloc &rArr; rt_sem_take &rArr; rt_schedule &rArr; _rt_scheduler_stack_check &rArr; list_thread &rArr; _list_thread &rArr; rt_kprintf &rArr; vsnprintf &rArr; print_number
</UL>
<BR>[Calls]<UL><LI><a href="#[e5]">&gt;&gt;</a>&nbsp;&nbsp;&nbsp;main
<LI><a href="#[e6]">&gt;&gt;</a>&nbsp;&nbsp;&nbsp;exit
</UL>

<P><STRONG><a name="[444]"></a>__rt_entry_postli_1</STRONG> (Thumb, 0 bytes, Stack size unknown bytes, rtentry2.o(.ARM.Collect$$rtentry$$0000000C))

<P><STRONG><a name="[418]"></a>__rt_exit</STRONG> (Thumb, 0 bytes, Stack size unknown bytes, rtexit.o(.ARM.Collect$$rtexit$$00000000))
<BR><BR>[Called By]<UL><LI><a href="#[e6]">&gt;&gt;</a>&nbsp;&nbsp;&nbsp;exit
</UL>

<P><STRONG><a name="[e7]"></a>__rt_exit_ls</STRONG> (Thumb, 0 bytes, Stack size unknown bytes, rtexit2.o(.ARM.Collect$$rtexit$$00000003))
<BR><BR>[Calls]<UL><LI><a href="#[e8]">&gt;&gt;</a>&nbsp;&nbsp;&nbsp;__rt_lib_shutdown
</UL>

<P><STRONG><a name="[445]"></a>__rt_exit_prels_1</STRONG> (Thumb, 0 bytes, Stack size unknown bytes, rtexit2.o(.ARM.Collect$$rtexit$$00000002))

<P><STRONG><a name="[e9]"></a>__rt_exit_exit</STRONG> (Thumb, 0 bytes, Stack size unknown bytes, rtexit2.o(.ARM.Collect$$rtexit$$00000004))
<BR><BR>[Calls]<UL><LI><a href="#[ea]">&gt;&gt;</a>&nbsp;&nbsp;&nbsp;_sys_exit
</UL>

<P><STRONG><a name="[eb]"></a>rt_init_thread_entry</STRONG> (Thumb, 28 bytes, Stack size 8 bytes, application.o(.text))
<BR><BR>[Stack]<UL><LI>Max Depth = 564<LI>Call Chain = rt_init_thread_entry &rArr; lwip_sys_init &rArr; lwip_system_init &rArr; netifapi_netif_set_addr &rArr; tcpip_netifapi &rArr; sys_sem_new &rArr; rt_sem_create &rArr; rt_object_allocate &rArr; rt_malloc &rArr; rt_sem_take &rArr; rt_schedule &rArr; _rt_scheduler_stack_check &rArr; list_thread &rArr; _list_thread &rArr; rt_kprintf &rArr; vsnprintf &rArr; print_number
</UL>
<BR>[Calls]<UL><LI><a href="#[f0]">&gt;&gt;</a>&nbsp;&nbsp;&nbsp;rt_kprintf
<LI><a href="#[ed]">&gt;&gt;</a>&nbsp;&nbsp;&nbsp;rt_hw_stm32_eth_init
<LI><a href="#[ee]">&gt;&gt;</a>&nbsp;&nbsp;&nbsp;rt_device_init_all
<LI><a href="#[ef]">&gt;&gt;</a>&nbsp;&nbsp;&nbsp;lwip_sys_init
<LI><a href="#[ec]">&gt;&gt;</a>&nbsp;&nbsp;&nbsp;eth_system_device_init
</UL>
<BR>[Address Reference Count : 1]<UL><LI> application.o(.text)
</UL>
<P><STRONG><a name="[f1]"></a>rt_application_init</STRONG> (Thumb, 38 bytes, Stack size 16 bytes, application.o(.text))
<BR><BR>[Stack]<UL><LI>Max Depth = 412<LI>Call Chain = rt_application_init &rArr; rt_thread_create &rArr; rt_object_allocate &rArr; rt_malloc &rArr; rt_sem_take &rArr; rt_schedule &rArr; _rt_scheduler_stack_check &rArr; list_thread &rArr; _list_thread &rArr; rt_kprintf &rArr; vsnprintf &rArr; print_number
</UL>
<BR>[Calls]<UL><LI><a href="#[f3]">&gt;&gt;</a>&nbsp;&nbsp;&nbsp;rt_thread_startup
<LI><a href="#[f2]">&gt;&gt;</a>&nbsp;&nbsp;&nbsp;rt_thread_create
</UL>
<BR>[Called By]<UL><LI><a href="#[f5]">&gt;&gt;</a>&nbsp;&nbsp;&nbsp;rtthread_startup
</UL>

<P><STRONG><a name="[f4]"></a>assert_failed</STRONG> (Thumb, 30 bytes, Stack size 0 bytes, startup.o(.text))
<BR><BR>[Stack]<UL><LI>Max Depth = 164<LI>Call Chain = assert_failed &rArr; rt_kprintf &rArr; vsnprintf &rArr; print_number
</UL>
<BR>[Calls]<UL><LI><a href="#[f0]">&gt;&gt;</a>&nbsp;&nbsp;&nbsp;rt_kprintf
</UL>
<BR>[Called By]<UL><LI><a href="#[3b5]">&gt;&gt;</a>&nbsp;&nbsp;&nbsp;SPI_Init
<LI><a href="#[3bb]">&gt;&gt;</a>&nbsp;&nbsp;&nbsp;SPI_I2S_SendData
<LI><a href="#[3bc]">&gt;&gt;</a>&nbsp;&nbsp;&nbsp;SPI_I2S_ReceiveData
<LI><a href="#[3c5]">&gt;&gt;</a>&nbsp;&nbsp;&nbsp;SPI_I2S_GetFlagStatus
<LI><a href="#[3b7]">&gt;&gt;</a>&nbsp;&nbsp;&nbsp;SPI_Cmd
<LI><a href="#[3cf]">&gt;&gt;</a>&nbsp;&nbsp;&nbsp;GPIO_SetBits
<LI><a href="#[3d0]">&gt;&gt;</a>&nbsp;&nbsp;&nbsp;GPIO_ResetBits
<LI><a href="#[17c]">&gt;&gt;</a>&nbsp;&nbsp;&nbsp;RCC_PLL3Config
<LI><a href="#[17d]">&gt;&gt;</a>&nbsp;&nbsp;&nbsp;RCC_PLL3Cmd
<LI><a href="#[17f]">&gt;&gt;</a>&nbsp;&nbsp;&nbsp;RCC_MCOConfig
<LI><a href="#[17e]">&gt;&gt;</a>&nbsp;&nbsp;&nbsp;RCC_GetFlagStatus
<LI><a href="#[12b]">&gt;&gt;</a>&nbsp;&nbsp;&nbsp;RCC_AHBPeriphResetCmd
<LI><a href="#[178]">&gt;&gt;</a>&nbsp;&nbsp;&nbsp;RCC_AHBPeriphClockCmd
<LI><a href="#[17b]">&gt;&gt;</a>&nbsp;&nbsp;&nbsp;GPIO_ETH_MediaInterfaceConfig
<LI><a href="#[166]">&gt;&gt;</a>&nbsp;&nbsp;&nbsp;ETH_GetPTPRegister
<LI><a href="#[165]">&gt;&gt;</a>&nbsp;&nbsp;&nbsp;ETH_SetPTPTimeStampUpdate
<LI><a href="#[164]">&gt;&gt;</a>&nbsp;&nbsp;&nbsp;ETH_SetPTPSubSecondIncrement
<LI><a href="#[163]">&gt;&gt;</a>&nbsp;&nbsp;&nbsp;ETH_GetPTPFlagStatus
<LI><a href="#[162]">&gt;&gt;</a>&nbsp;&nbsp;&nbsp;ETH_PTPTimeStampCmd
<LI><a href="#[161]">&gt;&gt;</a>&nbsp;&nbsp;&nbsp;ETH_PTPUpdateMethodConfig
<LI><a href="#[160]">&gt;&gt;</a>&nbsp;&nbsp;&nbsp;ETH_GetMMCRegister
<LI><a href="#[15f]">&gt;&gt;</a>&nbsp;&nbsp;&nbsp;ETH_GetMMCITStatus
<LI><a href="#[15e]">&gt;&gt;</a>&nbsp;&nbsp;&nbsp;ETH_MMCITConfig
<LI><a href="#[15d]">&gt;&gt;</a>&nbsp;&nbsp;&nbsp;ETH_MMCCounterRolloverCmd
<LI><a href="#[15c]">&gt;&gt;</a>&nbsp;&nbsp;&nbsp;ETH_MMCResetOnReadCmd
<LI><a href="#[15b]">&gt;&gt;</a>&nbsp;&nbsp;&nbsp;ETH_MMCCounterFreezeCmd
<LI><a href="#[15a]">&gt;&gt;</a>&nbsp;&nbsp;&nbsp;ETH_PowerDownCmd
<LI><a href="#[159]">&gt;&gt;</a>&nbsp;&nbsp;&nbsp;ETH_MagicPacketDetectionCmd
<LI><a href="#[158]">&gt;&gt;</a>&nbsp;&nbsp;&nbsp;ETH_WakeUpFrameDetectionCmd
<LI><a href="#[157]">&gt;&gt;</a>&nbsp;&nbsp;&nbsp;ETH_GetPMTFlagStatus
<LI><a href="#[156]">&gt;&gt;</a>&nbsp;&nbsp;&nbsp;ETH_GlobalUnicastWakeUpCmd
<LI><a href="#[155]">&gt;&gt;</a>&nbsp;&nbsp;&nbsp;ETH_GetDMAOverflowStatus
<LI><a href="#[154]">&gt;&gt;</a>&nbsp;&nbsp;&nbsp;ETH_DMAITConfig
<LI><a href="#[153]">&gt;&gt;</a>&nbsp;&nbsp;&nbsp;ETH_DMAClearITPendingBit
<LI><a href="#[152]">&gt;&gt;</a>&nbsp;&nbsp;&nbsp;ETH_GetDMAITStatus
<LI><a href="#[151]">&gt;&gt;</a>&nbsp;&nbsp;&nbsp;ETH_DMAClearFlag
<LI><a href="#[150]">&gt;&gt;</a>&nbsp;&nbsp;&nbsp;ETH_GetDMAFlagStatus
<LI><a href="#[14f]">&gt;&gt;</a>&nbsp;&nbsp;&nbsp;ETH_GetDMARxDescBufferSize
<LI><a href="#[14e]">&gt;&gt;</a>&nbsp;&nbsp;&nbsp;ETH_DMARxDescSecondAddressChainedCmd
<LI><a href="#[14d]">&gt;&gt;</a>&nbsp;&nbsp;&nbsp;ETH_DMARxDescEndOfRingCmd
<LI><a href="#[14c]">&gt;&gt;</a>&nbsp;&nbsp;&nbsp;ETH_DMARxDescReceiveITConfig
<LI><a href="#[14b]">&gt;&gt;</a>&nbsp;&nbsp;&nbsp;ETH_GetDMARxDescFlagStatus
<LI><a href="#[14a]">&gt;&gt;</a>&nbsp;&nbsp;&nbsp;ETH_DMATxDescBufferSizeConfig
<LI><a href="#[149]">&gt;&gt;</a>&nbsp;&nbsp;&nbsp;ETH_DMATxDescTimeStampCmd
<LI><a href="#[148]">&gt;&gt;</a>&nbsp;&nbsp;&nbsp;ETH_DMATxDescShortFramePaddingCmd
<LI><a href="#[147]">&gt;&gt;</a>&nbsp;&nbsp;&nbsp;ETH_DMATxDescSecondAddressChainedCmd
<LI><a href="#[146]">&gt;&gt;</a>&nbsp;&nbsp;&nbsp;ETH_DMATxDescEndOfRingCmd
<LI><a href="#[145]">&gt;&gt;</a>&nbsp;&nbsp;&nbsp;ETH_DMATxDescCRCCmd
<LI><a href="#[144]">&gt;&gt;</a>&nbsp;&nbsp;&nbsp;ETH_DMATxDescChecksumInsertionConfig
<LI><a href="#[143]">&gt;&gt;</a>&nbsp;&nbsp;&nbsp;ETH_DMATxDescFrameSegmentConfig
<LI><a href="#[142]">&gt;&gt;</a>&nbsp;&nbsp;&nbsp;ETH_DMATxDescTransmitITConfig
<LI><a href="#[141]">&gt;&gt;</a>&nbsp;&nbsp;&nbsp;ETH_GetDMATxDescFlagStatus
<LI><a href="#[140]">&gt;&gt;</a>&nbsp;&nbsp;&nbsp;ETH_MACAddressMaskBytesFilterConfig
<LI><a href="#[13f]">&gt;&gt;</a>&nbsp;&nbsp;&nbsp;ETH_MACAddressFilterConfig
<LI><a href="#[13e]">&gt;&gt;</a>&nbsp;&nbsp;&nbsp;ETH_MACAddressPerfectFilterCmd
<LI><a href="#[13d]">&gt;&gt;</a>&nbsp;&nbsp;&nbsp;ETH_GetMACAddress
<LI><a href="#[13c]">&gt;&gt;</a>&nbsp;&nbsp;&nbsp;ETH_MACAddressConfig
<LI><a href="#[13b]">&gt;&gt;</a>&nbsp;&nbsp;&nbsp;ETH_MACITConfig
<LI><a href="#[13a]">&gt;&gt;</a>&nbsp;&nbsp;&nbsp;ETH_GetMACITStatus
<LI><a href="#[139]">&gt;&gt;</a>&nbsp;&nbsp;&nbsp;ETH_GetMACFlagStatus
<LI><a href="#[138]">&gt;&gt;</a>&nbsp;&nbsp;&nbsp;ETH_BackPressureActivationCmd
<LI><a href="#[137]">&gt;&gt;</a>&nbsp;&nbsp;&nbsp;ETH_PHYLoopBackCmd
<LI><a href="#[136]">&gt;&gt;</a>&nbsp;&nbsp;&nbsp;ETH_WritePHYRegister
<LI><a href="#[135]">&gt;&gt;</a>&nbsp;&nbsp;&nbsp;ETH_ReadPHYRegister
<LI><a href="#[130]">&gt;&gt;</a>&nbsp;&nbsp;&nbsp;ETH_MACTransmissionCmd
<LI><a href="#[12f]">&gt;&gt;</a>&nbsp;&nbsp;&nbsp;ETH_MACReceptionCmd
<LI><a href="#[12e]">&gt;&gt;</a>&nbsp;&nbsp;&nbsp;ETH_DMATransmissionCmd
<LI><a href="#[12d]">&gt;&gt;</a>&nbsp;&nbsp;&nbsp;ETH_DMAReceptionCmd
<LI><a href="#[12c]">&gt;&gt;</a>&nbsp;&nbsp;&nbsp;ETH_Init
<LI><a href="#[126]">&gt;&gt;</a>&nbsp;&nbsp;&nbsp;USART_GetITStatus
<LI><a href="#[11f]">&gt;&gt;</a>&nbsp;&nbsp;&nbsp;USART_Cmd
<LI><a href="#[127]">&gt;&gt;</a>&nbsp;&nbsp;&nbsp;USART_ClearITPendingBit
<LI><a href="#[123]">&gt;&gt;</a>&nbsp;&nbsp;&nbsp;DMA_Cmd
<LI><a href="#[119]">&gt;&gt;</a>&nbsp;&nbsp;&nbsp;USART_Init
<LI><a href="#[11c]">&gt;&gt;</a>&nbsp;&nbsp;&nbsp;USART_ITConfig
<LI><a href="#[11a]">&gt;&gt;</a>&nbsp;&nbsp;&nbsp;USART_ClockInit
<LI><a href="#[111]">&gt;&gt;</a>&nbsp;&nbsp;&nbsp;RCC_APB2PeriphClockCmd
<LI><a href="#[113]">&gt;&gt;</a>&nbsp;&nbsp;&nbsp;RCC_APB1PeriphClockCmd
<LI><a href="#[117]">&gt;&gt;</a>&nbsp;&nbsp;&nbsp;NVIC_Init
<LI><a href="#[112]">&gt;&gt;</a>&nbsp;&nbsp;&nbsp;GPIO_PinRemapConfig
<LI><a href="#[115]">&gt;&gt;</a>&nbsp;&nbsp;&nbsp;GPIO_Init
<LI><a href="#[108]">&gt;&gt;</a>&nbsp;&nbsp;&nbsp;SysTick_CLKSourceConfig
<LI><a href="#[105]">&gt;&gt;</a>&nbsp;&nbsp;&nbsp;NVIC_SetVectorTable
<LI><a href="#[3b3]">&gt;&gt;</a>&nbsp;&nbsp;&nbsp;EXTI_ClearITPendingBit
<LI><a href="#[3b2]">&gt;&gt;</a>&nbsp;&nbsp;&nbsp;EXTI_GetITStatus
<LI><a href="#[3b1]">&gt;&gt;</a>&nbsp;&nbsp;&nbsp;EXTI_ClearFlag
<LI><a href="#[3b0]">&gt;&gt;</a>&nbsp;&nbsp;&nbsp;EXTI_GetFlagStatus
<LI><a href="#[3af]">&gt;&gt;</a>&nbsp;&nbsp;&nbsp;EXTI_GenerateSWInterrupt
<LI><a href="#[3ae]">&gt;&gt;</a>&nbsp;&nbsp;&nbsp;EXTI_Init
<LI><a href="#[3ad]">&gt;&gt;</a>&nbsp;&nbsp;&nbsp;RCC_ClearITPendingBit
<LI><a href="#[3ac]">&gt;&gt;</a>&nbsp;&nbsp;&nbsp;RCC_GetITStatus
<LI><a href="#[3ab]">&gt;&gt;</a>&nbsp;&nbsp;&nbsp;RCC_ClockSecuritySystemCmd
<LI><a href="#[3aa]">&gt;&gt;</a>&nbsp;&nbsp;&nbsp;RCC_BackupResetCmd
<LI><a href="#[3a9]">&gt;&gt;</a>&nbsp;&nbsp;&nbsp;RCC_APB1PeriphResetCmd
<LI><a href="#[3a8]">&gt;&gt;</a>&nbsp;&nbsp;&nbsp;RCC_APB2PeriphResetCmd
<LI><a href="#[3a7]">&gt;&gt;</a>&nbsp;&nbsp;&nbsp;RCC_RTCCLKCmd
<LI><a href="#[3a6]">&gt;&gt;</a>&nbsp;&nbsp;&nbsp;RCC_RTCCLKConfig
<LI><a href="#[3a5]">&gt;&gt;</a>&nbsp;&nbsp;&nbsp;RCC_LSICmd
<LI><a href="#[3a4]">&gt;&gt;</a>&nbsp;&nbsp;&nbsp;RCC_LSEConfig
<LI><a href="#[3a3]">&gt;&gt;</a>&nbsp;&nbsp;&nbsp;RCC_I2S3CLKConfig
<LI><a href="#[3a2]">&gt;&gt;</a>&nbsp;&nbsp;&nbsp;RCC_I2S2CLKConfig
<LI><a href="#[3a1]">&gt;&gt;</a>&nbsp;&nbsp;&nbsp;RCC_ADCCLKConfig
<LI><a href="#[3a0]">&gt;&gt;</a>&nbsp;&nbsp;&nbsp;RCC_OTGFSCLKConfig
<LI><a href="#[39f]">&gt;&gt;</a>&nbsp;&nbsp;&nbsp;RCC_ITConfig
<LI><a href="#[39e]">&gt;&gt;</a>&nbsp;&nbsp;&nbsp;RCC_PCLK2Config
<LI><a href="#[39d]">&gt;&gt;</a>&nbsp;&nbsp;&nbsp;RCC_PCLK1Config
<LI><a href="#[39c]">&gt;&gt;</a>&nbsp;&nbsp;&nbsp;RCC_HCLKConfig
<LI><a href="#[39b]">&gt;&gt;</a>&nbsp;&nbsp;&nbsp;RCC_SYSCLKConfig
<LI><a href="#[39a]">&gt;&gt;</a>&nbsp;&nbsp;&nbsp;RCC_PLL2Cmd
<LI><a href="#[399]">&gt;&gt;</a>&nbsp;&nbsp;&nbsp;RCC_PLL2Config
<LI><a href="#[398]">&gt;&gt;</a>&nbsp;&nbsp;&nbsp;RCC_PREDIV2Config
<LI><a href="#[397]">&gt;&gt;</a>&nbsp;&nbsp;&nbsp;RCC_PREDIV1Config
<LI><a href="#[396]">&gt;&gt;</a>&nbsp;&nbsp;&nbsp;RCC_PLLCmd
<LI><a href="#[395]">&gt;&gt;</a>&nbsp;&nbsp;&nbsp;RCC_PLLConfig
<LI><a href="#[394]">&gt;&gt;</a>&nbsp;&nbsp;&nbsp;RCC_HSICmd
<LI><a href="#[393]">&gt;&gt;</a>&nbsp;&nbsp;&nbsp;RCC_AdjustHSICalibrationValue
<LI><a href="#[391]">&gt;&gt;</a>&nbsp;&nbsp;&nbsp;RCC_HSEConfig
<LI><a href="#[3f6]">&gt;&gt;</a>&nbsp;&nbsp;&nbsp;NVIC_SystemLPConfig
<LI><a href="#[3f5]">&gt;&gt;</a>&nbsp;&nbsp;&nbsp;NVIC_PriorityGroupConfig
<LI><a href="#[3f4]">&gt;&gt;</a>&nbsp;&nbsp;&nbsp;DMA_ClearITPendingBit
<LI><a href="#[3f3]">&gt;&gt;</a>&nbsp;&nbsp;&nbsp;DMA_GetITStatus
<LI><a href="#[3f2]">&gt;&gt;</a>&nbsp;&nbsp;&nbsp;DMA_ClearFlag
<LI><a href="#[3f1]">&gt;&gt;</a>&nbsp;&nbsp;&nbsp;DMA_GetFlagStatus
<LI><a href="#[3f0]">&gt;&gt;</a>&nbsp;&nbsp;&nbsp;DMA_GetCurrDataCounter
<LI><a href="#[3ef]">&gt;&gt;</a>&nbsp;&nbsp;&nbsp;DMA_SetCurrDataCounter
<LI><a href="#[3ee]">&gt;&gt;</a>&nbsp;&nbsp;&nbsp;DMA_ITConfig
<LI><a href="#[3ed]">&gt;&gt;</a>&nbsp;&nbsp;&nbsp;DMA_Init
<LI><a href="#[3ec]">&gt;&gt;</a>&nbsp;&nbsp;&nbsp;DMA_DeInit
<LI><a href="#[3eb]">&gt;&gt;</a>&nbsp;&nbsp;&nbsp;USART_ClearFlag
<LI><a href="#[3ea]">&gt;&gt;</a>&nbsp;&nbsp;&nbsp;USART_GetFlagStatus
<LI><a href="#[3e9]">&gt;&gt;</a>&nbsp;&nbsp;&nbsp;USART_IrDACmd
<LI><a href="#[3e8]">&gt;&gt;</a>&nbsp;&nbsp;&nbsp;USART_IrDAConfig
<LI><a href="#[3e7]">&gt;&gt;</a>&nbsp;&nbsp;&nbsp;USART_OneBitMethodCmd
<LI><a href="#[3e6]">&gt;&gt;</a>&nbsp;&nbsp;&nbsp;USART_OverSampling8Cmd
<LI><a href="#[3e5]">&gt;&gt;</a>&nbsp;&nbsp;&nbsp;USART_HalfDuplexCmd
<LI><a href="#[3e4]">&gt;&gt;</a>&nbsp;&nbsp;&nbsp;USART_SmartCardNACKCmd
<LI><a href="#[3e3]">&gt;&gt;</a>&nbsp;&nbsp;&nbsp;USART_SmartCardCmd
<LI><a href="#[3e2]">&gt;&gt;</a>&nbsp;&nbsp;&nbsp;USART_SetPrescaler
<LI><a href="#[3e1]">&gt;&gt;</a>&nbsp;&nbsp;&nbsp;USART_SetGuardTime
<LI><a href="#[3e0]">&gt;&gt;</a>&nbsp;&nbsp;&nbsp;USART_SendBreak
<LI><a href="#[3df]">&gt;&gt;</a>&nbsp;&nbsp;&nbsp;USART_ReceiveData
<LI><a href="#[3de]">&gt;&gt;</a>&nbsp;&nbsp;&nbsp;USART_SendData
<LI><a href="#[3dd]">&gt;&gt;</a>&nbsp;&nbsp;&nbsp;USART_LINCmd
<LI><a href="#[3dc]">&gt;&gt;</a>&nbsp;&nbsp;&nbsp;USART_LINBreakDetectLengthConfig
<LI><a href="#[3db]">&gt;&gt;</a>&nbsp;&nbsp;&nbsp;USART_ReceiverWakeUpCmd
<LI><a href="#[3da]">&gt;&gt;</a>&nbsp;&nbsp;&nbsp;USART_WakeUpConfig
<LI><a href="#[3d9]">&gt;&gt;</a>&nbsp;&nbsp;&nbsp;USART_SetAddress
<LI><a href="#[3d8]">&gt;&gt;</a>&nbsp;&nbsp;&nbsp;USART_DMACmd
<LI><a href="#[3d7]">&gt;&gt;</a>&nbsp;&nbsp;&nbsp;USART_DeInit
<LI><a href="#[3d6]">&gt;&gt;</a>&nbsp;&nbsp;&nbsp;GPIO_EXTILineConfig
<LI><a href="#[3d5]">&gt;&gt;</a>&nbsp;&nbsp;&nbsp;GPIO_EventOutputCmd
<LI><a href="#[3d4]">&gt;&gt;</a>&nbsp;&nbsp;&nbsp;GPIO_EventOutputConfig
<LI><a href="#[3d3]">&gt;&gt;</a>&nbsp;&nbsp;&nbsp;GPIO_PinLockConfig
<LI><a href="#[3d2]">&gt;&gt;</a>&nbsp;&nbsp;&nbsp;GPIO_Write
<LI><a href="#[3d1]">&gt;&gt;</a>&nbsp;&nbsp;&nbsp;GPIO_WriteBit
<LI><a href="#[3ce]">&gt;&gt;</a>&nbsp;&nbsp;&nbsp;GPIO_ReadOutputData
<LI><a href="#[3cd]">&gt;&gt;</a>&nbsp;&nbsp;&nbsp;GPIO_ReadOutputDataBit
<LI><a href="#[3cc]">&gt;&gt;</a>&nbsp;&nbsp;&nbsp;GPIO_ReadInputData
<LI><a href="#[3cb]">&gt;&gt;</a>&nbsp;&nbsp;&nbsp;GPIO_ReadInputDataBit
<LI><a href="#[3c9]">&gt;&gt;</a>&nbsp;&nbsp;&nbsp;GPIO_DeInit
<LI><a href="#[3c8]">&gt;&gt;</a>&nbsp;&nbsp;&nbsp;SPI_I2S_ClearITPendingBit
<LI><a href="#[3c7]">&gt;&gt;</a>&nbsp;&nbsp;&nbsp;SPI_I2S_GetITStatus
<LI><a href="#[3c6]">&gt;&gt;</a>&nbsp;&nbsp;&nbsp;SPI_I2S_ClearFlag
<LI><a href="#[3c4]">&gt;&gt;</a>&nbsp;&nbsp;&nbsp;SPI_BiDirectionalLineConfig
<LI><a href="#[3c3]">&gt;&gt;</a>&nbsp;&nbsp;&nbsp;SPI_GetCRCPolynomial
<LI><a href="#[3c2]">&gt;&gt;</a>&nbsp;&nbsp;&nbsp;SPI_GetCRC
<LI><a href="#[3c1]">&gt;&gt;</a>&nbsp;&nbsp;&nbsp;SPI_CalculateCRC
<LI><a href="#[3c0]">&gt;&gt;</a>&nbsp;&nbsp;&nbsp;SPI_TransmitCRC
<LI><a href="#[3bf]">&gt;&gt;</a>&nbsp;&nbsp;&nbsp;SPI_DataSizeConfig
<LI><a href="#[3be]">&gt;&gt;</a>&nbsp;&nbsp;&nbsp;SPI_SSOutputCmd
<LI><a href="#[3bd]">&gt;&gt;</a>&nbsp;&nbsp;&nbsp;SPI_NSSInternalSoftwareConfig
<LI><a href="#[3ba]">&gt;&gt;</a>&nbsp;&nbsp;&nbsp;SPI_I2S_DMACmd
<LI><a href="#[3b9]">&gt;&gt;</a>&nbsp;&nbsp;&nbsp;SPI_I2S_ITConfig
<LI><a href="#[3b8]">&gt;&gt;</a>&nbsp;&nbsp;&nbsp;I2S_Cmd
<LI><a href="#[3b6]">&gt;&gt;</a>&nbsp;&nbsp;&nbsp;I2S_Init
<LI><a href="#[3b4]">&gt;&gt;</a>&nbsp;&nbsp;&nbsp;SPI_I2S_DeInit
</UL>

<P><STRONG><a name="[f5]"></a>rtthread_startup</STRONG> (Thumb, 70 bytes, Stack size 8 bytes, startup.o(.text))
<BR><BR>[Stack]<UL><LI>Max Depth = 420<LI>Call Chain = rtthread_startup &rArr; rt_application_init &rArr; rt_thread_create &rArr; rt_object_allocate &rArr; rt_malloc &rArr; rt_sem_take &rArr; rt_schedule &rArr; _rt_scheduler_stack_check &rArr; list_thread &rArr; _list_thread &rArr; rt_kprintf &rArr; vsnprintf &rArr; print_number
</UL>
<BR>[Calls]<UL><LI><a href="#[101]">&gt;&gt;</a>&nbsp;&nbsp;&nbsp;rt_thread_idle_init
<LI><a href="#[100]">&gt;&gt;</a>&nbsp;&nbsp;&nbsp;rt_system_timer_thread_init
<LI><a href="#[fa]">&gt;&gt;</a>&nbsp;&nbsp;&nbsp;rt_system_timer_init
<LI><a href="#[f8]">&gt;&gt;</a>&nbsp;&nbsp;&nbsp;rt_system_tick_init
<LI><a href="#[102]">&gt;&gt;</a>&nbsp;&nbsp;&nbsp;rt_system_scheduler_start
<LI><a href="#[fd]">&gt;&gt;</a>&nbsp;&nbsp;&nbsp;rt_system_scheduler_init
<LI><a href="#[f9]">&gt;&gt;</a>&nbsp;&nbsp;&nbsp;rt_system_object_init
<LI><a href="#[fb]">&gt;&gt;</a>&nbsp;&nbsp;&nbsp;rt_system_heap_init
<LI><a href="#[f7]">&gt;&gt;</a>&nbsp;&nbsp;&nbsp;rt_show_version
<LI><a href="#[f6]">&gt;&gt;</a>&nbsp;&nbsp;&nbsp;rt_hw_board_init
<LI><a href="#[fe]">&gt;&gt;</a>&nbsp;&nbsp;&nbsp;finsh_system_init
<LI><a href="#[ff]">&gt;&gt;</a>&nbsp;&nbsp;&nbsp;finsh_set_device
<LI><a href="#[fc]">&gt;&gt;</a>&nbsp;&nbsp;&nbsp;ad7606_init
<LI><a href="#[ee]">&gt;&gt;</a>&nbsp;&nbsp;&nbsp;rt_device_init_all
<LI><a href="#[f1]">&gt;&gt;</a>&nbsp;&nbsp;&nbsp;rt_application_init
</UL>
<BR>[Called By]<UL><LI><a href="#[e5]">&gt;&gt;</a>&nbsp;&nbsp;&nbsp;main
</UL>

<P><STRONG><a name="[e5]"></a>main</STRONG> (Thumb, 14 bytes, Stack size 8 bytes, startup.o(.text))
<BR><BR>[Stack]<UL><LI>Max Depth = 428<LI>Call Chain = main &rArr; rtthread_startup &rArr; rt_application_init &rArr; rt_thread_create &rArr; rt_object_allocate &rArr; rt_malloc &rArr; rt_sem_take &rArr; rt_schedule &rArr; _rt_scheduler_stack_check &rArr; list_thread &rArr; _list_thread &rArr; rt_kprintf &rArr; vsnprintf &rArr; print_number
</UL>
<BR>[Calls]<UL><LI><a href="#[103]">&gt;&gt;</a>&nbsp;&nbsp;&nbsp;rt_hw_interrupt_disable
<LI><a href="#[f5]">&gt;&gt;</a>&nbsp;&nbsp;&nbsp;rtthread_startup
</UL>
<BR>[Called By]<UL><LI><a href="#[e4]">&gt;&gt;</a>&nbsp;&nbsp;&nbsp;__rt_entry_main
</UL>

<P><STRONG><a name="[104]"></a>NVIC_Configuration</STRONG> (Thumb, 14 bytes, Stack size 8 bytes, board.o(.text))
<BR><BR>[Stack]<UL><LI>Max Depth = 188<LI>Call Chain = NVIC_Configuration &rArr; NVIC_SetVectorTable &rArr; assert_failed &rArr; rt_kprintf &rArr; vsnprintf &rArr; print_number
</UL>
<BR>[Calls]<UL><LI><a href="#[105]">&gt;&gt;</a>&nbsp;&nbsp;&nbsp;NVIC_SetVectorTable
</UL>
<BR>[Called By]<UL><LI><a href="#[f6]">&gt;&gt;</a>&nbsp;&nbsp;&nbsp;rt_hw_board_init
</UL>

<P><STRONG><a name="[106]"></a>SysTick_Configuration</STRONG> (Thumb, 100 bytes, Stack size 40 bytes, board.o(.text))
<BR><BR>[Stack]<UL><LI>Max Depth = 212<LI>Call Chain = SysTick_Configuration &rArr; SysTick_CLKSourceConfig &rArr; assert_failed &rArr; rt_kprintf &rArr; vsnprintf &rArr; print_number
</UL>
<BR>[Calls]<UL><LI><a href="#[108]">&gt;&gt;</a>&nbsp;&nbsp;&nbsp;SysTick_CLKSourceConfig
<LI><a href="#[107]">&gt;&gt;</a>&nbsp;&nbsp;&nbsp;RCC_GetClocksFreq
</UL>
<BR>[Called By]<UL><LI><a href="#[f6]">&gt;&gt;</a>&nbsp;&nbsp;&nbsp;rt_hw_board_init
</UL>

<P><STRONG><a name="[109]"></a>rt_hw_timer_handler</STRONG> (Thumb, 16 bytes, Stack size 8 bytes, board.o(.text))
<BR><BR>[Stack]<UL><LI>Max Depth = 276<LI>Call Chain = rt_hw_timer_handler &rArr; rt_tick_increase &rArr; rt_thread_yield &rArr; rt_schedule &rArr; _rt_scheduler_stack_check &rArr; list_thread &rArr; _list_thread &rArr; rt_kprintf &rArr; vsnprintf &rArr; print_number
</UL>
<BR>[Calls]<UL><LI><a href="#[10b]">&gt;&gt;</a>&nbsp;&nbsp;&nbsp;rt_tick_increase
<LI><a href="#[10c]">&gt;&gt;</a>&nbsp;&nbsp;&nbsp;rt_interrupt_leave
<LI><a href="#[10a]">&gt;&gt;</a>&nbsp;&nbsp;&nbsp;rt_interrupt_enter
</UL>
<BR>[Called By]<UL><LI><a href="#[c]">&gt;&gt;</a>&nbsp;&nbsp;&nbsp;SysTick_Handler
</UL>

<P><STRONG><a name="[f6]"></a>rt_hw_board_init</STRONG> (Thumb, 22 bytes, Stack size 8 bytes, board.o(.text))
<BR><BR>[Stack]<UL><LI>Max Depth = 300<LI>Call Chain = rt_hw_board_init &rArr; rt_console_set_device &rArr; rt_device_find &rArr; rt_exit_critical &rArr; rt_schedule &rArr; _rt_scheduler_stack_check &rArr; list_thread &rArr; _list_thread &rArr; rt_kprintf &rArr; vsnprintf &rArr; print_number
</UL>
<BR>[Calls]<UL><LI><a href="#[10d]">&gt;&gt;</a>&nbsp;&nbsp;&nbsp;rt_hw_usart_init
<LI><a href="#[10e]">&gt;&gt;</a>&nbsp;&nbsp;&nbsp;rt_console_set_device
<LI><a href="#[106]">&gt;&gt;</a>&nbsp;&nbsp;&nbsp;SysTick_Configuration
<LI><a href="#[104]">&gt;&gt;</a>&nbsp;&nbsp;&nbsp;NVIC_Configuration
</UL>
<BR>[Called By]<UL><LI><a href="#[f5]">&gt;&gt;</a>&nbsp;&nbsp;&nbsp;rtthread_startup
</UL>

<P><STRONG><a name="[4]"></a>NMI_Handler</STRONG> (Thumb, 2 bytes, Stack size 0 bytes, stm32f10x_it.o(.text))
<BR>[Address Reference Count : 1]<UL><LI> startup_stm32f10x_cl.o(RESET)
</UL>
<P><STRONG><a name="[6]"></a>MemManage_Handler</STRONG> (Thumb, 4 bytes, Stack size 0 bytes, stm32f10x_it.o(.text))
<BR>[Address Reference Count : 1]<UL><LI> startup_stm32f10x_cl.o(RESET)
</UL>
<P><STRONG><a name="[7]"></a>BusFault_Handler</STRONG> (Thumb, 4 bytes, Stack size 0 bytes, stm32f10x_it.o(.text))
<BR>[Address Reference Count : 1]<UL><LI> startup_stm32f10x_cl.o(RESET)
</UL>
<P><STRONG><a name="[8]"></a>UsageFault_Handler</STRONG> (Thumb, 4 bytes, Stack size 0 bytes, stm32f10x_it.o(.text))
<BR>[Address Reference Count : 1]<UL><LI> startup_stm32f10x_cl.o(RESET)
</UL>
<P><STRONG><a name="[9]"></a>SVC_Handler</STRONG> (Thumb, 2 bytes, Stack size 0 bytes, stm32f10x_it.o(.text))
<BR>[Address Reference Count : 1]<UL><LI> startup_stm32f10x_cl.o(RESET)
</UL>
<P><STRONG><a name="[a]"></a>DebugMon_Handler</STRONG> (Thumb, 2 bytes, Stack size 0 bytes, stm32f10x_it.o(.text))
<BR>[Address Reference Count : 1]<UL><LI> startup_stm32f10x_cl.o(RESET)
</UL>
<P><STRONG><a name="[c]"></a>SysTick_Handler</STRONG> (Thumb, 8 bytes, Stack size 8 bytes, stm32f10x_it.o(.text))
<BR><BR>[Stack]<UL><LI>Max Depth = 284<LI>Call Chain = SysTick_Handler &rArr; rt_hw_timer_handler &rArr; rt_tick_increase &rArr; rt_thread_yield &rArr; rt_schedule &rArr; _rt_scheduler_stack_check &rArr; list_thread &rArr; _list_thread &rArr; rt_kprintf &rArr; vsnprintf &rArr; print_number
</UL>
<BR>[Calls]<UL><LI><a href="#[109]">&gt;&gt;</a>&nbsp;&nbsp;&nbsp;rt_hw_timer_handler
</UL>
<BR>[Address Reference Count : 1]<UL><LI> startup_stm32f10x_cl.o(RESET)
</UL>
<P><STRONG><a name="[32]"></a>USART1_IRQHandler</STRONG> (Thumb, 2 bytes, Stack size 0 bytes, stm32f10x_it.o(.text))
<BR>[Address Reference Count : 1]<UL><LI> startup_stm32f10x_cl.o(RESET)
</UL>
<P><STRONG><a name="[33]"></a>USART2_IRQHandler</STRONG> (Thumb, 18 bytes, Stack size 8 bytes, stm32f10x_it.o(.text))
<BR><BR>[Stack]<UL><LI>Max Depth = 220<LI>Call Chain = USART2_IRQHandler &rArr; rt_hw_serial_isr &rArr; USART_GetITStatus &rArr; assert_failed &rArr; rt_kprintf &rArr; vsnprintf &rArr; print_number
</UL>
<BR>[Calls]<UL><LI><a href="#[10f]">&gt;&gt;</a>&nbsp;&nbsp;&nbsp;rt_hw_serial_isr
<LI><a href="#[10c]">&gt;&gt;</a>&nbsp;&nbsp;&nbsp;rt_interrupt_leave
<LI><a href="#[10a]">&gt;&gt;</a>&nbsp;&nbsp;&nbsp;rt_interrupt_enter
</UL>
<BR>[Address Reference Count : 1]<UL><LI> startup_stm32f10x_cl.o(RESET)
</UL>
<P><STRONG><a name="[34]"></a>USART3_IRQHandler</STRONG> (Thumb, 2 bytes, Stack size 0 bytes, stm32f10x_it.o(.text))
<BR>[Address Reference Count : 1]<UL><LI> startup_stm32f10x_cl.o(RESET)
</UL>
<P><STRONG><a name="[10d]"></a>rt_hw_usart_init</STRONG> (Thumb, 120 bytes, Stack size 32 bytes, usart.o(.text))
<BR><BR>[Stack]<UL><LI>Max Depth = 252<LI>Call Chain = rt_hw_usart_init &rArr; USART_Init &rArr; assert_failed &rArr; rt_kprintf &rArr; vsnprintf &rArr; print_number
</UL>
<BR>[Calls]<UL><LI><a href="#[11b]">&gt;&gt;</a>&nbsp;&nbsp;&nbsp;rt_hw_serial_register
<LI><a href="#[119]">&gt;&gt;</a>&nbsp;&nbsp;&nbsp;USART_Init
<LI><a href="#[11c]">&gt;&gt;</a>&nbsp;&nbsp;&nbsp;USART_ITConfig
<LI><a href="#[11a]">&gt;&gt;</a>&nbsp;&nbsp;&nbsp;USART_ClockInit
<LI><a href="#[118]">&gt;&gt;</a>&nbsp;&nbsp;&nbsp;DMA_Configuration
<LI><a href="#[116]">&gt;&gt;</a>&nbsp;&nbsp;&nbsp;NVIC_Configuration
<LI><a href="#[114]">&gt;&gt;</a>&nbsp;&nbsp;&nbsp;GPIO_Configuration
<LI><a href="#[110]">&gt;&gt;</a>&nbsp;&nbsp;&nbsp;RCC_Configuration
</UL>
<BR>[Called By]<UL><LI><a href="#[f6]">&gt;&gt;</a>&nbsp;&nbsp;&nbsp;rt_hw_board_init
</UL>

<P><STRONG><a name="[11b]"></a>rt_hw_serial_register</STRONG> (Thumb, 134 bytes, Stack size 24 bytes, serial.o(.text))
<BR><BR>[Stack]<UL><LI>Max Depth = 188<LI>Call Chain = rt_hw_serial_register &rArr; rt_kprintf &rArr; vsnprintf &rArr; print_number
</UL>
<BR>[Calls]<UL><LI><a href="#[125]">&gt;&gt;</a>&nbsp;&nbsp;&nbsp;rt_device_register
<LI><a href="#[f0]">&gt;&gt;</a>&nbsp;&nbsp;&nbsp;rt_kprintf
</UL>
<BR>[Called By]<UL><LI><a href="#[10d]">&gt;&gt;</a>&nbsp;&nbsp;&nbsp;rt_hw_usart_init
</UL>

<P><STRONG><a name="[10f]"></a>rt_hw_serial_isr</STRONG> (Thumb, 502 bytes, Stack size 16 bytes, serial.o(.text))
<BR><BR>[Stack]<UL><LI>Max Depth = 212<LI>Call Chain = rt_hw_serial_isr &rArr; USART_GetITStatus &rArr; assert_failed &rArr; rt_kprintf &rArr; vsnprintf &rArr; print_number
</UL>
<BR>[Calls]<UL><LI><a href="#[120]">&gt;&gt;</a>&nbsp;&nbsp;&nbsp;rt_hw_interrupt_enable
<LI><a href="#[126]">&gt;&gt;</a>&nbsp;&nbsp;&nbsp;USART_GetITStatus
<LI><a href="#[127]">&gt;&gt;</a>&nbsp;&nbsp;&nbsp;USART_ClearITPendingBit
<LI><a href="#[103]">&gt;&gt;</a>&nbsp;&nbsp;&nbsp;rt_hw_interrupt_disable
<LI><a href="#[f0]">&gt;&gt;</a>&nbsp;&nbsp;&nbsp;rt_kprintf
</UL>
<BR>[Called By]<UL><LI><a href="#[33]">&gt;&gt;</a>&nbsp;&nbsp;&nbsp;USART2_IRQHandler
</UL>

<P><STRONG><a name="[128]"></a>rt_hw_serial_dma_tx_isr</STRONG> (Thumb, 164 bytes, Stack size 24 bytes, serial.o(.text), UNUSED)
<BR><BR>[Calls]<UL><LI><a href="#[129]">&gt;&gt;</a>&nbsp;&nbsp;&nbsp;rt_mp_free
<LI><a href="#[120]">&gt;&gt;</a>&nbsp;&nbsp;&nbsp;rt_hw_interrupt_enable
<LI><a href="#[123]">&gt;&gt;</a>&nbsp;&nbsp;&nbsp;DMA_Cmd
<LI><a href="#[122]">&gt;&gt;</a>&nbsp;&nbsp;&nbsp;rt_serial_enable_dma
<LI><a href="#[103]">&gt;&gt;</a>&nbsp;&nbsp;&nbsp;rt_hw_interrupt_disable
<LI><a href="#[f0]">&gt;&gt;</a>&nbsp;&nbsp;&nbsp;rt_kprintf
</UL>

<P><STRONG><a name="[12a]"></a>ETH_DeInit</STRONG> (Thumb, 22 bytes, Stack size 8 bytes, stm32_eth.o(.text))
<BR><BR>[Stack]<UL><LI>Max Depth = 188<LI>Call Chain = ETH_DeInit &rArr; RCC_AHBPeriphResetCmd &rArr; assert_failed &rArr; rt_kprintf &rArr; vsnprintf &rArr; print_number
</UL>
<BR>[Calls]<UL><LI><a href="#[12b]">&gt;&gt;</a>&nbsp;&nbsp;&nbsp;RCC_AHBPeriphResetCmd
</UL>
<BR>[Called By]<UL><LI><a href="#[50]">&gt;&gt;</a>&nbsp;&nbsp;&nbsp;rt_stm32_eth_init
</UL>

<P><STRONG><a name="[12c]"></a>ETH_Init</STRONG> (Thumb, 1792 bytes, Stack size 48 bytes, stm32_eth.o(.text))
<BR><BR>[Stack]<UL><LI>Max Depth = 212<LI>Call Chain = ETH_Init &rArr; assert_failed &rArr; rt_kprintf &rArr; vsnprintf &rArr; print_number
</UL>
<BR>[Calls]<UL><LI><a href="#[107]">&gt;&gt;</a>&nbsp;&nbsp;&nbsp;RCC_GetClocksFreq
<LI><a href="#[f4]">&gt;&gt;</a>&nbsp;&nbsp;&nbsp;assert_failed
</UL>
<BR>[Called By]<UL><LI><a href="#[50]">&gt;&gt;</a>&nbsp;&nbsp;&nbsp;rt_stm32_eth_init
</UL>

<P><STRONG><a name="[16d]"></a>ETH_StructInit</STRONG> (Thumb, 164 bytes, Stack size 0 bytes, stm32_eth.o(.text))
<BR><BR>[Called By]<UL><LI><a href="#[50]">&gt;&gt;</a>&nbsp;&nbsp;&nbsp;rt_stm32_eth_init
</UL>

<P><STRONG><a name="[12d]"></a>ETH_DMAReceptionCmd</STRONG> (Thumb, 54 bytes, Stack size 8 bytes, stm32_eth.o(.text))
<BR><BR>[Stack]<UL><LI>Max Depth = 172<LI>Call Chain = ETH_DMAReceptionCmd &rArr; assert_failed &rArr; rt_kprintf &rArr; vsnprintf &rArr; print_number
</UL>
<BR>[Calls]<UL><LI><a href="#[f4]">&gt;&gt;</a>&nbsp;&nbsp;&nbsp;assert_failed
</UL>
<BR>[Called By]<UL><LI><a href="#[131]">&gt;&gt;</a>&nbsp;&nbsp;&nbsp;ETH_Start
</UL>

<P><STRONG><a name="[12e]"></a>ETH_DMATransmissionCmd</STRONG> (Thumb, 54 bytes, Stack size 8 bytes, stm32_eth.o(.text))
<BR><BR>[Stack]<UL><LI>Max Depth = 172<LI>Call Chain = ETH_DMATransmissionCmd &rArr; assert_failed &rArr; rt_kprintf &rArr; vsnprintf &rArr; print_number
</UL>
<BR>[Calls]<UL><LI><a href="#[f4]">&gt;&gt;</a>&nbsp;&nbsp;&nbsp;assert_failed
</UL>
<BR>[Called By]<UL><LI><a href="#[131]">&gt;&gt;</a>&nbsp;&nbsp;&nbsp;ETH_Start
</UL>

<P><STRONG><a name="[12f]"></a>ETH_MACReceptionCmd</STRONG> (Thumb, 54 bytes, Stack size 8 bytes, stm32_eth.o(.text))
<BR><BR>[Stack]<UL><LI>Max Depth = 172<LI>Call Chain = ETH_MACReceptionCmd &rArr; assert_failed &rArr; rt_kprintf &rArr; vsnprintf &rArr; print_number
</UL>
<BR>[Calls]<UL><LI><a href="#[f4]">&gt;&gt;</a>&nbsp;&nbsp;&nbsp;assert_failed
</UL>
<BR>[Called By]<UL><LI><a href="#[131]">&gt;&gt;</a>&nbsp;&nbsp;&nbsp;ETH_Start
</UL>

<P><STRONG><a name="[132]"></a>ETH_FlushTransmitFIFO</STRONG> (Thumb, 14 bytes, Stack size 0 bytes, stm32_eth.o(.text))
<BR><BR>[Called By]<UL><LI><a href="#[131]">&gt;&gt;</a>&nbsp;&nbsp;&nbsp;ETH_Start
</UL>

<P><STRONG><a name="[130]"></a>ETH_MACTransmissionCmd</STRONG> (Thumb, 54 bytes, Stack size 8 bytes, stm32_eth.o(.text))
<BR><BR>[Stack]<UL><LI>Max Depth = 172<LI>Call Chain = ETH_MACTransmissionCmd &rArr; assert_failed &rArr; rt_kprintf &rArr; vsnprintf &rArr; print_number
</UL>
<BR>[Calls]<UL><LI><a href="#[f4]">&gt;&gt;</a>&nbsp;&nbsp;&nbsp;assert_failed
</UL>
<BR>[Called By]<UL><LI><a href="#[131]">&gt;&gt;</a>&nbsp;&nbsp;&nbsp;ETH_Start
</UL>

<P><STRONG><a name="[131]"></a>ETH_Start</STRONG> (Thumb, 32 bytes, Stack size 8 bytes, stm32_eth.o(.text))
<BR><BR>[Stack]<UL><LI>Max Depth = 180<LI>Call Chain = ETH_Start &rArr; ETH_MACTransmissionCmd &rArr; assert_failed &rArr; rt_kprintf &rArr; vsnprintf &rArr; print_number
</UL>
<BR>[Calls]<UL><LI><a href="#[130]">&gt;&gt;</a>&nbsp;&nbsp;&nbsp;ETH_MACTransmissionCmd
<LI><a href="#[132]">&gt;&gt;</a>&nbsp;&nbsp;&nbsp;ETH_FlushTransmitFIFO
<LI><a href="#[12f]">&gt;&gt;</a>&nbsp;&nbsp;&nbsp;ETH_MACReceptionCmd
<LI><a href="#[12e]">&gt;&gt;</a>&nbsp;&nbsp;&nbsp;ETH_DMATransmissionCmd
<LI><a href="#[12d]">&gt;&gt;</a>&nbsp;&nbsp;&nbsp;ETH_DMAReceptionCmd
</UL>
<BR>[Called By]<UL><LI><a href="#[50]">&gt;&gt;</a>&nbsp;&nbsp;&nbsp;rt_stm32_eth_init
</UL>

<P><STRONG><a name="[446]"></a>ETH_HandleTxPkt</STRONG> (Thumb, 230 bytes, Stack size 8 bytes, stm32_eth.o(.text), UNUSED)

<P><STRONG><a name="[447]"></a>ETH_HandleRxPkt</STRONG> (Thumb, 196 bytes, Stack size 8 bytes, stm32_eth.o(.text), UNUSED)

<P><STRONG><a name="[134]"></a>ETH_GetDMARxDescFrameLength</STRONG> (Thumb, 10 bytes, Stack size 0 bytes, stm32_eth.o(.text), UNUSED)
<BR><BR>[Called By]<UL><LI><a href="#[133]">&gt;&gt;</a>&nbsp;&nbsp;&nbsp;ETH_GetRxPktSize
</UL>

<P><STRONG><a name="[133]"></a>ETH_GetRxPktSize</STRONG> (Thumb, 66 bytes, Stack size 4 bytes, stm32_eth.o(.text), UNUSED)
<BR><BR>[Calls]<UL><LI><a href="#[134]">&gt;&gt;</a>&nbsp;&nbsp;&nbsp;ETH_GetDMARxDescFrameLength
</UL>

<P><STRONG><a name="[448]"></a>ETH_DropRxPkt</STRONG> (Thumb, 78 bytes, Stack size 0 bytes, stm32_eth.o(.text), UNUSED)

<P><STRONG><a name="[135]"></a>ETH_ReadPHYRegister</STRONG> (Thumb, 128 bytes, Stack size 24 bytes, stm32_eth.o(.text), UNUSED)
<BR><BR>[Calls]<UL><LI><a href="#[f4]">&gt;&gt;</a>&nbsp;&nbsp;&nbsp;assert_failed
</UL>
<BR>[Called By]<UL><LI><a href="#[137]">&gt;&gt;</a>&nbsp;&nbsp;&nbsp;ETH_PHYLoopBackCmd
</UL>

<P><STRONG><a name="[136]"></a>ETH_WritePHYRegister</STRONG> (Thumb, 130 bytes, Stack size 24 bytes, stm32_eth.o(.text), UNUSED)
<BR><BR>[Calls]<UL><LI><a href="#[f4]">&gt;&gt;</a>&nbsp;&nbsp;&nbsp;assert_failed
</UL>
<BR>[Called By]<UL><LI><a href="#[137]">&gt;&gt;</a>&nbsp;&nbsp;&nbsp;ETH_PHYLoopBackCmd
</UL>

<P><STRONG><a name="[137]"></a>ETH_PHYLoopBackCmd</STRONG> (Thumb, 90 bytes, Stack size 16 bytes, stm32_eth.o(.text), UNUSED)
<BR><BR>[Calls]<UL><LI><a href="#[136]">&gt;&gt;</a>&nbsp;&nbsp;&nbsp;ETH_WritePHYRegister
<LI><a href="#[135]">&gt;&gt;</a>&nbsp;&nbsp;&nbsp;ETH_ReadPHYRegister
<LI><a href="#[f4]">&gt;&gt;</a>&nbsp;&nbsp;&nbsp;assert_failed
</UL>

<P><STRONG><a name="[449]"></a>ETH_GetFlowControlBusyStatus</STRONG> (Thumb, 20 bytes, Stack size 0 bytes, stm32_eth.o(.text), UNUSED)

<P><STRONG><a name="[44a]"></a>ETH_InitiatePauseControlFrame</STRONG> (Thumb, 14 bytes, Stack size 0 bytes, stm32_eth.o(.text), UNUSED)

<P><STRONG><a name="[138]"></a>ETH_BackPressureActivationCmd</STRONG> (Thumb, 54 bytes, Stack size 8 bytes, stm32_eth.o(.text), UNUSED)
<BR><BR>[Calls]<UL><LI><a href="#[f4]">&gt;&gt;</a>&nbsp;&nbsp;&nbsp;assert_failed
</UL>

<P><STRONG><a name="[139]"></a>ETH_GetMACFlagStatus</STRONG> (Thumb, 60 bytes, Stack size 16 bytes, stm32_eth.o(.text), UNUSED)
<BR><BR>[Calls]<UL><LI><a href="#[f4]">&gt;&gt;</a>&nbsp;&nbsp;&nbsp;assert_failed
</UL>

<P><STRONG><a name="[13a]"></a>ETH_GetMACITStatus</STRONG> (Thumb, 60 bytes, Stack size 16 bytes, stm32_eth.o(.text), UNUSED)
<BR><BR>[Calls]<UL><LI><a href="#[f4]">&gt;&gt;</a>&nbsp;&nbsp;&nbsp;assert_failed
</UL>

<P><STRONG><a name="[13b]"></a>ETH_MACITConfig</STRONG> (Thumb, 96 bytes, Stack size 16 bytes, stm32_eth.o(.text), UNUSED)
<BR><BR>[Calls]<UL><LI><a href="#[f4]">&gt;&gt;</a>&nbsp;&nbsp;&nbsp;assert_failed
</UL>

<P><STRONG><a name="[13c]"></a>ETH_MACAddressConfig</STRONG> (Thumb, 78 bytes, Stack size 16 bytes, stm32_eth.o(.text))
<BR><BR>[Stack]<UL><LI>Max Depth = 180<LI>Call Chain = ETH_MACAddressConfig &rArr; assert_failed &rArr; rt_kprintf &rArr; vsnprintf &rArr; print_number
</UL>
<BR>[Calls]<UL><LI><a href="#[f4]">&gt;&gt;</a>&nbsp;&nbsp;&nbsp;assert_failed
</UL>
<BR>[Called By]<UL><LI><a href="#[50]">&gt;&gt;</a>&nbsp;&nbsp;&nbsp;rt_stm32_eth_init
</UL>

<P><STRONG><a name="[13d]"></a>ETH_GetMACAddress</STRONG> (Thumb, 68 bytes, Stack size 16 bytes, stm32_eth.o(.text), UNUSED)
<BR><BR>[Calls]<UL><LI><a href="#[f4]">&gt;&gt;</a>&nbsp;&nbsp;&nbsp;assert_failed
</UL>

<P><STRONG><a name="[13e]"></a>ETH_MACAddressPerfectFilterCmd</STRONG> (Thumb, 90 bytes, Stack size 16 bytes, stm32_eth.o(.text), UNUSED)
<BR><BR>[Calls]<UL><LI><a href="#[f4]">&gt;&gt;</a>&nbsp;&nbsp;&nbsp;assert_failed
</UL>

<P><STRONG><a name="[13f]"></a>ETH_MACAddressFilterConfig</STRONG> (Thumb, 92 bytes, Stack size 16 bytes, stm32_eth.o(.text), UNUSED)
<BR><BR>[Calls]<UL><LI><a href="#[f4]">&gt;&gt;</a>&nbsp;&nbsp;&nbsp;assert_failed
</UL>

<P><STRONG><a name="[140]"></a>ETH_MACAddressMaskBytesFilterConfig</STRONG> (Thumb, 114 bytes, Stack size 16 bytes, stm32_eth.o(.text), UNUSED)
<BR><BR>[Calls]<UL><LI><a href="#[f4]">&gt;&gt;</a>&nbsp;&nbsp;&nbsp;assert_failed
</UL>

<P><STRONG><a name="[16e]"></a>ETH_DMATxDescChainInit</STRONG> (Thumb, 70 bytes, Stack size 12 bytes, stm32_eth.o(.text))
<BR><BR>[Stack]<UL><LI>Max Depth = 12<LI>Call Chain = ETH_DMATxDescChainInit
</UL>
<BR>[Called By]<UL><LI><a href="#[50]">&gt;&gt;</a>&nbsp;&nbsp;&nbsp;rt_stm32_eth_init
</UL>

<P><STRONG><a name="[44b]"></a>ETH_DMATxDescRingInit</STRONG> (Thumb, 72 bytes, Stack size 16 bytes, stm32_eth.o(.text), UNUSED)

<P><STRONG><a name="[141]"></a>ETH_GetDMATxDescFlagStatus</STRONG> (Thumb, 172 bytes, Stack size 16 bytes, stm32_eth.o(.text), UNUSED)
<BR><BR>[Calls]<UL><LI><a href="#[f4]">&gt;&gt;</a>&nbsp;&nbsp;&nbsp;assert_failed
</UL>

<P><STRONG><a name="[44c]"></a>ETH_GetDMATxDescCollisionCount</STRONG> (Thumb, 10 bytes, Stack size 0 bytes, stm32_eth.o(.text), UNUSED)

<P><STRONG><a name="[44d]"></a>ETH_SetDMATxDescOwnBit</STRONG> (Thumb, 10 bytes, Stack size 0 bytes, stm32_eth.o(.text), UNUSED)

<P><STRONG><a name="[142]"></a>ETH_DMATxDescTransmitITConfig</STRONG> (Thumb, 48 bytes, Stack size 16 bytes, stm32_eth.o(.text), UNUSED)
<BR><BR>[Calls]<UL><LI><a href="#[f4]">&gt;&gt;</a>&nbsp;&nbsp;&nbsp;assert_failed
</UL>

<P><STRONG><a name="[143]"></a>ETH_DMATxDescFrameSegmentConfig</STRONG> (Thumb, 40 bytes, Stack size 16 bytes, stm32_eth.o(.text), UNUSED)
<BR><BR>[Calls]<UL><LI><a href="#[f4]">&gt;&gt;</a>&nbsp;&nbsp;&nbsp;assert_failed
</UL>

<P><STRONG><a name="[144]"></a>ETH_DMATxDescChecksumInsertionConfig</STRONG> (Thumb, 48 bytes, Stack size 16 bytes, stm32_eth.o(.text), UNUSED)
<BR><BR>[Calls]<UL><LI><a href="#[f4]">&gt;&gt;</a>&nbsp;&nbsp;&nbsp;assert_failed
</UL>

<P><STRONG><a name="[145]"></a>ETH_DMATxDescCRCCmd</STRONG> (Thumb, 48 bytes, Stack size 16 bytes, stm32_eth.o(.text), UNUSED)
<BR><BR>[Calls]<UL><LI><a href="#[f4]">&gt;&gt;</a>&nbsp;&nbsp;&nbsp;assert_failed
</UL>

<P><STRONG><a name="[146]"></a>ETH_DMATxDescEndOfRingCmd</STRONG> (Thumb, 62 bytes, Stack size 16 bytes, stm32_eth.o(.text), UNUSED)
<BR><BR>[Calls]<UL><LI><a href="#[f4]">&gt;&gt;</a>&nbsp;&nbsp;&nbsp;assert_failed
</UL>

<P><STRONG><a name="[147]"></a>ETH_DMATxDescSecondAddressChainedCmd</STRONG> (Thumb, 48 bytes, Stack size 16 bytes, stm32_eth.o(.text), UNUSED)
<BR><BR>[Calls]<UL><LI><a href="#[f4]">&gt;&gt;</a>&nbsp;&nbsp;&nbsp;assert_failed
</UL>

<P><STRONG><a name="[148]"></a>ETH_DMATxDescShortFramePaddingCmd</STRONG> (Thumb, 48 bytes, Stack size 16 bytes, stm32_eth.o(.text), UNUSED)
<BR><BR>[Calls]<UL><LI><a href="#[f4]">&gt;&gt;</a>&nbsp;&nbsp;&nbsp;assert_failed
</UL>

<P><STRONG><a name="[149]"></a>ETH_DMATxDescTimeStampCmd</STRONG> (Thumb, 48 bytes, Stack size 16 bytes, stm32_eth.o(.text), UNUSED)
<BR><BR>[Calls]<UL><LI><a href="#[f4]">&gt;&gt;</a>&nbsp;&nbsp;&nbsp;assert_failed
</UL>

<P><STRONG><a name="[14a]"></a>ETH_DMATxDescBufferSizeConfig</STRONG> (Thumb, 60 bytes, Stack size 16 bytes, stm32_eth.o(.text), UNUSED)
<BR><BR>[Calls]<UL><LI><a href="#[f4]">&gt;&gt;</a>&nbsp;&nbsp;&nbsp;assert_failed
</UL>

<P><STRONG><a name="[16f]"></a>ETH_DMARxDescChainInit</STRONG> (Thumb, 76 bytes, Stack size 12 bytes, stm32_eth.o(.text))
<BR><BR>[Stack]<UL><LI>Max Depth = 12<LI>Call Chain = ETH_DMARxDescChainInit
</UL>
<BR>[Called By]<UL><LI><a href="#[50]">&gt;&gt;</a>&nbsp;&nbsp;&nbsp;rt_stm32_eth_init
</UL>

<P><STRONG><a name="[44e]"></a>ETH_DMARxDescRingInit</STRONG> (Thumb, 86 bytes, Stack size 16 bytes, stm32_eth.o(.text), UNUSED)

<P><STRONG><a name="[14b]"></a>ETH_GetDMARxDescFlagStatus</STRONG> (Thumb, 130 bytes, Stack size 16 bytes, stm32_eth.o(.text), UNUSED)
<BR><BR>[Calls]<UL><LI><a href="#[f4]">&gt;&gt;</a>&nbsp;&nbsp;&nbsp;assert_failed
</UL>

<P><STRONG><a name="[44f]"></a>ETH_SetDMARxDescOwnBit</STRONG> (Thumb, 10 bytes, Stack size 0 bytes, stm32_eth.o(.text), UNUSED)

<P><STRONG><a name="[14c]"></a>ETH_DMARxDescReceiveITConfig</STRONG> (Thumb, 48 bytes, Stack size 16 bytes, stm32_eth.o(.text), UNUSED)
<BR><BR>[Calls]<UL><LI><a href="#[f4]">&gt;&gt;</a>&nbsp;&nbsp;&nbsp;assert_failed
</UL>

<P><STRONG><a name="[14d]"></a>ETH_DMARxDescEndOfRingCmd</STRONG> (Thumb, 48 bytes, Stack size 16 bytes, stm32_eth.o(.text), UNUSED)
<BR><BR>[Calls]<UL><LI><a href="#[f4]">&gt;&gt;</a>&nbsp;&nbsp;&nbsp;assert_failed
</UL>

<P><STRONG><a name="[14e]"></a>ETH_DMARxDescSecondAddressChainedCmd</STRONG> (Thumb, 48 bytes, Stack size 16 bytes, stm32_eth.o(.text), UNUSED)
<BR><BR>[Calls]<UL><LI><a href="#[f4]">&gt;&gt;</a>&nbsp;&nbsp;&nbsp;assert_failed
</UL>

<P><STRONG><a name="[14f]"></a>ETH_GetDMARxDescBufferSize</STRONG> (Thumb, 42 bytes, Stack size 16 bytes, stm32_eth.o(.text), UNUSED)
<BR><BR>[Calls]<UL><LI><a href="#[f4]">&gt;&gt;</a>&nbsp;&nbsp;&nbsp;assert_failed
</UL>

<P><STRONG><a name="[16b]"></a>ETH_SoftwareReset</STRONG> (Thumb, 14 bytes, Stack size 0 bytes, stm32_eth.o(.text))
<BR><BR>[Called By]<UL><LI><a href="#[50]">&gt;&gt;</a>&nbsp;&nbsp;&nbsp;rt_stm32_eth_init
</UL>

<P><STRONG><a name="[16c]"></a>ETH_GetSoftwareResetStatus</STRONG> (Thumb, 20 bytes, Stack size 0 bytes, stm32_eth.o(.text))
<BR><BR>[Called By]<UL><LI><a href="#[50]">&gt;&gt;</a>&nbsp;&nbsp;&nbsp;rt_stm32_eth_init
</UL>

<P><STRONG><a name="[150]"></a>ETH_GetDMAFlagStatus</STRONG> (Thumb, 128 bytes, Stack size 16 bytes, stm32_eth.o(.text), UNUSED)
<BR><BR>[Calls]<UL><LI><a href="#[f4]">&gt;&gt;</a>&nbsp;&nbsp;&nbsp;assert_failed
</UL>

<P><STRONG><a name="[151]"></a>ETH_DMAClearFlag</STRONG> (Thumb, 30 bytes, Stack size 8 bytes, stm32_eth.o(.text), UNUSED)
<BR><BR>[Calls]<UL><LI><a href="#[f4]">&gt;&gt;</a>&nbsp;&nbsp;&nbsp;assert_failed
</UL>

<P><STRONG><a name="[152]"></a>ETH_GetDMAITStatus</STRONG> (Thumb, 128 bytes, Stack size 16 bytes, stm32_eth.o(.text), UNUSED)
<BR><BR>[Calls]<UL><LI><a href="#[f4]">&gt;&gt;</a>&nbsp;&nbsp;&nbsp;assert_failed
</UL>

<P><STRONG><a name="[153]"></a>ETH_DMAClearITPendingBit</STRONG> (Thumb, 30 bytes, Stack size 8 bytes, stm32_eth.o(.text))
<BR><BR>[Stack]<UL><LI>Max Depth = 172<LI>Call Chain = ETH_DMAClearITPendingBit &rArr; assert_failed &rArr; rt_kprintf &rArr; vsnprintf &rArr; print_number
</UL>
<BR>[Calls]<UL><LI><a href="#[f4]">&gt;&gt;</a>&nbsp;&nbsp;&nbsp;assert_failed
</UL>
<BR>[Called By]<UL><LI><a href="#[43]">&gt;&gt;</a>&nbsp;&nbsp;&nbsp;ETH_IRQHandler
</UL>

<P><STRONG><a name="[450]"></a>ETH_GetTransmitProcessState</STRONG> (Thumb, 10 bytes, Stack size 0 bytes, stm32_eth.o(.text), UNUSED)

<P><STRONG><a name="[451]"></a>ETH_GetReceiveProcessState</STRONG> (Thumb, 10 bytes, Stack size 0 bytes, stm32_eth.o(.text), UNUSED)

<P><STRONG><a name="[452]"></a>ETH_GetFlushTransmitFIFOStatus</STRONG> (Thumb, 20 bytes, Stack size 0 bytes, stm32_eth.o(.text), UNUSED)

<P><STRONG><a name="[154]"></a>ETH_DMAITConfig</STRONG> (Thumb, 70 bytes, Stack size 16 bytes, stm32_eth.o(.text))
<BR><BR>[Stack]<UL><LI>Max Depth = 180<LI>Call Chain = ETH_DMAITConfig &rArr; assert_failed &rArr; rt_kprintf &rArr; vsnprintf &rArr; print_number
</UL>
<BR>[Calls]<UL><LI><a href="#[f4]">&gt;&gt;</a>&nbsp;&nbsp;&nbsp;assert_failed
</UL>
<BR>[Called By]<UL><LI><a href="#[50]">&gt;&gt;</a>&nbsp;&nbsp;&nbsp;rt_stm32_eth_init
</UL>

<P><STRONG><a name="[155]"></a>ETH_GetDMAOverflowStatus</STRONG> (Thumb, 66 bytes, Stack size 16 bytes, stm32_eth.o(.text), UNUSED)
<BR><BR>[Calls]<UL><LI><a href="#[f4]">&gt;&gt;</a>&nbsp;&nbsp;&nbsp;assert_failed
</UL>

<P><STRONG><a name="[453]"></a>ETH_GetRxOverflowMissedFrameCounter</STRONG> (Thumb, 10 bytes, Stack size 0 bytes, stm32_eth.o(.text), UNUSED)

<P><STRONG><a name="[454]"></a>ETH_GetBufferUnavailableMissedFrameCounter</STRONG> (Thumb, 8 bytes, Stack size 0 bytes, stm32_eth.o(.text), UNUSED)

<P><STRONG><a name="[455]"></a>ETH_GetCurrentTxDescStartAddress</STRONG> (Thumb, 6 bytes, Stack size 0 bytes, stm32_eth.o(.text), UNUSED)

<P><STRONG><a name="[456]"></a>ETH_GetCurrentRxDescStartAddress</STRONG> (Thumb, 6 bytes, Stack size 0 bytes, stm32_eth.o(.text), UNUSED)

<P><STRONG><a name="[457]"></a>ETH_GetCurrentTxBufferAddress</STRONG> (Thumb, 6 bytes, Stack size 0 bytes, stm32_eth.o(.text), UNUSED)

<P><STRONG><a name="[458]"></a>ETH_GetCurrentRxBufferAddress</STRONG> (Thumb, 6 bytes, Stack size 0 bytes, stm32_eth.o(.text), UNUSED)

<P><STRONG><a name="[16a]"></a>ETH_ResumeDMATransmission</STRONG> (Thumb, 8 bytes, Stack size 0 bytes, stm32_eth.o(.text))
<BR><BR>[Called By]<UL><LI><a href="#[43]">&gt;&gt;</a>&nbsp;&nbsp;&nbsp;ETH_IRQHandler
</UL>

<P><STRONG><a name="[169]"></a>ETH_ResumeDMAReception</STRONG> (Thumb, 8 bytes, Stack size 0 bytes, stm32_eth.o(.text))
<BR><BR>[Called By]<UL><LI><a href="#[43]">&gt;&gt;</a>&nbsp;&nbsp;&nbsp;ETH_IRQHandler
</UL>

<P><STRONG><a name="[459]"></a>ETH_ResetWakeUpFrameFilterRegisterPointer</STRONG> (Thumb, 14 bytes, Stack size 0 bytes, stm32_eth.o(.text), UNUSED)

<P><STRONG><a name="[45a]"></a>ETH_SetWakeUpFrameFilterRegister</STRONG> (Thumb, 24 bytes, Stack size 0 bytes, stm32_eth.o(.text), UNUSED)

<P><STRONG><a name="[156]"></a>ETH_GlobalUnicastWakeUpCmd</STRONG> (Thumb, 52 bytes, Stack size 8 bytes, stm32_eth.o(.text), UNUSED)
<BR><BR>[Calls]<UL><LI><a href="#[f4]">&gt;&gt;</a>&nbsp;&nbsp;&nbsp;assert_failed
</UL>

<P><STRONG><a name="[157]"></a>ETH_GetPMTFlagStatus</STRONG> (Thumb, 44 bytes, Stack size 16 bytes, stm32_eth.o(.text), UNUSED)
<BR><BR>[Calls]<UL><LI><a href="#[f4]">&gt;&gt;</a>&nbsp;&nbsp;&nbsp;assert_failed
</UL>

<P><STRONG><a name="[158]"></a>ETH_WakeUpFrameDetectionCmd</STRONG> (Thumb, 52 bytes, Stack size 8 bytes, stm32_eth.o(.text), UNUSED)
<BR><BR>[Calls]<UL><LI><a href="#[f4]">&gt;&gt;</a>&nbsp;&nbsp;&nbsp;assert_failed
</UL>

<P><STRONG><a name="[159]"></a>ETH_MagicPacketDetectionCmd</STRONG> (Thumb, 52 bytes, Stack size 8 bytes, stm32_eth.o(.text), UNUSED)
<BR><BR>[Calls]<UL><LI><a href="#[f4]">&gt;&gt;</a>&nbsp;&nbsp;&nbsp;assert_failed
</UL>

<P><STRONG><a name="[15a]"></a>ETH_PowerDownCmd</STRONG> (Thumb, 52 bytes, Stack size 8 bytes, stm32_eth.o(.text), UNUSED)
<BR><BR>[Calls]<UL><LI><a href="#[f4]">&gt;&gt;</a>&nbsp;&nbsp;&nbsp;assert_failed
</UL>

[...]
</UL>
<BR>[Calls]<UL><LI><a href="#[336]">&gt;&gt;</a>&nbsp;&nbsp;&nbsp;tcp_abandon
</UL>
<BR>[Called By]<UL><LI><a href="#[35b]">&gt;&gt;</a>&nbsp;&nbsp;&nbsp;tcp_alloc
</UL>

<P><STRONG><a name="[35c]"></a>tcp_oos_insert_segment</STRONG> (Thumb, 174 bytes, Stack size 24 bytes, tcp_in.o(.text))
<BR><BR>[Stack]<UL><LI>Max Depth = 404<LI>Call Chain = tcp_oos_insert_segment &rArr; tcp_segs_free &rArr; tcp_seg_free &rArr; pbuf_free &rArr; memp_free &rArr; rt_free &rArr; rt_sem_take &rArr; rt_schedule &rArr; _rt_scheduler_stack_check &rArr; list_thread &rArr; _list_thread &rArr; rt_kprintf &rArr; vsnprintf &rArr; print_number
</UL>
<BR>[Calls]<UL><LI><a href="#[174]">&gt;&gt;</a>&nbsp;&nbsp;&nbsp;ntohs
<LI><a href="#[173]">&gt;&gt;</a>&nbsp;&nbsp;&nbsp;htons
<LI><a href="#[348]">&gt;&gt;</a>&nbsp;&nbsp;&nbsp;tcp_seg_free
<LI><a href="#[33b]">&gt;&gt;</a>&nbsp;&nbsp;&nbsp;tcp_segs_free
<LI><a href="#[32d]">&gt;&gt;</a>&nbsp;&nbsp;&nbsp;pbuf_realloc
</UL>
<BR>[Called By]<UL><LI><a href="#[35d]">&gt;&gt;</a>&nbsp;&nbsp;&nbsp;tcp_receive
</UL>

<P><STRONG><a name="[35d]"></a>tcp_receive</STRONG> (Thumb, 2542 bytes, Stack size 64 bytes, tcp_in.o(.text))
<BR><BR>[Stack]<UL><LI>Max Depth = 700<LI>Call Chain = tcp_receive &rArr; tcp_output &rArr; tcp_output_segment &rArr; ip_output &rArr; ip_output_if &rArr; ip_frag &rArr; pbuf_alloc &rArr; pbuf_pool_is_empty &rArr; tcpip_callback_with_block &rArr; memp_malloc &rArr; rt_malloc &rArr; rt_sem_take &rArr; rt_schedule &rArr; _rt_scheduler_stack_check &rArr; list_thread &rArr; _list_thread &rArr; rt_kprintf &rArr; vsnprintf &rArr; print_number
</UL>
<BR>[Calls]<UL><LI><a href="#[174]">&gt;&gt;</a>&nbsp;&nbsp;&nbsp;ntohs
<LI><a href="#[173]">&gt;&gt;</a>&nbsp;&nbsp;&nbsp;htons
<LI><a href="#[2e8]">&gt;&gt;</a>&nbsp;&nbsp;&nbsp;pbuf_cat
<LI><a href="#[2c1]">&gt;&gt;</a>&nbsp;&nbsp;&nbsp;tcp_output
<LI><a href="#[360]">&gt;&gt;</a>&nbsp;&nbsp;&nbsp;tcp_send_empty_ack
<LI><a href="#[35e]">&gt;&gt;</a>&nbsp;&nbsp;&nbsp;tcp_rexmit_fast
<LI><a href="#[35c]">&gt;&gt;</a>&nbsp;&nbsp;&nbsp;tcp_oos_insert_segment
<LI><a href="#[358]">&gt;&gt;</a>&nbsp;&nbsp;&nbsp;tcp_seg_copy
<LI><a href="#[351]">&gt;&gt;</a>&nbsp;&nbsp;&nbsp;tcp_update_rcv_ann_wnd
<LI><a href="#[348]">&gt;&gt;</a>&nbsp;&nbsp;&nbsp;tcp_seg_free
<LI><a href="#[35f]">&gt;&gt;</a>&nbsp;&nbsp;&nbsp;pbuf_clen
<LI><a href="#[344]">&gt;&gt;</a>&nbsp;&nbsp;&nbsp;pbuf_header
<LI><a href="#[32d]">&gt;&gt;</a>&nbsp;&nbsp;&nbsp;pbuf_realloc
<LI><a href="#[328]">&gt;&gt;</a>&nbsp;&nbsp;&nbsp;ntohl
</UL>
<BR>[Called By]<UL><LI><a href="#[362]">&gt;&gt;</a>&nbsp;&nbsp;&nbsp;tcp_process
</UL>

<P><STRONG><a name="[361]"></a>tcp_parseopt</STRONG> (Thumb, 198 bytes, Stack size 32 bytes, tcp_in.o(.text))
<BR><BR>[Stack]<UL><LI>Max Depth = 36<LI>Call Chain = tcp_parseopt &rArr; ntohs
</UL>
<BR>[Calls]<UL><LI><a href="#[174]">&gt;&gt;</a>&nbsp;&nbsp;&nbsp;ntohs
</UL>
<BR>[Called By]<UL><LI><a href="#[364]">&gt;&gt;</a>&nbsp;&nbsp;&nbsp;tcp_listen_input
<LI><a href="#[362]">&gt;&gt;</a>&nbsp;&nbsp;&nbsp;tcp_process
</UL>

<P><STRONG><a name="[362]"></a>tcp_process</STRONG> (Thumb, 1414 bytes, Stack size 32 bytes, tcp_in.o(.text))
<BR><BR>[Stack]<UL><LI>Max Depth = 740<LI>Call Chain = tcp_process &rArr; tcp_abandon &rArr; tcp_pcb_remove &rArr; tcp_output &rArr; tcp_output_segment &rArr; ip_output &rArr; ip_output_if &rArr; ip_frag &rArr; pbuf_alloc &rArr; pbuf_pool_is_empty &rArr; tcpip_callback_with_block &rArr; memp_malloc &rArr; rt_malloc &rArr; rt_sem_take &rArr; rt_schedule &rArr; _rt_scheduler_stack_check &rArr; list_thread &rArr; _list_thread &rArr; rt_kprintf &rArr; vsnprintf &rArr; print_number
</UL>
<BR>[Calls]<UL><LI><a href="#[311]">&gt;&gt;</a>&nbsp;&nbsp;&nbsp;tcp_timer_needed
<LI><a href="#[2c1]">&gt;&gt;</a>&nbsp;&nbsp;&nbsp;tcp_output
<LI><a href="#[363]">&gt;&gt;</a>&nbsp;&nbsp;&nbsp;tcp_rexmit
<LI><a href="#[361]">&gt;&gt;</a>&nbsp;&nbsp;&nbsp;tcp_parseopt
<LI><a href="#[35d]">&gt;&gt;</a>&nbsp;&nbsp;&nbsp;tcp_receive
<LI><a href="#[34e]">&gt;&gt;</a>&nbsp;&nbsp;&nbsp;tcp_rst
<LI><a href="#[355]">&gt;&gt;</a>&nbsp;&nbsp;&nbsp;tcp_eff_send_mss
<LI><a href="#[349]">&gt;&gt;</a>&nbsp;&nbsp;&nbsp;tcp_pcb_purge
<LI><a href="#[348]">&gt;&gt;</a>&nbsp;&nbsp;&nbsp;tcp_seg_free
<LI><a href="#[336]">&gt;&gt;</a>&nbsp;&nbsp;&nbsp;tcp_abandon
<LI><a href="#[328]">&gt;&gt;</a>&nbsp;&nbsp;&nbsp;ntohl
</UL>
<BR>[Called By]<UL><LI><a href="#[366]">&gt;&gt;</a>&nbsp;&nbsp;&nbsp;tcp_input
</UL>

<P><STRONG><a name="[364]"></a>tcp_listen_input</STRONG> (Thumb, 328 bytes, Stack size 24 bytes, tcp_in.o(.text))
<BR><BR>[Stack]<UL><LI>Max Depth = 772<LI>Call Chain = tcp_listen_input &rArr; tcp_alloc &rArr; tcp_kill_prio &rArr; tcp_abandon &rArr; tcp_pcb_remove &rArr; tcp_output &rArr; tcp_output_segment &rArr; ip_output &rArr; ip_output_if &rArr; ip_frag &rArr; pbuf_alloc &rArr; pbuf_pool_is_empty &rArr; tcpip_callback_with_block &rArr; memp_malloc &rArr; rt_malloc &rArr; rt_sem_take &rArr; rt_schedule &rArr; _rt_scheduler_stack_check &rArr; list_thread &rArr; _list_thread &rArr; rt_kprintf &rArr; vsnprintf &rArr; print_number
</UL>
<BR>[Calls]<UL><LI><a href="#[311]">&gt;&gt;</a>&nbsp;&nbsp;&nbsp;tcp_timer_needed
<LI><a href="#[2c1]">&gt;&gt;</a>&nbsp;&nbsp;&nbsp;tcp_output
<LI><a href="#[361]">&gt;&gt;</a>&nbsp;&nbsp;&nbsp;tcp_parseopt
<LI><a href="#[34e]">&gt;&gt;</a>&nbsp;&nbsp;&nbsp;tcp_rst
<LI><a href="#[357]">&gt;&gt;</a>&nbsp;&nbsp;&nbsp;tcp_enqueue
<LI><a href="#[35b]">&gt;&gt;</a>&nbsp;&nbsp;&nbsp;tcp_alloc
<LI><a href="#[355]">&gt;&gt;</a>&nbsp;&nbsp;&nbsp;tcp_eff_send_mss
<LI><a href="#[336]">&gt;&gt;</a>&nbsp;&nbsp;&nbsp;tcp_abandon
</UL>
<BR>[Called By]<UL><LI><a href="#[366]">&gt;&gt;</a>&nbsp;&nbsp;&nbsp;tcp_input
</UL>

<P><STRONG><a name="[365]"></a>tcp_timewait_input</STRONG> (Thumb, 150 bytes, Stack size 16 bytes, tcp_in.o(.text))
<BR><BR>[Stack]<UL><LI>Max Depth = 652<LI>Call Chain = tcp_timewait_input &rArr; tcp_output &rArr; tcp_output_segment &rArr; ip_output &rArr; ip_output_if &rArr; ip_frag &rArr; pbuf_alloc &rArr; pbuf_pool_is_empty &rArr; tcpip_callback_with_block &rArr; memp_malloc &rArr; rt_malloc &rArr; rt_sem_take &rArr; rt_schedule &rArr; _rt_scheduler_stack_check &rArr; list_thread &rArr; _list_thread &rArr; rt_kprintf &rArr; vsnprintf &rArr; print_number
</UL>
<BR>[Calls]<UL><LI><a href="#[2c1]">&gt;&gt;</a>&nbsp;&nbsp;&nbsp;tcp_output
<LI><a href="#[34e]">&gt;&gt;</a>&nbsp;&nbsp;&nbsp;tcp_rst
</UL>
<BR>[Called By]<UL><LI><a href="#[366]">&gt;&gt;</a>&nbsp;&nbsp;&nbsp;tcp_input
</UL>

<P><STRONG><a name="[368]"></a>tcp_output_set_header</STRONG> (Thumb, 138 bytes, Stack size 32 bytes, tcp_out.o(.text))
<BR><BR>[Stack]<UL><LI>Max Depth = 36<LI>Call Chain = tcp_output_set_header &rArr; ntohs
</UL>
<BR>[Calls]<UL><LI><a href="#[174]">&gt;&gt;</a>&nbsp;&nbsp;&nbsp;ntohs
<LI><a href="#[173]">&gt;&gt;</a>&nbsp;&nbsp;&nbsp;htons
<LI><a href="#[321]">&gt;&gt;</a>&nbsp;&nbsp;&nbsp;htonl
</UL>
<BR>[Called By]<UL><LI><a href="#[360]">&gt;&gt;</a>&nbsp;&nbsp;&nbsp;tcp_send_empty_ack
<LI><a href="#[34b]">&gt;&gt;</a>&nbsp;&nbsp;&nbsp;tcp_zero_window_probe
<LI><a href="#[34d]">&gt;&gt;</a>&nbsp;&nbsp;&nbsp;tcp_keepalive
</UL>

<P><STRONG><a name="[369]"></a>tcp_build_extra_option</STRONG> (Thumb, 24 bytes, Stack size 16 bytes, tcp_out.o(.text))
<BR><BR>[Stack]<UL><LI>Max Depth = 16<LI>Call Chain = tcp_build_extra_option
</UL>
<BR>[Calls]<UL><LI><a href="#[321]">&gt;&gt;</a>&nbsp;&nbsp;&nbsp;htonl
</UL>
<BR>[Called By]<UL><LI><a href="#[36b]">&gt;&gt;</a>&nbsp;&nbsp;&nbsp;tcp_output_segment
</UL>

<P><STRONG><a name="[36b]"></a>tcp_output_segment</STRONG> (Thumb, 210 bytes, Stack size 32 bytes, tcp_out.o(.text))
<BR><BR>[Stack]<UL><LI>Max Depth = 604<LI>Call Chain = tcp_output_segment &rArr; ip_output &rArr; ip_output_if &rArr; ip_frag &rArr; pbuf_alloc &rArr; pbuf_pool_is_empty &rArr; tcpip_callback_with_block &rArr; memp_malloc &rArr; rt_malloc &rArr; rt_sem_take &rArr; rt_schedule &rArr; _rt_scheduler_stack_check &rArr; list_thread &rArr; _list_thread &rArr; rt_kprintf &rArr; vsnprintf &rArr; print_number
</UL>
<BR>[Calls]<UL><LI><a href="#[173]">&gt;&gt;</a>&nbsp;&nbsp;&nbsp;htons
<LI><a href="#[321]">&gt;&gt;</a>&nbsp;&nbsp;&nbsp;htonl
<LI><a href="#[36a]">&gt;&gt;</a>&nbsp;&nbsp;&nbsp;ip_output
<LI><a href="#[369]">&gt;&gt;</a>&nbsp;&nbsp;&nbsp;tcp_build_extra_option
<LI><a href="#[345]">&gt;&gt;</a>&nbsp;&nbsp;&nbsp;ip_route
<LI><a href="#[328]">&gt;&gt;</a>&nbsp;&nbsp;&nbsp;ntohl
</UL>
<BR>[Called By]<UL><LI><a href="#[2c1]">&gt;&gt;</a>&nbsp;&nbsp;&nbsp;tcp_output
</UL>

<P><STRONG><a name="[371]"></a>icmp_send_response</STRONG> (Thumb, 132 bytes, Stack size 40 bytes, icmp.o(.text))
<BR><BR>[Stack]<UL><LI>Max Depth = 612<LI>Call Chain = icmp_send_response &rArr; ip_output &rArr; ip_output_if &rArr; ip_frag &rArr; pbuf_alloc &rArr; pbuf_pool_is_empty &rArr; tcpip_callback_with_block &rArr; memp_malloc &rArr; rt_malloc &rArr; rt_sem_take &rArr; rt_schedule &rArr; _rt_scheduler_stack_check &rArr; list_thread &rArr; _list_thread &rArr; rt_kprintf &rArr; vsnprintf &rArr; print_number
</UL>
<BR>[Calls]<UL><LI><a href="#[176]">&gt;&gt;</a>&nbsp;&nbsp;&nbsp;pbuf_alloc
<LI><a href="#[2ba]">&gt;&gt;</a>&nbsp;&nbsp;&nbsp;pbuf_free
<LI><a href="#[372]">&gt;&gt;</a>&nbsp;&nbsp;&nbsp;inet_chksum
<LI><a href="#[36a]">&gt;&gt;</a>&nbsp;&nbsp;&nbsp;ip_output
<LI><a href="#[299]">&gt;&gt;</a>&nbsp;&nbsp;&nbsp;__aeabi_memcpy
</UL>
<BR>[Called By]<UL><LI><a href="#[373]">&gt;&gt;</a>&nbsp;&nbsp;&nbsp;icmp_time_exceeded
<LI><a href="#[36d]">&gt;&gt;</a>&nbsp;&nbsp;&nbsp;icmp_dest_unreach
</UL>

<P><STRONG><a name="[375]"></a>lwip_standard_chksum</STRONG> (Thumb, 74 bytes, Stack size 24 bytes, inet_chksum.o(.text))
<BR><BR>[Stack]<UL><LI>Max Depth = 24<LI>Call Chain = lwip_standard_chksum
</UL>
<BR>[Calls]<UL><LI><a href="#[173]">&gt;&gt;</a>&nbsp;&nbsp;&nbsp;htons
</UL>
<BR>[Called By]<UL><LI><a href="#[376]">&gt;&gt;</a>&nbsp;&nbsp;&nbsp;inet_chksum_pseudo
<LI><a href="#[370]">&gt;&gt;</a>&nbsp;&nbsp;&nbsp;inet_chksum_pbuf
<LI><a href="#[372]">&gt;&gt;</a>&nbsp;&nbsp;&nbsp;inet_chksum
</UL>

<P><STRONG><a name="[37a]"></a>ip_reass_dequeue_datagram</STRONG> (Thumb, 40 bytes, Stack size 16 bytes, ip_frag.o(.text))
<BR><BR>[Stack]<UL><LI>Max Depth = 332<LI>Call Chain = ip_reass_dequeue_datagram &rArr; memp_free &rArr; rt_free &rArr; rt_sem_take &rArr; rt_schedule &rArr; _rt_scheduler_stack_check &rArr; list_thread &rArr; _list_thread &rArr; rt_kprintf &rArr; vsnprintf &rArr; print_number
</UL>
<BR>[Calls]<UL><LI><a href="#[2a3]">&gt;&gt;</a>&nbsp;&nbsp;&nbsp;memp_free
</UL>
<BR>[Called By]<UL><LI><a href="#[37b]">&gt;&gt;</a>&nbsp;&nbsp;&nbsp;ip_reass_free_complete_datagram
<LI><a href="#[378]">&gt;&gt;</a>&nbsp;&nbsp;&nbsp;ip_reass
</UL>

<P><STRONG><a name="[37b]"></a>ip_reass_free_complete_datagram</STRONG> (Thumb, 130 bytes, Stack size 32 bytes, ip_frag.o(.text))
<BR><BR>[Stack]<UL><LI>Max Depth = 660<LI>Call Chain = ip_reass_free_complete_datagram &rArr; icmp_time_exceeded &rArr; icmp_send_response &rArr; ip_output &rArr; ip_output_if &rArr; ip_frag &rArr; pbuf_alloc &rArr; pbuf_pool_is_empty &rArr; tcpip_callback_with_block &rArr; memp_malloc &rArr; rt_malloc &rArr; rt_sem_take &rArr; rt_schedule &rArr; _rt_scheduler_stack_check &rArr; list_thread &rArr; _list_thread &rArr; rt_kprintf &rArr; vsnprintf &rArr; print_number
</UL>
<BR>[Calls]<UL><LI><a href="#[2ba]">&gt;&gt;</a>&nbsp;&nbsp;&nbsp;pbuf_free
<LI><a href="#[37a]">&gt;&gt;</a>&nbsp;&nbsp;&nbsp;ip_reass_dequeue_datagram
<LI><a href="#[373]">&gt;&gt;</a>&nbsp;&nbsp;&nbsp;icmp_time_exceeded
<LI><a href="#[35f]">&gt;&gt;</a>&nbsp;&nbsp;&nbsp;pbuf_clen
<LI><a href="#[299]">&gt;&gt;</a>&nbsp;&nbsp;&nbsp;__aeabi_memcpy
</UL>
<BR>[Called By]<UL><LI><a href="#[312]">&gt;&gt;</a>&nbsp;&nbsp;&nbsp;ip_reass_tmr
<LI><a href="#[37c]">&gt;&gt;</a>&nbsp;&nbsp;&nbsp;ip_reass_remove_oldest_datagram
</UL>

<P><STRONG><a name="[37c]"></a>ip_reass_remove_oldest_datagram</STRONG> (Thumb, 118 bytes, Stack size 40 bytes, ip_frag.o(.text))
<BR><BR>[Stack]<UL><LI>Max Depth = 700<LI>Call Chain = ip_reass_remove_oldest_datagram &rArr; ip_reass_free_complete_datagram &rArr; icmp_time_exceeded &rArr; icmp_send_response &rArr; ip_output &rArr; ip_output_if &rArr; ip_frag &rArr; pbuf_alloc &rArr; pbuf_pool_is_empty &rArr; tcpip_callback_with_block &rArr; memp_malloc &rArr; rt_malloc &rArr; rt_sem_take &rArr; rt_schedule &rArr; _rt_scheduler_stack_check &rArr; list_thread &rArr; _list_thread &rArr; rt_kprintf &rArr; vsnprintf &rArr; print_number
</UL>
<BR>[Calls]<UL><LI><a href="#[37b]">&gt;&gt;</a>&nbsp;&nbsp;&nbsp;ip_reass_free_complete_datagram
</UL>
<BR>[Called By]<UL><LI><a href="#[37d]">&gt;&gt;</a>&nbsp;&nbsp;&nbsp;ip_reass_enqueue_new_datagram
<LI><a href="#[378]">&gt;&gt;</a>&nbsp;&nbsp;&nbsp;ip_reass
</UL>

<P><STRONG><a name="[37d]"></a>ip_reass_enqueue_new_datagram</STRONG> (Thumb, 84 bytes, Stack size 16 bytes, ip_frag.o(.text))
<BR><BR>[Stack]<UL><LI>Max Depth = 716<LI>Call Chain = ip_reass_enqueue_new_datagram &rArr; ip_reass_remove_oldest_datagram &rArr; ip_reass_free_complete_datagram &rArr; icmp_time_exceeded &rArr; icmp_send_response &rArr; ip_output &rArr; ip_output_if &rArr; ip_frag &rArr; pbuf_alloc &rArr; pbuf_pool_is_empty &rArr; tcpip_callback_with_block &rArr; memp_malloc &rArr; rt_malloc &rArr; rt_sem_take &rArr; rt_schedule &rArr; _rt_scheduler_stack_check &rArr; list_thread &rArr; _list_thread &rArr; rt_kprintf &rArr; vsnprintf &rArr; print_number
</UL>
<BR>[Calls]<UL><LI><a href="#[2ae]">&gt;&gt;</a>&nbsp;&nbsp;&nbsp;memp_malloc
<LI><a href="#[37c]">&gt;&gt;</a>&nbsp;&nbsp;&nbsp;ip_reass_remove_oldest_datagram
<LI><a href="#[24d]">&gt;&gt;</a>&nbsp;&nbsp;&nbsp;__aeabi_memclr4
<LI><a href="#[299]">&gt;&gt;</a>&nbsp;&nbsp;&nbsp;__aeabi_memcpy
</UL>
<BR>[Called By]<UL><LI><a href="#[378]">&gt;&gt;</a>&nbsp;&nbsp;&nbsp;ip_reass
</UL>

<P><STRONG><a name="[37e]"></a>ip_reass_chain_frag_into_datagram_and_validate</STRONG> (Thumb, 346 bytes, Stack size 48 bytes, ip_frag.o(.text))
<BR><BR>[Stack]<UL><LI>Max Depth = 396<LI>Call Chain = ip_reass_chain_frag_into_datagram_and_validate &rArr; pbuf_free &rArr; memp_free &rArr; rt_free &rArr; rt_sem_take &rArr; rt_schedule &rArr; _rt_scheduler_stack_check &rArr; list_thread &rArr; _list_thread &rArr; rt_kprintf &rArr; vsnprintf &rArr; print_number
</UL>
<BR>[Calls]<UL><LI><a href="#[174]">&gt;&gt;</a>&nbsp;&nbsp;&nbsp;ntohs
<LI><a href="#[2ba]">&gt;&gt;</a>&nbsp;&nbsp;&nbsp;pbuf_free
<LI><a href="#[35f]">&gt;&gt;</a>&nbsp;&nbsp;&nbsp;pbuf_clen
</UL>
<BR>[Called By]<UL><LI><a href="#[378]">&gt;&gt;</a>&nbsp;&nbsp;&nbsp;ip_reass
</UL>

<P><STRONG><a name="[37f]"></a>free_etharp_q</STRONG> (Thumb, 42 bytes, Stack size 16 bytes, etharp.o(.text))
<BR><BR>[Stack]<UL><LI>Max Depth = 364<LI>Call Chain = free_etharp_q &rArr; pbuf_free &rArr; memp_free &rArr; rt_free &rArr; rt_sem_take &rArr; rt_schedule &rArr; _rt_scheduler_stack_check &rArr; list_thread &rArr; _list_thread &rArr; rt_kprintf &rArr; vsnprintf &rArr; print_number
</UL>
<BR>[Calls]<UL><LI><a href="#[2ba]">&gt;&gt;</a>&nbsp;&nbsp;&nbsp;pbuf_free
<LI><a href="#[2a3]">&gt;&gt;</a>&nbsp;&nbsp;&nbsp;memp_free
</UL>
<BR>[Called By]<UL><LI><a href="#[313]">&gt;&gt;</a>&nbsp;&nbsp;&nbsp;etharp_tmr
<LI><a href="#[380]">&gt;&gt;</a>&nbsp;&nbsp;&nbsp;find_entry
</UL>

<P><STRONG><a name="[380]"></a>find_entry</STRONG> (Thumb, 510 bytes, Stack size 48 bytes, etharp.o(.text))
<BR><BR>[Stack]<UL><LI>Max Depth = 412<LI>Call Chain = find_entry &rArr; free_etharp_q &rArr; pbuf_free &rArr; memp_free &rArr; rt_free &rArr; rt_sem_take &rArr; rt_schedule &rArr; _rt_scheduler_stack_check &rArr; list_thread &rArr; _list_thread &rArr; rt_kprintf &rArr; vsnprintf &rArr; print_number
</UL>
<BR>[Calls]<UL><LI><a href="#[37f]">&gt;&gt;</a>&nbsp;&nbsp;&nbsp;free_etharp_q
</UL>
<BR>[Called By]<UL><LI><a href="#[387]">&gt;&gt;</a>&nbsp;&nbsp;&nbsp;etharp_query
<LI><a href="#[383]">&gt;&gt;</a>&nbsp;&nbsp;&nbsp;etharp_find_addr
<LI><a href="#[382]">&gt;&gt;</a>&nbsp;&nbsp;&nbsp;update_arp_entry
</UL>

<P><STRONG><a name="[381]"></a>etharp_send_ip</STRONG> (Thumb, 70 bytes, Stack size 32 bytes, etharp.o(.text))
<BR><BR>[Stack]<UL><LI>Max Depth = 32<LI>Call Chain = etharp_send_ip
</UL>
<BR>[Calls]<UL><LI><a href="#[173]">&gt;&gt;</a>&nbsp;&nbsp;&nbsp;htons
</UL>
<BR>[Called By]<UL><LI><a href="#[80]">&gt;&gt;</a>&nbsp;&nbsp;&nbsp;etharp_output
<LI><a href="#[387]">&gt;&gt;</a>&nbsp;&nbsp;&nbsp;etharp_query
<LI><a href="#[382]">&gt;&gt;</a>&nbsp;&nbsp;&nbsp;update_arp_entry
</UL>

<P><STRONG><a name="[382]"></a>update_arp_entry</STRONG> (Thumb, 248 bytes, Stack size 40 bytes, etharp.o(.text))
<BR><BR>[Stack]<UL><LI>Max Depth = 452<LI>Call Chain = update_arp_entry &rArr; find_entry &rArr; free_etharp_q &rArr; pbuf_free &rArr; memp_free &rArr; rt_free &rArr; rt_sem_take &rArr; rt_schedule &rArr; _rt_scheduler_stack_check &rArr; list_thread &rArr; _list_thread &rArr; rt_kprintf &rArr; vsnprintf &rArr; print_number
</UL>
<BR>[Calls]<UL><LI><a href="#[2ba]">&gt;&gt;</a>&nbsp;&nbsp;&nbsp;pbuf_free
<LI><a href="#[2a3]">&gt;&gt;</a>&nbsp;&nbsp;&nbsp;memp_free
<LI><a href="#[381]">&gt;&gt;</a>&nbsp;&nbsp;&nbsp;etharp_send_ip
<LI><a href="#[380]">&gt;&gt;</a>&nbsp;&nbsp;&nbsp;find_entry
<LI><a href="#[367]">&gt;&gt;</a>&nbsp;&nbsp;&nbsp;ip_addr_isbroadcast
<LI><a href="#[328]">&gt;&gt;</a>&nbsp;&nbsp;&nbsp;ntohl
</UL>
<BR>[Called By]<UL><LI><a href="#[385]">&gt;&gt;</a>&nbsp;&nbsp;&nbsp;etharp_arp_input
<LI><a href="#[384]">&gt;&gt;</a>&nbsp;&nbsp;&nbsp;etharp_ip_input
</UL>

<P><STRONG><a name="[386]"></a>etharp_raw</STRONG> (Thumb, 190 bytes, Stack size 40 bytes, etharp.o(.text))
<BR><BR>[Stack]<UL><LI>Max Depth = 452<LI>Call Chain = etharp_raw &rArr; pbuf_alloc &rArr; pbuf_pool_is_empty &rArr; tcpip_callback_with_block &rArr; memp_malloc &rArr; rt_malloc &rArr; rt_sem_take &rArr; rt_schedule &rArr; _rt_scheduler_stack_check &rArr; list_thread &rArr; _list_thread &rArr; rt_kprintf &rArr; vsnprintf &rArr; print_number
</UL>
<BR>[Calls]<UL><LI><a href="#[176]">&gt;&gt;</a>&nbsp;&nbsp;&nbsp;pbuf_alloc
<LI><a href="#[173]">&gt;&gt;</a>&nbsp;&nbsp;&nbsp;htons
<LI><a href="#[2ba]">&gt;&gt;</a>&nbsp;&nbsp;&nbsp;pbuf_free
</UL>
<BR>[Called By]<UL><LI><a href="#[33a]">&gt;&gt;</a>&nbsp;&nbsp;&nbsp;etharp_request
</UL>

<P><STRONG><a name="[390]"></a>SetSysClockTo72</STRONG> (Thumb, 240 bytes, Stack size 0 bytes, system_stm32f10x.o(.text))
<BR><BR>[Called By]<UL><LI><a href="#[38f]">&gt;&gt;</a>&nbsp;&nbsp;&nbsp;SetSysClock
</UL>

<P><STRONG><a name="[38f]"></a>SetSysClock</STRONG> (Thumb, 8 bytes, Stack size 8 bytes, system_stm32f10x.o(.text))
<BR><BR>[Stack]<UL><LI>Max Depth = 8<LI>Call Chain = SetSysClock
</UL>
<BR>[Calls]<UL><LI><a href="#[390]">&gt;&gt;</a>&nbsp;&nbsp;&nbsp;SetSysClockTo72
</UL>
<BR>[Called By]<UL><LI><a href="#[83]">&gt;&gt;</a>&nbsp;&nbsp;&nbsp;SystemInit
</UL>

<P><STRONG><a name="[409]"></a>_fp_digits</STRONG> (Thumb, 428 bytes, Stack size 96 bytes, _printf_fp_dec.o(.text))
<BR><BR>[Stack]<UL><LI>Max Depth = 216<LI>Call Chain = _fp_digits &rArr; _btod_etento &rArr; _btod_emul &rArr; _e2e
</UL>
<BR>[Calls]<UL><LI><a href="#[40d]">&gt;&gt;</a>&nbsp;&nbsp;&nbsp;_btod_emul
<LI><a href="#[40c]">&gt;&gt;</a>&nbsp;&nbsp;&nbsp;_btod_ediv
<LI><a href="#[40b]">&gt;&gt;</a>&nbsp;&nbsp;&nbsp;_btod_d2e
<LI><a href="#[40a]">&gt;&gt;</a>&nbsp;&nbsp;&nbsp;_btod_etento
<LI><a href="#[40e]">&gt;&gt;</a>&nbsp;&nbsp;&nbsp;_ll_udiv10
</UL>
<BR>[Called By]<UL><LI><a href="#[40f]">&gt;&gt;</a>&nbsp;&nbsp;&nbsp;_printf_fp_dec_real
</UL>

<P><STRONG><a name="[87]"></a>_printf_input_char</STRONG> (Thumb, 10 bytes, Stack size 0 bytes, _printf_char_common.o(.text))
<BR>[Address Reference Count : 1]<UL><LI> _printf_char_common.o(.text)
</UL><P>
<H3>
Undefined Global Symbols
</H3><HR></body></html>
