ARM Linker, 4.1 [Build 894] [Standard]

==============================================================================

Section Cross References

    application.o(.text) refers to ethernetif.o(.text) for eth_system_device_init
    application.o(.text) refers to stm32_eth.o(.text) for rt_hw_stm32_eth_init
    application.o(.text) refers to device.o(.text) for rt_device_init_all
    application.o(.text) refers to sys_arch_init.o(.text) for lwip_sys_init
    application.o(.text) refers to kservice.o(.text) for rt_kprintf
    application.o(.text) refers to thread.o(.text) for rt_thread_create
    startup.o(.text) refers to kservice.o(.text) for rt_kprintf
    startup.o(.text) refers to board.o(.text) for rt_hw_board_init
    startup.o(.text) refers to clock.o(.text) for rt_system_tick_init
    startup.o(.text) refers to object.o(.text) for rt_system_object_init
    startup.o(.text) refers to timer.o(.text) for rt_system_timer_init
    startup.o(.text) refers to mem.o(.text) for rt_system_heap_init
    startup.o(.text) refers to ad7606.o(.text) for ad7606_init
    startup.o(.text) refers to scheduler.o(.text) for rt_system_scheduler_init
    startup.o(.text) refers to device.o(.text) for rt_device_init_all
    startup.o(.text) refers to application.o(.text) for rt_application_init
    startup.o(.text) refers to shell.o(.text) for finsh_system_init
    startup.o(.text) refers to idle.o(.text) for rt_thread_idle_init
    startup.o(.text) refers to context_rvds.o(.text) for rt_hw_interrupt_disable
    board.o(.text) refers to misc.o(.text) for NVIC_SetVectorTable
    board.o(.text) refers to stm32f10x_rcc.o(.text) for RCC_GetClocksFreq
    board.o(.text) refers to irq.o(.text) for rt_interrupt_enter
    board.o(.text) refers to clock.o(.text) for rt_tick_increase
    board.o(.text) refers to usart.o(.text) for rt_hw_usart_init
    board.o(.text) refers to kservice.o(.text) for rt_console_set_device
    stm32f10x_it.o(.text) refers to board.o(.text) for rt_hw_timer_handler
    stm32f10x_it.o(.text) refers to irq.o(.text) for rt_interrupt_enter
    stm32f10x_it.o(.text) refers to serial.o(.text) for rt_hw_serial_isr
    stm32f10x_it.o(.text) refers to usart.o(.bss) for uart2_device
    usart.o(.text) refers to stm32f10x_rcc.o(.text) for RCC_APB2PeriphClockCmd
    usart.o(.text) refers to stm32f10x_gpio.o(.text) for GPIO_PinRemapConfig
    usart.o(.text) refers to misc.o(.text) for NVIC_Init
    usart.o(.text) refers to stm32f10x_usart.o(.text) for USART_Init
    usart.o(.text) refers to serial.o(.text) for rt_hw_serial_register
    usart.o(.text) refers to usart.o(.data) for uart2
    usart.o(.text) refers to usart.o(.bss) for uart2_device
    usart.o(.data) refers to usart.o(.bss) for uart2_int_rx
    serial.o(.text) refers to kservice.o(.text) for rt_memset
    serial.o(.text) refers to mempool.o(.text) for rt_mp_init
    serial.o(.text) refers to stm32f10x_usart.o(.text) for USART_Cmd
    serial.o(.text) refers to context_rvds.o(.text) for rt_hw_interrupt_disable
    serial.o(.text) refers to stm32f10x_dma.o(.text) for DMA_Cmd
    serial.o(.text) refers to device.o(.text) for rt_device_register
    serial.o(.text) refers to serial.o(.constdata) for __FUNCTION__
    stm32_eth.o(.text) refers to stm32f10x_rcc.o(.text) for RCC_AHBPeriphResetCmd
    stm32_eth.o(.text) refers to startup.o(.text) for assert_failed
    stm32_eth.o(.text) refers to stm32_eth.o(.data) for DMATxDescToSet
    stm32_eth.o(.text) refers to irq.o(.text) for rt_interrupt_enter
    stm32_eth.o(.text) refers to ethernetif.o(.text) for eth_device_ready
    stm32_eth.o(.text) refers to ipc.o(.text) for rt_sem_release
    stm32_eth.o(.text) refers to kservice.o(.text) for rt_set_errno
    stm32_eth.o(.text) refers to inet.o(.text) for htons
    stm32_eth.o(.text) refers to pbuf.o(.text) for pbuf_alloc
    stm32_eth.o(.text) refers to misc.o(.text) for NVIC_Init
    stm32_eth.o(.text) refers to stm32f10x_gpio.o(.text) for GPIO_PinRemapConfig
    stm32_eth.o(.text) refers to stm32_eth.o(.bss) for stm32_eth_device
    msd.o(.text) refers to stm32f10x_spi.o(.text) for SPI_I2S_GetFlagStatus
    msd.o(.text) refers to stm32f10x_gpio.o(.text) for GPIO_ResetBits
    msd.o(.text) refers to stm32f10x_rcc.o(.text) for RCC_APB2PeriphClockCmd
    msd.o(.text) refers to kservice.o(.text) for rt_kprintf
    msd.o(.text) refers to msd.o(.bss) for part
    msd.o(.text) refers to mem.o(.text) for rt_malloc
    msd.o(.text) refers to dfs_fs.o(.text) for dfs_filesystem_get_partition
    msd.o(.text) refers to device.o(.text) for rt_device_register
    msd.o(.text) refers to msd.o(.constdata) for __FUNCTION__
    clock.o(.text) refers to context_rvds.o(.text) for rt_hw_interrupt_disable
    clock.o(.text) refers to thread.o(.text) for rt_thread_self
    clock.o(.text) refers to timer.o(.text) for rt_timer_check
    clock.o(.text) refers to clock.o(.data) for rt_tick
    device.o(.text) refers to object.o(.text) for rt_object_init
[...]
    netconn_delete                           0x0800d7b3   Thumb Code    40  api_lib.o(.text)
    netconn_getaddr                          0x0800d7db   Thumb Code    76  api_lib.o(.text)
    netconn_bind                             0x0800d827   Thumb Code    48  api_lib.o(.text)
    netconn_connect                          0x0800d857   Thumb Code    48  api_lib.o(.text)
    netconn_disconnect                       0x0800d887   Thumb Code    38  api_lib.o(.text)
    netconn_listen_with_backlog              0x0800d8ad   Thumb Code    40  api_lib.o(.text)
    netconn_accept                           0x0800d8d5   Thumb Code    62  api_lib.o(.text)
    netconn_recv                             0x0800d913   Thumb Code   322  api_lib.o(.text)
    netconn_send                             0x0800da55   Thumb Code    46  api_lib.o(.text)
    netconn_sendto                           0x0800da83   Thumb Code    36  api_lib.o(.text)
    netconn_write                            0x0800daa7   Thumb Code    68  api_lib.o(.text)
    netconn_close                            0x0800daeb   Thumb Code    38  api_lib.o(.text)
    netconn_gethostbyname                    0x0800db11   Thumb Code   136  api_lib.o(.text)
    netconn_free                             0x0800e009   Thumb Code   114  api_msg.o(.text)
    netconn_alloc                            0x0800e07b   Thumb Code   146  api_msg.o(.text)
    do_newconn                               0x0800e21b   Thumb Code    26  api_msg.o(.text)
    do_delconn                               0x0800e235   Thumb Code   126  api_msg.o(.text)
    do_bind                                  0x0800e2b3   Thumb Code   114  api_msg.o(.text)
    do_connect                               0x0800e359   Thumb Code   176  api_msg.o(.text)
    do_disconnect                            0x0800e409   Thumb Code    34  api_msg.o(.text)
    do_listen                                0x0800e42b   Thumb Code   160  api_msg.o(.text)
    do_send                                  0x0800e4cb   Thumb Code   144  api_msg.o(.text)
    do_recv                                  0x0800e55b   Thumb Code    50  api_msg.o(.text)
    do_write                                 0x0800e58d   Thumb Code    76  api_msg.o(.text)
    do_getaddr                               0x0800e5d9   Thumb Code   172  api_msg.o(.text)
    do_close                                 0x0800e685   Thumb Code    48  api_msg.o(.text)
    do_gethostbyname                         0x0800e6ed   Thumb Code    40  api_msg.o(.text)
    netbuf_new                               0x0800e723   Thumb Code    30  netbuf.o(.text)
    netbuf_delete                            0x0800e741   Thumb Code    32  netbuf.o(.text)
    netbuf_alloc                             0x0800e761   Thumb Code    60  netbuf.o(.text)
    netbuf_free                              0x0800e79d   Thumb Code    32  netbuf.o(.text)
    netbuf_ref                               0x0800e7bd   Thumb Code    74  netbuf.o(.text)
    netbuf_chain                             0x0800e807   Thumb Code    46  netbuf.o(.text)
    netbuf_data                              0x0800e835   Thumb Code    64  netbuf.o(.text)
    netbuf_next                              0x0800e875   Thumb Code    46  netbuf.o(.text)
    netbuf_first                             0x0800e8a3   Thumb Code    16  netbuf.o(.text)
    do_netifapi_netif_add                    0x0800e8b5   Thumb Code    46  netifapi.o(.text)
    do_netifapi_netif_set_addr               0x0800e8e3   Thumb Code    26  netifapi.o(.text)
    do_netifapi_netif_common                 0x0800e8fd   Thumb Code    36  netifapi.o(.text)
    netifapi_netif_add                       0x0800e921   Thumb Code    64  netifapi.o(.text)
    netifapi_netif_set_addr                  0x0800e961   Thumb Code    40  netifapi.o(.text)
    netifapi_netif_common                    0x0800e989   Thumb Code    36  netifapi.o(.text)
    lwip_socket_init                         0x0800e9af   Thumb Code    24  sockets.o(.text)
    lwip_get_error                           0x0800ea8d   Thumb Code    16  sockets.o(.text)
    lwip_accept                              0x0800ebcb   Thumb Code   406  sockets.o(.text)
    lwip_bind                                0x0800ed61   Thumb Code   198  sockets.o(.text)
    lwip_close                               0x0800ee27   Thumb Code    82  sockets.o(.text)
    lwip_connect                             0x0800ee79   Thumb Code   194  sockets.o(.text)
    lwip_listen                              0x0800ef3b   Thumb Code   116  sockets.o(.text)
    lwip_recvfrom                            0x0800efaf   Thumb Code   570  sockets.o(.text)
    lwip_read                                0x0800f1e9   Thumb Code    28  sockets.o(.text)
    lwip_recv                                0x0800f205   Thumb Code    34  sockets.o(.text)
    lwip_sendto                              0x0800f227   Thumb Code   240  sockets.o(.text)
    lwip_send                                0x0800f317   Thumb Code   138  sockets.o(.text)
    lwip_socket                              0x0800f3a1   Thumb Code   178  sockets.o(.text)
    lwip_write                               0x0800f453   Thumb Code    22  sockets.o(.text)
    lwip_select                              0x0800f54b   Thumb Code   502  sockets.o(.text)
    lwip_shutdown                            0x0800f741   Thumb Code    18  sockets.o(.text)
    lwip_getpeername                         0x0800f7dd   Thumb Code    22  sockets.o(.text)
    lwip_getsockname                         0x0800f7f3   Thumb Code    22  sockets.o(.text)
    lwip_getsockopt                          0x0800f987   Thumb Code   382  sockets.o(.text)
    lwip_setsockopt                          0x0800fc37   Thumb Code   338  sockets.o(.text)
    lwip_ioctl                               0x0800fd89   Thumb Code   226  sockets.o(.text)
    tcp_timer_needed                         0x0800fea3   Thumb Code    38  tcpip.o(.text)
    tcpip_input                              0x08010011   Thumb Code    72  tcpip.o(.text)
    tcpip_callback_with_block                0x08010059   Thumb Code    92  tcpip.o(.text)
    tcpip_timeout                            0x080100b5   Thumb Code    64  tcpip.o(.text)
    tcpip_untimeout                          0x080100f5   Thumb Code    56  tcpip.o(.text)
    tcpip_apimsg                             0x0801012d   Thumb Code    52  tcpip.o(.text)
    tcpip_netifapi                           0x08010161   Thumb Code    78  tcpip.o(.text)
    tcpip_init                               0x080101af   Thumb Code    48  tcpip.o(.text)
    pbuf_free_callback                       0x080101ed   Thumb Code    16  tcpip.o(.text)
    mem_free_callback                        0x080101fd   Thumb Code    16  tcpip.o(.text)
    sys_init                                 0x0801024b   Thumb Code     2  sys_arch.o(.text)
    sys_sem_new                              0x0801024d   Thumb Code    48  sys_arch.o(.text)
    sys_sem_free                             0x0801027d   Thumb Code    16  sys_arch.o(.text)
    sys_sem_signal                           0x0801028d   Thumb Code    16  sys_arch.o(.text)
    sys_arch_sem_wait                        0x0801029d   Thumb Code    74  sys_arch.o(.text)
    sys_mbox_new                             0x080102e7   Thumb Code    48  sys_arch.o(.text)
    sys_mbox_free                            0x08010317   Thumb Code    16  sys_arch.o(.text)
    sys_mbox_post                            0x08010327   Thumb Code    24  sys_arch.o(.text)
    sys_mbox_trypost                         0x0801033f   Thumb Code    30  sys_arch.o(.text)
    sys_arch_mbox_fetch                      0x0801035d   Thumb Code    78  sys_arch.o(.text)
    sys_arch_mbox_tryfetch                   0x080103ab   Thumb Code    38  sys_arch.o(.text)
    sys_arch_timeouts                        0x080103d1   Thumb Code    30  sys_arch.o(.text)
    sys_thread_new                           0x080103ef   Thumb Code   130  sys_arch.o(.text)
    sys_arch_protect                         0x08010471   Thumb Code    16  sys_arch.o(.text)
    sys_arch_unprotect                       0x08010481   Thumb Code    16  sys_arch.o(.text)
    sys_arch_assert                          0x08010491   Thumb Code    48  sys_arch.o(.text)
    lwip_system_init                         0x08010609   Thumb Code   108  sys_arch_init.o(.text)
    lwip_sys_init                            0x08010677   Thumb Code    18  sys_arch_init.o(.text)
    dns_setserver                            0x080106af   Thumb Code    28  dns.o(.text)
    dns_init                                 0x080108b3   Thumb Code    72  dns.o(.text)
    dns_getserver                            0x080108fb   Thumb Code    28  dns.o(.text)
    dns_tmr                                  0x08010b21   Thumb Code    18  dns.o(.text)
    dns_gethostbyname                        0x08010c55   Thumb Code    84  dns.o(.text)
    lwip_init                                0x08010cb9   Thumb Code    20  init.o(.text)
    memp_malloc                              0x08010ccf   Thumb Code    78  memp.o(.text)
    memp_free                                0x08010d1d   Thumb Code    46  memp.o(.text)
    netif_set_gw                             0x08010d57   Thumb Code    16  netif.o(.text)
    netif_set_netmask                        0x08010d67   Thumb Code    16  netif.o(.text)
    netif_set_ipaddr                         0x08010d77   Thumb Code   122  netif.o(.text)
    netif_set_addr                           0x08010df1   Thumb Code    40  netif.o(.text)
    netif_add                                0x08010e19   Thumb Code   122  netif.o(.text)
    netif_set_default                        0x08010e93   Thumb Code    10  netif.o(.text)
    netif_remove                             0x08010e9d   Thumb Code    78  netif.o(.text)
    netif_find                               0x08010eeb   Thumb Code    72  netif.o(.text)
    netif_set_up                             0x08010f33   Thumb Code    56  netif.o(.text)
    netif_set_down                           0x08010f6b   Thumb Code    38  netif.o(.text)
    netif_is_up                              0x08010f91   Thumb Code    12  netif.o(.text)
    netif_set_link_up                        0x08010f9d   Thumb Code    68  netif.o(.text)
    netif_set_link_down                      0x08010fe1   Thumb Code    28  netif.o(.text)
    netif_is_link_up                         0x08010ffd   Thumb Code    12  netif.o(.text)
    netif_set_link_callback                  0x08011009   Thumb Code     6  netif.o(.text)
    pbuf_free                                0x0801109b   Thumb Code   138  pbuf.o(.text)
    pbuf_alloc                               0x08011125   Thumb Code   436  pbuf.o(.text)
    pbuf_realloc                             0x080112d9   Thumb Code   118  pbuf.o(.text)
    pbuf_header                              0x0801134f   Thumb Code   134  pbuf.o(.text)
    pbuf_clen                                0x080113d5   Thumb Code    18  pbuf.o(.text)
    pbuf_ref                                 0x080113e7   Thumb Code    26  pbuf.o(.text)
    pbuf_cat                                 0x08011401   Thumb Code    70  pbuf.o(.text)
    pbuf_chain                               0x08011447   Thumb Code    26  pbuf.o(.text)
    pbuf_dechain                             0x08011461   Thumb Code    66  pbuf.o(.text)
    pbuf_copy                                0x080114a3   Thumb Code   190  pbuf.o(.text)
    pbuf_copy_partial                        0x08011561   Thumb Code   146  pbuf.o(.text)
    pbuf_take                                0x080115f3   Thumb Code   116  pbuf.o(.text)
    pbuf_coalesce                            0x08011667   Thumb Code    60  pbuf.o(.text)
    raw_input                                0x080116a7   Thumb Code   100  raw.o(.text)
    raw_bind                                 0x0801170b   Thumb Code    16  raw.o(.text)
    raw_connect                              0x0801171b   Thumb Code    16  raw.o(.text)
    raw_recv                                 0x0801172b   Thumb Code     6  raw.o(.text)
    raw_sendto                               0x08011731   Thumb Code   168  raw.o(.text)
    raw_send                                 0x080117d9   Thumb Code    18  raw.o(.text)
    raw_remove                               0x080117eb   Thumb Code    60  raw.o(.text)
    raw_new                                  0x08011827   Thumb Code    46  raw.o(.text)
    sys_mbox_fetch                           0x0801185b   Thumb Code   128  sys.o(.text)
    sys_sem_wait                             0x080118db   Thumb Code   120  sys.o(.text)
    sys_timeout                              0x08011953   Thumb Code   156  sys.o(.text)
    sys_untimeout                            0x080119ef   Thumb Code    98  sys.o(.text)
    sys_sem_wait_timeout                     0x08011a65   Thumb Code    58  sys.o(.text)
    sys_msleep                               0x08011a9f   Thumb Code    28  sys.o(.text)
    tcp_seg_free                             0x08011ac3   Thumb Code    32  tcp.o(.text)
    tcp_segs_free                            0x08011ae3   Thumb Code    30  tcp.o(.text)
    tcp_pcb_purge                            0x08011b01   Thumb Code   110  tcp.o(.text)
    tcp_slowtmr                              0x08011b6f   Thumb Code   802  tcp.o(.text)
    tcp_pcb_remove                           0x08011e91   Thumb Code   150  tcp.o(.text)
    tcp_close                                0x08011f27   Thumb Code   268  tcp.o(.text)
    tcp_update_rcv_ann_wnd                   0x08012033   Thumb Code    70  tcp.o(.text)
    tcp_recved                               0x08012079   Thumb Code    72  tcp.o(.text)
    tcp_recv_null                            0x080120c1   Thumb Code    46  tcp.o(.text)
    tcp_fasttmr                              0x080120ef   Thumb Code   130  tcp.o(.text)
    tcp_tmr                                  0x08012171   Thumb Code    30  tcp.o(.text)
    tcp_abandon                              0x0801218f   Thumb Code   160  tcp.o(.text)
    tcp_bind                                 0x08012299   Thumb Code   264  tcp.o(.text)
    tcp_listen_with_backlog                  0x080123a9   Thumb Code   196  tcp.o(.text)
    tcp_eff_send_mss                         0x0801246d   Thumb Code    46  tcp.o(.text)
    tcp_next_iss                             0x0801249b   Thumb Code    20  tcp.o(.text)
    tcp_connect                              0x080124af   Thumb Code   270  tcp.o(.text)
    tcp_setprio                              0x080125bd   Thumb Code     4  tcp.o(.text)
    tcp_seg_copy                             0x080125c1   Thumb Code    38  tcp.o(.text)
    tcp_alloc                                0x08012671   Thumb Code   200  tcp.o(.text)
    tcp_new                                  0x08012739   Thumb Code    10  tcp.o(.text)
    tcp_arg                                  0x08012743   Thumb Code     4  tcp.o(.text)
    tcp_recv                                 0x08012747   Thumb Code     6  tcp.o(.text)
    tcp_sent                                 0x0801274d   Thumb Code     6  tcp.o(.text)
    tcp_err                                  0x08012753   Thumb Code     6  tcp.o(.text)
    tcp_accept                               0x08012759   Thumb Code     4  tcp.o(.text)
    tcp_poll                                 0x0801275d   Thumb Code    48  tcp.o(.text)
    tcp_debug_state_str                      0x0801278d   Thumb Code    10  tcp.o(.text)
    tcp_input                                0x08013a65   Thumb Code  1160  tcp_in.o(.text)
    tcp_enqueue                              0x08013fa5   Thumb Code  1068  tcp_out.o(.text)
    tcp_send_ctrl                            0x080143d1   Thumb Code    28  tcp_out.o(.text)
    tcp_write                                0x080143ed   Thumb Code    80  tcp_out.o(.text)
    tcp_send_empty_ack                       0x08014455   Thumb Code   102  tcp_out.o(.text)
    tcp_output                               0x0801458d   Thumb Code   474  tcp_out.o(.text)
    tcp_rst                                  0x08014767   Thumb Code   178  tcp_out.o(.text)
    tcp_rexmit_rto                           0x08014819   Thumb Code    80  tcp_out.o(.text)
    tcp_rexmit                               0x08014869   Thumb Code    80  tcp_out.o(.text)
    tcp_rexmit_fast                          0x080148b9   Thumb Code   126  tcp_out.o(.text)
    tcp_keepalive                            0x08014937   Thumb Code    98  tcp_out.o(.text)
    tcp_zero_window_probe                    0x08014999   Thumb Code   184  tcp_out.o(.text)
    udp_input                                0x08014a53   Thumb Code   414  udp.o(.text)
    udp_bind                                 0x08014bf1   Thumb Code   126  udp.o(.text)
    udp_sendto_if                            0x08014c6f   Thumb Code   236  udp.o(.text)
    udp_sendto                               0x08014d5b   Thumb Code    54  udp.o(.text)
    udp_send                                 0x08014d91   Thumb Code    20  udp.o(.text)
    udp_connect                              0x08014da5   Thumb Code    98  udp.o(.text)
    udp_disconnect                           0x08014e07   Thumb Code    28  udp.o(.text)
    udp_recv                                 0x08014e23   Thumb Code     6  udp.o(.text)
    udp_remove                               0x08014e29   Thumb Code    60  udp.o(.text)
    udp_new                                  0x08014e65   Thumb Code    28  udp.o(.text)
    icmp_input                               0x08014e8b   Thumb Code   458  icmp.o(.text)
    icmp_dest_unreach                        0x080150d9   Thumb Code    18  icmp.o(.text)
    icmp_time_exceeded                       0x080150eb   Thumb Code    18  icmp.o(.text)
    htonl                                    0x080150fd   Thumb Code    26  inet.o(.text)
    inet_aton                                0x08015117   Thumb Code   336  inet.o(.text)
    inet_addr                                0x08015267   Thumb Code    24  inet.o(.text)
    inet_ntoa                                0x0801527f   Thumb Code   112  inet.o(.text)
    htons                                    0x080152ef   Thumb Code    12  inet.o(.text)
    ntohs                                    0x080152fb   Thumb Code    12  inet.o(.text)
    ntohl                                    0x08015307   Thumb Code    12  inet.o(.text)
    inet_chksum_pseudo                       0x08015363   Thumb Code   170  inet_chksum.o(.text)
    inet_chksum                              0x0801540d   Thumb Code    20  inet_chksum.o(.text)
    inet_chksum_pbuf                         0x08015421   Thumb Code    86  inet_chksum.o(.text)
    ip_route                                 0x0801547b   Thumb Code    74  ip.o(.text)
    ip_input                                 0x080154c5   Thumb Code   452  ip.o(.text)
    ip_output_if                             0x08015689   Thumb Code   270  ip.o(.text)
    ip_output                                0x08015797   Thumb Code    56  ip.o(.text)
    ip_addr_isbroadcast                      0x080157e5   Thumb Code    78  ip_addr.o(.text)
    ip_reass_tmr                             0x080158e1   Thumb Code    56  ip_frag.o(.text)
    ip_reass                                 0x08015b3d   Thumb Code   428  ip_frag.o(.text)
    ip_frag                                  0x08015ce9   Thumb Code   334  ip_frag.o(.text)
    etharp_tmr                               0x08015e6d   Thumb Code   166  etharp.o(.text)
    etharp_find_addr                         0x0801624f   Thumb Code    88  etharp.o(.text)
    etharp_ip_input                          0x080162a7   Thumb Code    64  etharp.o(.text)
    etharp_arp_input                         0x080162e7   Thumb Code   338  etharp.o(.text)
    etharp_request                           0x080164f7   Thumb Code    40  etharp.o(.text)
    etharp_query                             0x0801651f   Thumb Code   412  etharp.o(.text)
    etharp_output                            0x080166bb   Thumb Code   198  etharp.o(.text)
    ethernet_input                           0x08016781   Thumb Code   114  etharp.o(.text)
    ethernetif_linkoutput                    0x08016803   Thumb Code    42  ethernetif.o(.text)
    eth_device_init                          0x0801682d   Thumb Code   124  ethernetif.o(.text)
    eth_tx_thread_entry                      0x080168a9   Thumb Code   114  ethernetif.o(.text)
    eth_rx_thread_entry                      0x0801691b   Thumb Code   132  ethernetif.o(.text)
    eth_rx_ready                             0x0801699f   Thumb Code    14  ethernetif.o(.text)
    eth_device_ready                         0x080169ad   Thumb Code    12  ethernetif.o(.text)
    eth_device_linkchange                    0x080169b9   Thumb Code    78  ethernetif.o(.text)
    eth_system_device_init                   0x08016a07   Thumb Code   282  ethernetif.o(.text)
    set_if                                   0x08016b21   Thumb Code   140  ethernetif.o(.text)
    set_dns                                  0x08016bad   Thumb Code    26  ethernetif.o(.text)
    list_if                                  0x08016bc7   Thumb Code   692  ethernetif.o(.text)
    list_tcps                                0x08016e7b   Thumb Code   196  ethernetif.o(.text)
    SystemInit                               0x08017165   Thumb Code    92  system_stm32f10x.o(.text)
    SystemCoreClockUpdate                    0x080171c1   Thumb Code   232  system_stm32f10x.o(.text)
    RCC_DeInit                               0x080172d9   Thumb Code    78  stm32f10x_rcc.o(.text)
    RCC_HSEConfig                            0x08017327   Thumb Code   100  stm32f10x_rcc.o(.text)
    RCC_GetFlagStatus                        0x0801738b   Thumb Code   126  stm32f10x_rcc.o(.text)
    RCC_WaitForHSEStartUp                    0x08017409   Thumb Code    48  stm32f10x_rcc.o(.text)
    RCC_AdjustHSICalibrationValue            0x08017439   Thumb Code    38  stm32f10x_rcc.o(.text)
    RCC_HSICmd                               0x0801745f   Thumb Code    28  stm32f10x_rcc.o(.text)
    RCC_PLLConfig                            0x0801747b   Thumb Code   102  stm32f10x_rcc.o(.text)
    RCC_PLLCmd                               0x080174e1   Thumb Code    28  stm32f10x_rcc.o(.text)
    RCC_PREDIV1Config                        0x080174fd   Thumb Code   122  stm32f10x_rcc.o(.text)
    RCC_PREDIV2Config                        0x08017577   Thumb Code    94  stm32f10x_rcc.o(.text)
    RCC_PLL2Config                           0x080175d5   Thumb Code    86  stm32f10x_rcc.o(.text)
    RCC_PLL2Cmd                              0x0801762b   Thumb Code    28  stm32f10x_rcc.o(.text)
    RCC_PLL3Config                           0x08017647   Thumb Code    86  stm32f10x_rcc.o(.text)
    RCC_PLL3Cmd                              0x0801769d   Thumb Code   108  stm32f10x_rcc.o(.text)
    RCC_SYSCLKConfig                         0x08017709   Thumb Code    44  stm32f10x_rcc.o(.text)
    RCC_GetSYSCLKSource                      0x08017735   Thumb Code    10  stm32f10x_rcc.o(.text)
    RCC_HCLKConfig                           0x0801773f   Thumb Code    68  stm32f10x_rcc.o(.text)
    RCC_PCLK1Config                          0x08017783   Thumb Code    60  stm32f10x_rcc.o(.text)
    RCC_PCLK2Config                          0x080177bf   Thumb Code    62  stm32f10x_rcc.o(.text)
    RCC_ITConfig                             0x080177fd   Thumb Code    78  stm32f10x_rcc.o(.text)
    RCC_OTGFSCLKConfig                       0x0801784b   Thumb Code    30  stm32f10x_rcc.o(.text)
    RCC_ADCCLKConfig                         0x08017869   Thumb Code    54  stm32f10x_rcc.o(.text)
    RCC_I2S2CLKConfig                        0x0801789f   Thumb Code    30  stm32f10x_rcc.o(.text)
    RCC_I2S3CLKConfig                        0x080178bd   Thumb Code    32  stm32f10x_rcc.o(.text)
    RCC_LSEConfig                            0x080178dd   Thumb Code    72  stm32f10x_rcc.o(.text)
    RCC_LSICmd                               0x08017925   Thumb Code    30  stm32f10x_rcc.o(.text)
    RCC_RTCCLKConfig                         0x08017943   Thumb Code    48  stm32f10x_rcc.o(.text)
    RCC_RTCCLKCmd                            0x08017973   Thumb Code    32  stm32f10x_rcc.o(.text)
    RCC_GetClocksFreq                        0x08017993   Thumb Code   414  stm32f10x_rcc.o(.text)
    RCC_AHBPeriphClockCmd                    0x08017b31   Thumb Code    74  stm32f10x_rcc.o(.text)
    RCC_APB2PeriphClockCmd                   0x08017b7b   Thumb Code    74  stm32f10x_rcc.o(.text)
    RCC_APB1PeriphClockCmd                   0x08017bc5   Thumb Code    74  stm32f10x_rcc.o(.text)
    RCC_AHBPeriphResetCmd                    0x08017c0f   Thumb Code    74  stm32f10x_rcc.o(.text)
    RCC_APB2PeriphResetCmd                   0x08017c59   Thumb Code    74  stm32f10x_rcc.o(.text)
    RCC_APB1PeriphResetCmd                   0x08017ca3   Thumb Code    74  stm32f10x_rcc.o(.text)
    RCC_BackupResetCmd                       0x08017ced   Thumb Code    30  stm32f10x_rcc.o(.text)
    RCC_ClockSecuritySystemCmd               0x08017d0b   Thumb Code    30  stm32f10x_rcc.o(.text)
    RCC_MCOConfig                            0x08017d29   Thumb Code    58  stm32f10x_rcc.o(.text)
    RCC_ClearFlag                            0x08017d63   Thumb Code    14  stm32f10x_rcc.o(.text)
    RCC_GetITStatus                          0x08017d71   Thumb Code    70  stm32f10x_rcc.o(.text)
    RCC_ClearITPendingBit                    0x08017db7   Thumb Code    26  stm32f10x_rcc.o(.text)
    EXTI_DeInit                              0x08017de9   Thumb Code    28  stm32f10x_exti.o(.text)
    EXTI_Init                                0x08017e05   Thumb Code   236  stm32f10x_exti.o(.text)
    EXTI_StructInit                          0x08017ef1   Thumb Code    16  stm32f10x_exti.o(.text)
    EXTI_GenerateSWInterrupt                 0x08017f01   Thumb Code    38  stm32f10x_exti.o(.text)
    EXTI_GetFlagStatus                       0x08017f27   Thumb Code   140  stm32f10x_exti.o(.text)
    EXTI_ClearFlag                           0x08017fb3   Thumb Code    30  stm32f10x_exti.o(.text)
    EXTI_GetITStatus                         0x08017fd1   Thumb Code   152  stm32f10x_exti.o(.text)
    EXTI_ClearITPendingBit                   0x08018069   Thumb Code    30  stm32f10x_exti.o(.text)
    SPI_I2S_DeInit                           0x080180cd   Thumb Code   104  stm32f10x_spi.o(.text)
    SPI_Init                                 0x08018135   Thumb Code   328  stm32f10x_spi.o(.text)
    I2S_Init                                 0x0801827d   Thumb Code   496  stm32f10x_spi.o(.text)
    SPI_StructInit                           0x0801846d   Thumb Code    24  stm32f10x_spi.o(.text)
    I2S_StructInit                           0x08018485   Thumb Code    20  stm32f10x_spi.o(.text)
    SPI_Cmd                                  0x08018499   Thumb Code   168  stm32f10x_spi.o(.text)
    I2S_Cmd                                  0x08018541   Thumb Code    76  stm32f10x_spi.o(.text)
    SPI_I2S_ITConfig                         0x0801858d   Thumb Code   130  stm32f10x_spi.o(.text)
    SPI_I2S_DMACmd                           0x0801860f   Thumb Code   106  stm32f10x_spi.o(.text)
    SPI_I2S_SendData                         0x08018679   Thumb Code    42  stm32f10x_spi.o(.text)
    SPI_I2S_ReceiveData                      0x080186a3   Thumb Code    40  stm32f10x_spi.o(.text)
    SPI_NSSInternalSoftwareConfig            0x080186cb   Thumb Code    96  stm32f10x_spi.o(.text)
    SPI_SSOutputCmd                          0x0801872b   Thumb Code    82  stm32f10x_spi.o(.text)
    SPI_DataSizeConfig                       0x0801877d   Thumb Code    78  stm32f10x_spi.o(.text)
    SPI_TransmitCRC                          0x080187cb   Thumb Code    46  stm32f10x_spi.o(.text)
    SPI_CalculateCRC                         0x080187f9   Thumb Code    82  stm32f10x_spi.o(.text)
    SPI_GetCRC                               0x0801884b   Thumb Code    74  stm32f10x_spi.o(.text)
    SPI_GetCRCPolynomial                     0x08018895   Thumb Code    40  stm32f10x_spi.o(.text)
    SPI_BiDirectionalLineConfig              0x080188bd   Thumb Code    94  stm32f10x_spi.o(.text)
    SPI_I2S_GetFlagStatus                    0x0801891b   Thumb Code   116  stm32f10x_spi.o(.text)
    SPI_I2S_ClearFlag                        0x0801898f   Thumb Code    62  stm32f10x_spi.o(.text)
    SPI_I2S_GetITStatus                      0x080189cd   Thumb Code   138  stm32f10x_spi.o(.text)
    SPI_I2S_ClearITPendingBit                0x08018a57   Thumb Code    74  stm32f10x_spi.o(.text)
    GPIO_DeInit                              0x08018aad   Thumb Code   224  stm32f10x_gpio.o(.text)
    GPIO_AFIODeInit                          0x08018b8d   Thumb Code    20  stm32f10x_gpio.o(.text)
    GPIO_Init                                0x08018ba1   Thumb Code   382  stm32f10x_gpio.o(.text)
    GPIO_StructInit                          0x08018d1f   Thumb Code    16  stm32f10x_gpio.o(.text)
    GPIO_ReadInputDataBit                    0x08018d2f   Thumb Code   170  stm32f10x_gpio.o(.text)
    GPIO_ReadInputData                       0x08018dd9   Thumb Code    64  stm32f10x_gpio.o(.text)
    GPIO_ReadOutputDataBit                   0x08018e19   Thumb Code   260  stm32f10x_gpio.o(.text)
    GPIO_ReadOutputData                      0x08018f1d   Thumb Code    66  stm32f10x_gpio.o(.text)
    GPIO_SetBits                             0x08018f5f   Thumb Code    86  stm32f10x_gpio.o(.text)
    GPIO_ResetBits                           0x08018fb5   Thumb Code    86  stm32f10x_gpio.o(.text)
    GPIO_WriteBit                            0x0801900b   Thumb Code   188  stm32f10x_gpio.o(.text)
    GPIO_Write                               0x080190c7   Thumb Code    66  stm32f10x_gpio.o(.text)
    GPIO_PinLockConfig                       0x08019109   Thumb Code   100  stm32f10x_gpio.o(.text)
    GPIO_EventOutputConfig                   0x0801916d   Thumb Code   138  stm32f10x_gpio.o(.text)
    GPIO_EventOutputCmd                      0x080191f7   Thumb Code    30  stm32f10x_gpio.o(.text)
    GPIO_PinRemapConfig                      0x08019215   Thumb Code   538  stm32f10x_gpio.o(.text)
    GPIO_EXTILineConfig                      0x0801942f   Thumb Code   186  stm32f10x_gpio.o(.text)
    GPIO_ETH_MediaInterfaceConfig            0x080194e9   Thumb Code    30  stm32f10x_gpio.o(.text)
    USART_DeInit                             0x0801951d   Thumb Code   174  stm32f10x_usart.o(.text)
    USART_Init                               0x080195cb   Thumb Code   450  stm32f10x_usart.o(.text)
    USART_StructInit                         0x0801978d   Thumb Code    24  stm32f10x_usart.o(.text)
    USART_ClockInit                          0x080197a5   Thumb Code   162  stm32f10x_usart.o(.text)
    USART_ClockStructInit                    0x08019847   Thumb Code    12  stm32f10x_usart.o(.text)
    USART_Cmd                                0x08019853   Thumb Code    90  stm32f10x_usart.o(.text)
    USART_ITConfig                           0x080198ad   Thumb Code   338  stm32f10x_usart.o(.text)
    USART_DMACmd                             0x080199ff   Thumb Code   118  stm32f10x_usart.o(.text)
    USART_SetAddress                         0x08019a75   Thumb Code    86  stm32f10x_usart.o(.text)
    USART_WakeUpConfig                       0x08019acb   Thumb Code    90  stm32f10x_usart.o(.text)
    USART_ReceiverWakeUpCmd                  0x08019b25   Thumb Code    94  stm32f10x_usart.o(.text)
    USART_LINBreakDetectLengthConfig         0x08019b83   Thumb Code    88  stm32f10x_usart.o(.text)
    USART_LINCmd                             0x08019bdb   Thumb Code    94  stm32f10x_usart.o(.text)
    USART_SendData                           0x08019c39   Thumb Code    78  stm32f10x_usart.o(.text)
    USART_ReceiveData                        0x08019c87   Thumb Code    56  stm32f10x_usart.o(.text)
    USART_SendBreak                          0x08019cbf   Thumb Code    58  stm32f10x_usart.o(.text)
    USART_SetGuardTime                       0x08019cf9   Thumb Code    54  stm32f10x_usart.o(.text)
    USART_SetPrescaler                       0x08019d2f   Thumb Code    66  stm32f10x_usart.o(.text)
    USART_SmartCardCmd                       0x08019d71   Thumb Code   104  stm32f10x_usart.o(.text)
    USART_SmartCardNACKCmd                   0x08019dd9   Thumb Code    82  stm32f10x_usart.o(.text)
    USART_HalfDuplexCmd                      0x08019e2b   Thumb Code    94  stm32f10x_usart.o(.text)
    USART_OverSampling8Cmd                   0x08019e89   Thumb Code    92  stm32f10x_usart.o(.text)
    USART_OneBitMethodCmd                    0x08019ee5   Thumb Code    94  stm32f10x_usart.o(.text)
    USART_IrDAConfig                         0x08019f43   Thumb Code    88  stm32f10x_usart.o(.text)
    USART_IrDACmd                            0x08019f9b   Thumb Code    94  stm32f10x_usart.o(.text)
    USART_GetFlagStatus                      0x08019ff9   Thumb Code   164  stm32f10x_usart.o(.text)
    USART_ClearFlag                          0x0801a09d   Thumb Code   122  stm32f10x_usart.o(.text)
    USART_GetITStatus                        0x0801a117   Thumb Code   276  stm32f10x_usart.o(.text)
    USART_ClearITPendingBit                  0x0801a22b   Thumb Code   156  stm32f10x_usart.o(.text)
    DMA_DeInit                               0x0801a2dd   Thumb Code   430  stm32f10x_dma.o(.text)
    DMA_Init                                 0x0801a48b   Thumb Code   388  stm32f10x_dma.o(.text)
    DMA_StructInit                           0x0801a60f   Thumb Code    26  stm32f10x_dma.o(.text)
    DMA_Cmd                                  0x0801a629   Thumb Code   220  stm32f10x_dma.o(.text)
    DMA_ITConfig                             0x0801a705   Thumb Code   174  stm32f10x_dma.o(.text)
    DMA_SetCurrDataCounter                   0x0801a7b3   Thumb Code   116  stm32f10x_dma.o(.text)
    DMA_GetCurrDataCounter                   0x0801a827   Thumb Code   116  stm32f10x_dma.o(.text)
    DMA_GetFlagStatus                        0x0801a89b   Thumb Code   326  stm32f10x_dma.o(.text)
    DMA_ClearFlag                            0x0801a9e1   Thumb Code    54  stm32f10x_dma.o(.text)
    DMA_GetITStatus                          0x0801aa17   Thumb Code   376  stm32f10x_dma.o(.text)
    DMA_ClearITPendingBit                    0x0801ab8f   Thumb Code    52  stm32f10x_dma.o(.text)
    NVIC_PriorityGroupConfig                 0x0801abe9   Thumb Code    54  misc.o(.text)
    NVIC_Init                                0x0801ac1f   Thumb Code   160  misc.o(.text)
    NVIC_SetVectorTable                      0x0801acbf   Thumb Code    60  misc.o(.text)
    NVIC_SystemLPConfig                      0x0801acfb   Thumb Code    78  misc.o(.text)
    SysTick_CLKSourceConfig                  0x0801ad49   Thumb Code    62  misc.o(.text)
    Reset_Handler                            0x0801add1   Thumb Code     8  startup_stm32f10x_cl.o(.text)
    ADC1_2_IRQHandler                        0x0801adeb   Thumb Code     0  startup_stm32f10x_cl.o(.text)
    CAN1_RX0_IRQHandler                      0x0801adeb   Thumb Code     0  startup_stm32f10x_cl.o(.text)
    CAN1_RX1_IRQHandler                      0x0801adeb   Thumb Code     0  startup_stm32f10x_cl.o(.text)
    CAN1_SCE_IRQHandler                      0x0801adeb   Thumb Code     0  startup_stm32f10x_cl.o(.text)
    CAN1_TX_IRQHandler                       0x0801adeb   Thumb Code     0  startup_stm32f10x_cl.o(.text)
    CAN2_RX0_IRQHandler                      0x0801adeb   Thumb Code     0  startup_stm32f10x_cl.o(.text)
    CAN2_RX1_IRQHandler                      0x0801adeb   Thumb Code     0  startup_stm32f10x_cl.o(.text)
    CAN2_SCE_IRQHandler                      0x0801adeb   Thumb Code     0  startup_stm32f10x_cl.o(.text)
    CAN2_TX_IRQHandler                       0x0801adeb   Thumb Code     0  startup_stm32f10x_cl.o(.text)
    DMA1_Channel1_IRQHandler                 0x0801adeb   Thumb Code     0  startup_stm32f10x_cl.o(.text)
    DMA1_Channel2_IRQHandler                 0x0801adeb   Thumb Code     0  startup_stm32f10x_cl.o(.text)
    DMA1_Channel3_IRQHandler                 0x0801adeb   Thumb Code     0  startup_stm32f10x_cl.o(.text)
    DMA1_Channel4_IRQHandler                 0x0801adeb   Thumb Code     0  startup_stm32f10x_cl.o(.text)
    DMA1_Channel5_IRQHandler                 0x0801adeb   Thumb Code     0  startup_stm32f10x_cl.o(.text)
    DMA1_Channel6_IRQHandler                 0x0801adeb   Thumb Code     0  startup_stm32f10x_cl.o(.text)
    DMA1_Channel7_IRQHandler                 0x0801adeb   Thumb Code     0  startup_stm32f10x_cl.o(.text)
    DMA2_Channel1_IRQHandler                 0x0801adeb   Thumb Code     0  startup_stm32f10x_cl.o(.text)
    DMA2_Channel2_IRQHandler                 0x0801adeb   Thumb Code     0  startup_stm32f10x_cl.o(.text)
    DMA2_Channel3_IRQHandler                 0x0801adeb   Thumb Code     0  startup_stm32f10x_cl.o(.text)
    DMA2_Channel4_IRQHandler                 0x0801adeb   Thumb Code     0  startup_stm32f10x_cl.o(.text)
    DMA2_Channel5_IRQHandler                 0x0801adeb   Thumb Code     0  startup_stm32f10x_cl.o(.text)
    ETH_WKUP_IRQHandler                      0x0801adeb   Thumb Code     0  startup_stm32f10x_cl.o(.text)
    EXTI0_IRQHandler                         0x0801adeb   Thumb Code     0  startup_stm32f10x_cl.o(.text)
    EXTI15_10_IRQHandler                     0x0801adeb   Thumb Code     0  startup_stm32f10x_cl.o(.text)
    EXTI2_IRQHandler                         0x0801adeb   Thumb Code     0  startup_stm32f10x_cl.o(.text)
    EXTI3_IRQHandler                         0x0801adeb   Thumb Code     0  startup_stm32f10x_cl.o(.text)
    EXTI4_IRQHandler                         0x0801adeb   Thumb Code     0  startup_stm32f10x_cl.o(.text)
    EXTI9_5_IRQHandler                       0x0801adeb   Thumb Code     0  startup_stm32f10x_cl.o(.text)
    FLASH_IRQHandler                         0x0801adeb   Thumb Code     0  startup_stm32f10x_cl.o(.text)
    I2C1_ER_IRQHandler                       0x0801adeb   Thumb Code     0  startup_stm32f10x_cl.o(.text)
    I2C1_EV_IRQHandler                       0x0801adeb   Thumb Code     0  startup_stm32f10x_cl.o(.text)
    I2C2_ER_IRQHandler                       0x0801adeb   Thumb Code     0  startup_stm32f10x_cl.o(.text)
    I2C2_EV_IRQHandler                       0x0801adeb   Thumb Code     0  startup_stm32f10x_cl.o(.text)
    OTG_FS_IRQHandler                        0x0801adeb   Thumb Code     0  startup_stm32f10x_cl.o(.text)
    OTG_FS_WKUP_IRQHandler                   0x0801adeb   Thumb Code     0  startup_stm32f10x_cl.o(.text)
    PVD_IRQHandler                           0x0801adeb   Thumb Code     0  startup_stm32f10x_cl.o(.text)
    RCC_IRQHandler                           0x0801adeb   Thumb Code     0  startup_stm32f10x_cl.o(.text)
    RTCAlarm_IRQHandler                      0x0801adeb   Thumb Code     0  startup_stm32f10x_cl.o(.text)
    RTC_IRQHandler                           0x0801adeb   Thumb Code     0  startup_stm32f10x_cl.o(.text)
    SPI1_IRQHandler                          0x0801adeb   Thumb Code     0  startup_stm32f10x_cl.o(.text)
    SPI2_IRQHandler                          0x0801adeb   Thumb Code     0  startup_stm32f10x_cl.o(.text)
    SPI3_IRQHandler                          0x0801adeb   Thumb Code     0  startup_stm32f10x_cl.o(.text)
    TAMPER_IRQHandler                        0x0801adeb   Thumb Code     0  startup_stm32f10x_cl.o(.text)
    TIM1_BRK_IRQHandler                      0x0801adeb   Thumb Code     0  startup_stm32f10x_cl.o(.text)
    TIM1_CC_IRQHandler                       0x0801adeb   Thumb Code     0  startup_stm32f10x_cl.o(.text)
    TIM1_TRG_COM_IRQHandler                  0x0801adeb   Thumb Code     0  startup_stm32f10x_cl.o(.text)
    TIM1_UP_IRQHandler                       0x0801adeb   Thumb Code     0  startup_stm32f10x_cl.o(.text)
    TIM2_IRQHandler                          0x0801adeb   Thumb Code     0  startup_stm32f10x_cl.o(.text)
    TIM3_IRQHandler                          0x0801adeb   Thumb Code     0  startup_stm32f10x_cl.o(.text)
    TIM4_IRQHandler                          0x0801adeb   Thumb Code     0  startup_stm32f10x_cl.o(.text)
    TIM5_IRQHandler                          0x0801adeb   Thumb Code     0  startup_stm32f10x_cl.o(.text)
    TIM6_IRQHandler                          0x0801adeb   Thumb Code     0  startup_stm32f10x_cl.o(.text)
    TIM7_IRQHandler                          0x0801adeb   Thumb Code     0  startup_stm32f10x_cl.o(.text)
    UART4_IRQHandler                         0x0801adeb   Thumb Code     0  startup_stm32f10x_cl.o(.text)
    UART5_IRQHandler                         0x0801adeb   Thumb Code     0  startup_stm32f10x_cl.o(.text)
    WWDG_IRQHandler                          0x0801adeb   Thumb Code     0  startup_stm32f10x_cl.o(.text)
    __user_initial_stackheap                 0x0801aded   Thumb Code     0  startup_stm32f10x_cl.o(.text)
    ad7606_init                              0x0801ae11   Thumb Code   378  ad7606.o(.text)
    ad_read                                  0x0801afb3   Thumb Code    48  ad7606.o(.text)
    ad_reset                                 0x0801afe3   Thumb Code    30  ad7606.o(.text)
    ad_start                                 0x0801b001   Thumb Code    32  ad7606.o(.text)
    EXTI1_IRQHandler                         0x0801b021   Thumb Code    72  ad7606.o(.text)
    __rt_ctype_table                         0x0801b08d   Thumb Code    16  rt_ctype_table.o(.text)
    atoi                                     0x0801b09d   Thumb Code    26  atoi.o(.text)
    strcpy                                   0x0801b0b7   Thumb Code    72  strcpy.o(.text)
    strlen                                   0x0801b0ff   Thumb Code    62  strlen.o(.text)
    strncmp                                  0x0801b13d   Thumb Code   150  strncmp.o(.text)
    __aeabi_memcpy                           0x0801b1d3   Thumb Code     0  rt_memcpy_v6.o(.text)
    __rt_memcpy                              0x0801b1d3   Thumb Code   138  rt_memcpy_v6.o(.text)
    _memcpy_lastbytes                        0x0801b239   Thumb Code     0  rt_memcpy_v6.o(.text)
    __aeabi_memcpy4                          0x0801b25d   Thumb Code     0  rt_memcpy_w.o(.text)
    __aeabi_memcpy8                          0x0801b25d   Thumb Code     0  rt_memcpy_w.o(.text)
    __rt_memcpy_w                            0x0801b25d   Thumb Code   100  rt_memcpy_w.o(.text)
    _memcpy_lastbytes_aligned                0x0801b2a5   Thumb Code     0  rt_memcpy_w.o(.text)
    __aeabi_memclr                           0x0801b2c1   Thumb Code     0  rt_memclr.o(.text)
    __rt_memclr                              0x0801b2c1   Thumb Code    68  rt_memclr.o(.text)
    _memset                                  0x0801b2c5   Thumb Code     0  rt_memclr.o(.text)
    __aeabi_memclr4                          0x0801b305   Thumb Code     0  rt_memclr_w.o(.text)
    __aeabi_memclr8                          0x0801b305   Thumb Code     0  rt_memclr_w.o(.text)
    __rt_memclr_w                            0x0801b305   Thumb Code    78  rt_memclr_w.o(.text)
    _memset_w                                0x0801b309   Thumb Code     0  rt_memclr_w.o(.text)
    strncpy                                  0x0801b353   Thumb Code    86  strncpy.o(.text)
    __use_two_region_memory                  0x0801b3a9   Thumb Code     2  heapauxi.o(.text)
    __rt_heap_escrow$2region                 0x0801b3ab   Thumb Code     2  heapauxi.o(.text)
    __rt_heap_expand$2region                 0x0801b3ad   Thumb Code     2  heapauxi.o(.text)
    __rt_locale                              0x0801b3b1   Thumb Code     8  rt_locale_intlibspace.o(.text)
    __aeabi_errno_addr                       0x0801b3b9   Thumb Code     8  rt_errno_addr_intlibspace.o(.text)
    __errno$intlibspace                      0x0801b3b9   Thumb Code     0  rt_errno_addr_intlibspace.o(.text)
    __rt_errno_addr$intlibspace              0x0801b3b9   Thumb Code     0  rt_errno_addr_intlibspace.o(.text)
    strtol                                   0x0801b3c1   Thumb Code   112  strtol.o(.text)
    __user_libspace                          0x0801b431   Thumb Code     8  libspace.o(.text)
    __user_perproc_libspace                  0x0801b431   Thumb Code     0  libspace.o(.text)
    __user_perthread_libspace                0x0801b431   Thumb Code     0  libspace.o(.text)
    _strtoul                                 0x0801b439   Thumb Code   158  _strtoul.o(.text)
    __user_setup_stackheap                   0x0801b4d7   Thumb Code    74  sys_stackheap_outer.o(.text)
    _chval                                   0x0801b521   Thumb Code    28  _chval.o(.text)
    exit                                     0x0801b53d   Thumb Code    12  exit.o(.text)
    __rt_fp_status_addr                      0x0801b549   Thumb Code     8  rt_fp_status_addr_intlibspace.o(.text)
    _sys_exit                                0x0801b551   Thumb Code     8  sys_exit.o(.text)
    __I$use$semihosting                      0x0801b55d   Thumb Code     0  use_no_semi.o(.text)
    __use_no_semihosting_swi                 0x0801b55d   Thumb Code     2  use_no_semi.o(.text)
    __semihosting_library_function           0x0801b55f   Thumb Code     0  indicate_semi.o(.text)
    _get_lc_ctype                            0x0801b561   Thumb Code    44  lc_ctype_c.o(locale$$code)
    _fp_init                                 0x0801b58d   Thumb Code    14  fpinit.o(x$fpl$fpinit)
    __fplib_config_pureend_doubles           0x0801b599   Thumb Code     0  fpinit.o(x$fpl$fpinit)
    __fsym_list_mem_name                     0x0801b8c8   Data           9  mem.o(.constdata)
    __fsym_list_mem_desc                     0x0801b8d1   Data          30  mem.o(.constdata)
    rt_lowest_bitmap                         0x0801bac4   Data         256  scheduler.o(.constdata)
    __fsym_mkfs_name                         0x0801bd4e   Data           5  dfs_fs.o(.constdata)
    __fsym_mkfs_desc                         0x0801bd53   Data          19  dfs_fs.o(.constdata)
    __fsym_df_name                           0x0801bd66   Data           3  dfs_fs.o(.constdata)
    __fsym_df_desc                           0x0801bd69   Data          14  dfs_fs.o(.constdata)
    __fsym_ls_name                           0x0801bd94   Data           3  dfs_file.o(.constdata)
    __fsym_ls_desc                           0x0801bd97   Data          24  dfs_file.o(.constdata)
    __fsym_rm_name                           0x0801bdaf   Data           3  dfs_file.o(.constdata)
    __fsym_rm_desc                           0x0801bdb2   Data          28  dfs_file.o(.constdata)
    __fsym_cat_name                          0x0801bdce   Data           4  dfs_file.o(.constdata)
    __fsym_cat_desc                          0x0801bdd2   Data          11  dfs_file.o(.constdata)
    __fsym_copy_name                         0x0801bddd   Data           5  dfs_file.o(.constdata)
    __fsym_copy_desc                         0x0801bde2   Data          37  dfs_file.o(.constdata)
    __fsym_mkdir_name                        0x0801be07   Data           6  dfs_posix.o(.constdata)
    __fsym_mkdir_desc                        0x0801be0d   Data          19  dfs_posix.o(.constdata)
    __fsym_version_name                      0x0801be20   Data           8  cmd.o(.constdata)
    __fsym_version_desc                      0x0801be28   Data          35  cmd.o(.constdata)
    __fsym_list_thread_name                  0x0801be4b   Data          12  cmd.o(.constdata)
    __fsym_list_thread_desc                  0x0801be57   Data          12  cmd.o(.constdata)
    __fsym_list_sem_name                     0x0801be63   Data           9  cmd.o(.constdata)
    __fsym_list_sem_desc                     0x0801be6c   Data          25  cmd.o(.constdata)
    __fsym_list_event_name                   0x0801be85   Data          11  cmd.o(.constdata)
    __fsym_list_event_desc                   0x0801be90   Data          21  cmd.o(.constdata)
    __fsym_list_mutex_name                   0x0801bea5   Data          11  cmd.o(.constdata)
    __fsym_list_mutex_desc                   0x0801beb0   Data          21  cmd.o(.constdata)
    __fsym_list_mailbox_name                 0x0801bec5   Data          13  cmd.o(.constdata)
    __fsym_list_mailbox_desc                 0x0801bed2   Data          24  cmd.o(.constdata)
    __fsym_list_msgqueue_name                0x0801beea   Data          14  cmd.o(.constdata)
    __fsym_list_msgqueue_desc                0x0801bef8   Data          29  cmd.o(.constdata)
    __fsym_list_mempool_name                 0x0801bf15   Data          13  cmd.o(.constdata)
    __fsym_list_mempool_desc                 0x0801bf22   Data          27  cmd.o(.constdata)
    __fsym_list_timer_name                   0x0801bf3d   Data          11  cmd.o(.constdata)
    __fsym_list_timer_desc                   0x0801bf48   Data          21  cmd.o(.constdata)
    __fsym_list_device_name                  0x0801bf5d   Data          12  cmd.o(.constdata)
    __fsym_list_device_desc                  0x0801bf69   Data          22  cmd.o(.constdata)
    __fsym_list_name                         0x0801bf7f   Data           5  cmd.o(.constdata)
    __fsym_list_desc                         0x0801bf84   Data          26  cmd.o(.constdata)
    __vsym_dummy_name                        0x0801bf9e   Data           6  cmd.o(.constdata)
    __vsym_dummy_desc                        0x0801bfa4   Data          25  cmd.o(.constdata)
    op_table                                 0x0801c090   Data         196  finsh_ops.o(.constdata)
    memp_sizes                               0x0801c240   Data          28  memp.o(.constdata)
    tcp_backoff                              0x0801c25c   Data          13  tcp.o(.constdata)
    tcp_persist_backoff                      0x0801c269   Data           7  tcp.o(.constdata)
    ip_addr_any                              0x0801c270   Data           4  ip_addr.o(.constdata)
    ip_addr_broadcast                        0x0801c274   Data           4  ip_addr.o(.constdata)
    ethbroadcast                             0x0801c278   Data           6  etharp.o(.constdata)
    ethzero                                  0x0801c27e   Data           6  etharp.o(.constdata)
    __fsym_set_if_name                       0x0801c284   Data           7  ethernetif.o(.constdata)
    __fsym_set_if_desc                       0x0801c28b   Data          30  ethernetif.o(.constdata)
    __fsym_set_dns_name                      0x0801c2a9   Data           8  ethernetif.o(.constdata)
    __fsym_set_dns_desc                      0x0801c2b1   Data          23  ethernetif.o(.constdata)
    __fsym_list_if_name                      0x0801c2c8   Data           8  ethernetif.o(.constdata)
    __fsym_list_if_desc                      0x0801c2d0   Data          35  ethernetif.o(.constdata)
    __fsym_list_tcps_name                    0x0801c2f3   Data          10  ethernetif.o(.constdata)
    __fsym_list_tcps_desc                    0x0801c2fd   Data          20  ethernetif.o(.constdata)
    __fsym_ad_start_name                     0x0801c352   Data           9  ad7606.o(.constdata)
    __fsym_ad_start_desc                     0x0801c35b   Data          21  ad7606.o(.constdata)
    FSymTab$$Base                            0x0801c61c   Number         0  mem.o(FSymTab)
    __fsym_list_mem                          0x0801c61c   Data          12  mem.o(FSymTab)
    __fsym_mkfs                              0x0801c628   Data          12  dfs_fs.o(FSymTab)
    __fsym_df                                0x0801c634   Data          12  dfs_fs.o(FSymTab)
    __fsym_ls                                0x0801c640   Data          12  dfs_file.o(FSymTab)
    __fsym_rm                                0x0801c64c   Data          12  dfs_file.o(FSymTab)
    __fsym_cat                               0x0801c658   Data          12  dfs_file.o(FSymTab)
    __fsym_copy                              0x0801c664   Data          12  dfs_file.o(FSymTab)
    __fsym_mkdir                             0x0801c670   Data          12  dfs_posix.o(FSymTab)
    __fsym_version                           0x0801c67c   Data          12  cmd.o(FSymTab)
    __fsym_list_thread                       0x0801c688   Data          12  cmd.o(FSymTab)
    __fsym_list_sem                          0x0801c694   Data          12  cmd.o(FSymTab)
    __fsym_list_event                        0x0801c6a0   Data          12  cmd.o(FSymTab)
    __fsym_list_mutex                        0x0801c6ac   Data          12  cmd.o(FSymTab)
    __fsym_list_mailbox                      0x0801c6b8   Data          12  cmd.o(FSymTab)
    __fsym_list_msgqueue                     0x0801c6c4   Data          12  cmd.o(FSymTab)
    __fsym_list_mempool                      0x0801c6d0   Data          12  cmd.o(FSymTab)
    __fsym_list_timer                        0x0801c6dc   Data          12  cmd.o(FSymTab)
    __fsym_list_device                       0x0801c6e8   Data          12  cmd.o(FSymTab)
    __fsym_list                              0x0801c6f4   Data          12  cmd.o(FSymTab)
    __fsym_set_if                            0x0801c700   Data          12  ethernetif.o(FSymTab)
    __fsym_set_dns                           0x0801c70c   Data          12  ethernetif.o(FSymTab)
    __fsym_list_if                           0x0801c718   Data          12  ethernetif.o(FSymTab)
    __fsym_list_tcps                         0x0801c724   Data          12  ethernetif.o(FSymTab)
    __fsym_ad_start                          0x0801c730   Data          12  ad7606.o(FSymTab)
    FSymTab$$Limit                           0x0801c73c   Number         0  ad7606.o(FSymTab)
    Region$$Table$$Base                      0x0801c73c   Number         0  anon$$obj.o(Region$$Table)
    Region$$Table$$Limit                     0x0801c75c   Number         0  anon$$obj.o(Region$$Table)
    VSymTab$$Base                            0x0801c75c   Number         0  cmd.o(VSymTab)
    __vsym_dummy                             0x0801c75c   Data          16  cmd.o(VSymTab)
    VSymTab$$Limit                           0x0801c76c   Number         0  cmd.o(VSymTab)
    __ctype                                  0x0801c779   Data           0  lc_ctype_c.o(locale$$data)
    uart2                                    0x20000000   Data          12  usart.o(.data)
    DMATxDescToSet                           0x2000000c   Data           4  stm32_eth.o(.data)
    DMARxDescToGet                           0x20000010   Data           4  stm32_eth.o(.data)
    DMAPTPTxDescToSet                        0x20000014   Data           4  stm32_eth.o(.data)
    DMAPTPRxDescToGet                        0x20000018   Data           4  stm32_eth.o(.data)
    rt_interrupt_nest                        0x20000024   Data           1  irq.o(.data)
    rt_object_container                      0x20000058   Data         144  object.o(.data)
    rt_object_trytake_hook                   0x200000f0   Data           4  object.o(.data)
    rt_object_take_hook                      0x200000f4   Data           4  object.o(.data)
    rt_object_put_hook                       0x200000f8   Data           4  object.o(.data)
    rt_current_thread                        0x20000100   Data           4  scheduler.o(.data)
    rt_current_priority                      0x20000104   Data           1  scheduler.o(.data)
    rt_thread_ready_priority_group           0x20000108   Data           4  scheduler.o(.data)
    rt_thread_defunct                        0x2000010c   Data           8  scheduler.o(.data)
    rt_interrupt_from_thread                 0x20000124   Data           4  cpuport.o(.data)
    rt_interrupt_to_thread                   0x20000128   Data           4  cpuport.o(.data)
    rt_thread_switch_interrupt_flag          0x2000012c   Data           4  cpuport.o(.data)
    finsh_compile_sp                         0x20000134   Data           4  finsh_compiler.o(.data)
    finsh_compile_pc                         0x20000138   Data           4  finsh_compiler.o(.data)
    global_errno                             0x20000178   Data           1  finsh_error.o(.data)
    global_sysvar_list                       0x20000184   Data           4  finsh_var.o(.data)
    global_syscall_list                      0x20000188   Data           4  finsh_vm.o(.data)
    finsh_sp                                 0x2000018c   Data           4  finsh_vm.o(.data)
    finsh_pc                                 0x20000190   Data           4  finsh_vm.o(.data)
    shell                                    0x20000194   Data           4  shell.o(.data)
    _syscall_table_begin                     0x20000198   Data           4  symbol.o(.data)
    _syscall_table_end                       0x2000019c   Data           4  symbol.o(.data)
    _sysvar_table_begin                      0x200001a0   Data           4  symbol.o(.data)
    _sysvar_table_end                        0x200001a4   Data           4  symbol.o(.data)
    netif_list                               0x20000218   Data           4  netif.o(.data)
    netif_default                            0x2000021c   Data           4  netif.o(.data)
    tcp_state_str                            0x20000228   Data          44  tcp.o(.data)
    tcp_ticks                                0x2000025c   Data           4  tcp.o(.data)
    tcp_bound_pcbs                           0x20000260   Data           4  tcp.o(.data)
    tcp_listen_pcbs                          0x20000264   Data           4  tcp.o(.data)
    tcp_active_pcbs                          0x20000268   Data           4  tcp.o(.data)
    tcp_tw_pcbs                              0x2000026c   Data           4  tcp.o(.data)
    tcp_tmp_pcb                              0x20000270   Data           4  tcp.o(.data)
    tcp_input_pcb                            0x20000294   Data           4  tcp_in.o(.data)
    udp_pcbs                                 0x20000298   Data           4  udp.o(.data)
    current_netif                            0x200002a0   Data           4  ip.o(.data)
    current_header                           0x200002a4   Data           4  ip.o(.data)
    SystemCoreClock                          0x200002b0   Data           4  system_stm32f10x.o(.data)
    AHBPrescTable                            0x200002b4   Data          16  system_stm32f10x.o(.data)
    uart2_int_rx                             0x200002d8   Data         136  usart.o(.bss)
    uart2_device                             0x20000360   Data          64  usart.o(.bss)
    rt_thread_priority_table                 0x20002b18   Data         256  scheduler.o(.bss)
    filesystem_operation_table               0x20002c18   Data          16  dfs.o(.bss)
    filesystem_table                         0x20002c28   Data          32  dfs.o(.bss)
    fd_table                                 0x20002c6c   Data         128  dfs.o(.bss)
    finsh_heap                               0x20002e10   Data         128  finsh_heap.o(.bss)
    global_node_table                        0x20002e90   Data         320  finsh_node.o(.bss)
    global_variable                          0x20002fd0   Data         192  finsh_var.o(.bss)
    finsh_vm_stack                           0x20003090   Data         256  finsh_vm.o(.bss)
    text_segment                             0x20003190   Data         128  finsh_vm.o(.bss)
    __libspace_start                         0x20004e0c   Data          96  libspace.o(.bss)
    __temporary_stack_top$libspace           0x20004e6c   Data           0  libspace.o(.bss)
    Image$$RW_IRAM1$$ZI$$Limit               0x20005470   Number         0  startup_stm32f10x_cl.o(STACK)



==============================================================================

Memory Map of the image

  Image Entry point : 0x08000151

  Load Region LR_IROM1 (Base: 0x08000000, Size: 0x0001cb54, Max: 0x00040000, ABSOLUTE, COMPRESSED[0x0001c974])

    Execution Region ER_IROM1 (Base: 0x08000000, Size: 0x0001c87c, Max: 0x00040000, ABSOLUTE)

    Base Addr    Size         Type   Attr      Idx    E Section Name        Object

    0x08000000   0x00000150   Data   RO         2251    RESET               startup_stm32f10x_cl.o
    0x08000150   0x00000008   Code   RO         2296  * !!!main             c_w.l(__main.o)
    0x08000158   0x00000034   Code   RO         2474    !!!scatter          c_w.l(__scatter.o)
    0x0800018c   0x0000005a   Code   RO         2472    !!dczerorl2         c_w.l(__dczerorl2.o)
    0x080001e6   0x00000002   PAD
    0x080001e8   0x0000001c   Code   RO         2476    !!handler_zi        c_w.l(__scatter_zi.o)
    0x08000204   0x00000006   Code   RO         2388    .ARM.Collect$$libinit$$00000000  c_w.l(libinit.o)
    0x0800020a   0x00000000   Code   RO         2336    .ARM.Collect$$libinit$$00000006  c_w.l(libinit2.o)
    0x0800020a   0x00000000   Code   RO         2338    .ARM.Collect$$libinit$$00000008  c_w.l(libinit2.o)
    0x0800020a   0x00000000   Code   RO         2340    .ARM.Collect$$libinit$$0000000A  c_w.l(libinit2.o)
    0x0800020a   0x00000006   Code   RO         2341    .ARM.Collect$$libinit$$0000000B  c_w.l(libinit2.o)
    0x08000210   0x00000000   Code   RO         2343    .ARM.Collect$$libinit$$0000000D  c_w.l(libinit2.o)
    0x08000210   0x0000000c   Code   RO         2344    .ARM.Collect$$libinit$$0000000E  c_w.l(libinit2.o)
    0x0800021c   0x00000000   Code   RO         2345    .ARM.Collect$$libinit$$0000000F  c_w.l(libinit2.o)
    0x0800021c   0x00000000   Code   RO         2347    .ARM.Collect$$libinit$$00000011  c_w.l(libinit2.o)
    0x0800021c   0x00000000   Code   RO         2349    .ARM.Collect$$libinit$$00000013  c_w.l(libinit2.o)
    0x0800021c   0x00000000   Code   RO         2351    .ARM.Collect$$libinit$$00000015  c_w.l(libinit2.o)
    0x0800021c   0x00000000   Code   RO         2353    .ARM.Collect$$libinit$$00000017  c_w.l(libinit2.o)
    0x0800021c   0x00000000   Code   RO         2355    .ARM.Collect$$libinit$$00000019  c_w.l(libinit2.o)
    0x0800021c   0x00000000   Code   RO         2357    .ARM.Collect$$libinit$$0000001B  c_w.l(libinit2.o)
    0x0800021c   0x00000000   Code   RO         2359    .ARM.Collect$$libinit$$0000001D  c_w.l(libinit2.o)
    0x0800021c   0x00000000   Code   RO         2361    .ARM.Collect$$libinit$$0000001F  c_w.l(libinit2.o)
    0x0800021c   0x00000000   Code   RO         2363    .ARM.Collect$$libinit$$00000021  c_w.l(libinit2.o)
    0x0800021c   0x00000000   Code   RO         2367    .ARM.Collect$$libinit$$00000028  c_w.l(libinit2.o)
    0x0800021c   0x00000000   Code   RO         2369    .ARM.Collect$$libinit$$0000002A  c_w.l(libinit2.o)
    0x0800021c   0x00000000   Code   RO         2371    .ARM.Collect$$libinit$$0000002C  c_w.l(libinit2.o)
    0x0800021c   0x00000000   Code   RO         2373    .ARM.Collect$$libinit$$0000002E  c_w.l(libinit2.o)
    0x0800021c   0x00000002   Code   RO         2374    .ARM.Collect$$libinit$$0000002F  c_w.l(libinit2.o)
    0x0800021e   0x00000002   Code   RO         2430    .ARM.Collect$$libshutdown$$00000000  c_w.l(libshutdown.o)
    0x08000220   0x00000000   Code   RO         2437    .ARM.Collect$$libshutdown$$00000003  c_w.l(libshutdown2.o)
    0x08000220   0x00000000   Code   RO         2440    .ARM.Collect$$libshutdown$$00000006  c_w.l(libshutdown2.o)
    0x08000220   0x00000000   Code   RO         2443    .ARM.Collect$$libshutdown$$00000009  c_w.l(libshutdown2.o)
    0x08000220   0x00000000   Code   RO         2445    .ARM.Collect$$libshutdown$$0000000B  c_w.l(libshutdown2.o)
    0x08000220   0x00000000   Code   RO         2448    .ARM.Collect$$libshutdown$$0000000E  c_w.l(libshutdown2.o)
    0x08000220   0x00000002   Code   RO         2449    .ARM.Collect$$libshutdown$$0000000F  c_w.l(libshutdown2.o)
    0x08000222   0x00000000   Code   RO         2298    .ARM.Collect$$rtentry$$00000000  c_w.l(rtentry.o)
    0x08000222   0x00000000   Code   RO         2318    .ARM.Collect$$rtentry$$00000002  c_w.l(rtentry2.o)
    0x08000222   0x00000006   Code   RO         2330    .ARM.Collect$$rtentry$$00000004  c_w.l(rtentry4.o)
    0x08000228   0x00000000   Code   RO         2320    .ARM.Collect$$rtentry$$00000009  c_w.l(rtentry2.o)
    0x08000228   0x00000004   Code   RO         2321    .ARM.Collect$$rtentry$$0000000A  c_w.l(rtentry2.o)
    0x0800022c   0x00000000   Code   RO         2323    .ARM.Collect$$rtentry$$0000000C  c_w.l(rtentry2.o)
    0x0800022c   0x00000008   Code   RO         2324    .ARM.Collect$$rtentry$$0000000D  c_w.l(rtentry2.o)
    0x08000234   0x00000002   Code   RO         2389    .ARM.Collect$$rtexit$$00000000  c_w.l(rtexit.o)
    0x08000236   0x00000000   Code   RO         2400    .ARM.Collect$$rtexit$$00000002  c_w.l(rtexit2.o)
    0x08000236   0x00000004   Code   RO         2401    .ARM.Collect$$rtexit$$00000003  c_w.l(rtexit2.o)
    0x0800023a   0x00000006   Code   RO         2402    .ARM.Collect$$rtexit$$00000004  c_w.l(rtexit2.o)
    0x08000240   0x00000064   Code   RO            1    .text               application.o
    0x080002a4   0x000000d4   Code   RO          172    .text               startup.o
    0x08000378   0x000000a8   Code   RO          188    .text               board.o
    0x08000420   0x00000034   Code   RO          207    .text               stm32f10x_it.o
    0x08000454   0x00000108   Code   RO          223    .text               usart.o
    0x0800055c   0x00000640   Code   RO          245    .text               serial.o
    0x08000b9c   0x00002438   Code   RO          261    .text               stm32_eth.o
    0x08002fd4   0x00000068   Code   RO          327    .text               clock.o
    0x0800303c   0x000003a0   Code   RO          341    .text               device.o
    0x080033dc   0x00000164   Code   RO          358    .text               idle.o
    0x08003540   0x000017aa   Code   RO          378    .text               ipc.o
    0x08004cea   0x00000002   PAD
    0x08004cec   0x00000048   Code   RO          395    .text               irq.o
    0x08004d34   0x000008a0   Code   RO          410    .text               kservice.o
    0x080055d4   0x0000097c   Code   RO          426    .text               mem.o
    0x08005f50   0x00000428   Code   RO          458    .text               mempool.o
    0x08006378   0x00000330   Code   RO          485    .text               object.o
    0x080066a8   0x000003c8   Code   RO          518    .text               scheduler.o
    0x08006a70   0x00000688   Code   RO          545    .text               thread.o
    0x080070f8   0x00000428   Code   RO          562    .text               timer.o
    0x08007520   0x000000c4   Code   RO          615    .text               context_rvds.o
    0x080075e4   0x000001b4   Code   RO          620    .text               cpuport.o
    0x08007798   0x000003c4   Code   RO          637    .text               dfs.o
    0x08007b5c   0x0000057c   Code   RO          670    .text               dfs_fs.o
    0x080080d8   0x00000680   Code   RO          692    .text               dfs_file.o
    0x08008758   0x0000054c   Code   RO          712    .text               dfs_posix.o
    0x08008ca4   0x00000a18   Code   RO          774    .text               cmd.o
    0x080096bc   0x000017f8   Code   RO          794    .text               finsh_compiler.o
    0x0800aeb4   0x0000002c   Code   RO          831    .text               finsh_error.o
    0x0800aee0   0x00000210   Code   RO          847    .text               finsh_heap.o
    0x0800b0f0   0x00000058   Code   RO          863    .text               finsh_init.o
    0x0800b148   0x00000184   Code   RO          881    .text               finsh_node.o
    0x0800b2cc   0x00000ad8   Code   RO          896    .text               finsh_ops.o
    0x0800bda4   0x00000972   Code   RO          914    .text               finsh_parser.o
    0x0800c716   0x00000002   PAD
    0x0800c718   0x00000628   Code   RO          929    .text               finsh_token.o
    0x0800cd40   0x00000198   Code   RO          944    .text               finsh_var.o
    0x0800ced8   0x000000e4   Code   RO          967    .text               finsh_vm.o
    0x0800cfbc   0x0000079c   Code   RO          994    .text               shell.o
    0x0800d758   0x00000440   Code   RO         1028    .text               api_lib.o
    0x0800db98   0x00000b88   Code   RO         1105    .text               api_msg.o
    0x0800e720   0x00000192   Code   RO         1167    .text               netbuf.o
    0x0800e8b2   0x00000002   PAD
    0x0800e8b4   0x000000f8   Code   RO         1220    .text               netifapi.o
    0x0800e9ac   0x000014cc   Code   RO         1244    .text               sockets.o
    0x0800fe78   0x000003d0   Code   RO         1284    .text               tcpip.o
    0x08010248   0x00000308   Code   RO         1341    .text               sys_arch.o
    0x08010550   0x0000015c   Code   RO         1389    .text               sys_arch_init.o
    0x080106ac   0x00000608   Code   RO         1454    .text               dns.o
    0x08010cb4   0x00000018   Code   RO         1472    .text               init.o
    0x08010ccc   0x00000088   Code   RO         1524    .text               memp.o
    0x08010d54   0x000002d0   Code   RO         1565    .text               netif.o
    0x08011024   0x0000067e   Code   RO         1590    .text               pbuf.o
    0x080116a2   0x00000002   PAD
    0x080116a4   0x000001b4   Code   RO         1616    .text               raw.o
    0x08011858   0x00000268   Code   RO         1636    .text               sys.o
    0x08011ac0   0x00000cdc   Code   RO         1657    .text               tcp.o
    0x0801279c   0x0000177c   Code   RO         1678    .text               tcp_in.o
    0x08013f18   0x00000b38   Code   RO         1701    .text               tcp_out.o
    0x08014a50   0x00000438   Code   RO         1713    .text               udp.o
    0x08014e88   0x00000274   Code   RO         1737    .text               icmp.o
    0x080150fc   0x0000021c   Code   RO         1755    .text               inet.o
    0x08015318   0x0000015e   Code   RO         1768    .text               inet_chksum.o
    0x08015476   0x00000002   PAD
    0x08015478   0x0000036c   Code   RO         1780    .text               ip.o
    0x080157e4   0x0000004e   Code   RO         1801    .text               ip_addr.o
    0x08015832   0x00000002   PAD
    0x08015834   0x0000060c   Code   RO         1823    .text               ip_frag.o
    0x08015e40   0x000009c0   Code   RO         1841    .text               etharp.o
    0x08016800   0x0000086c   Code   RO         1861    .text               ethernetif.o
    0x0801706c   0x0000026c   Code   RO         1947    .text               system_stm32f10x.o
    0x080172d8   0x00000b10   Code   RO         1977    .text               stm32f10x_rcc.o
    0x08017de8   0x000002e4   Code   RO         2015    .text               stm32f10x_exti.o
    0x080180cc   0x000009e0   Code   RO         2123    .text               stm32f10x_spi.o
    0x08018aac   0x00000a70   Code   RO         2162    .text               stm32f10x_gpio.o
    0x0801951c   0x00000dc0   Code   RO         2174    .text               stm32f10x_usart.o
    0x0801a2dc   0x0000090c   Code   RO         2198    .text               stm32f10x_dma.o
    0x0801abe8   0x000001e8   Code   RO         2237    .text               misc.o
    0x0801add0   0x00000040   Code   RO         2252    .text               startup_stm32f10x_cl.o
    0x0801ae10   0x0000027c   Code   RO         2256    .text               ad7606.o
    0x0801b08c   0x00000010   Code   RO         2274    .text               c_w.l(rt_ctype_table.o)
    0x0801b09c   0x0000001a   Code   RO         2276    .text               c_w.l(atoi.o)
    0x0801b0b6   0x00000048   Code   RO         2278    .text               c_w.l(strcpy.o)
    0x0801b0fe   0x0000003e   Code   RO         2280    .text               c_w.l(strlen.o)
    0x0801b13c   0x00000096   Code   RO         2282    .text               c_w.l(strncmp.o)
    0x0801b1d2   0x0000008a   Code   RO         2284    .text               c_w.l(rt_memcpy_v6.o)
    0x0801b25c   0x00000064   Code   RO         2286    .text               c_w.l(rt_memcpy_w.o)
    0x0801b2c0   0x00000044   Code   RO         2288    .text               c_w.l(rt_memclr.o)
    0x0801b304   0x0000004e   Code   RO         2290    .text               c_w.l(rt_memclr_w.o)
    0x0801b352   0x00000056   Code   RO         2292    .text               c_w.l(strncpy.o)
    0x0801b3a8   0x00000006   Code   RO         2294    .text               c_w.l(heapauxi.o)
    0x0801b3ae   0x00000002   PAD
    0x0801b3b0   0x00000008   Code   RO         2302    .text               c_w.l(rt_locale_intlibspace.o)
    0x0801b3b8   0x00000008   Code   RO         2307    .text               c_w.l(rt_errno_addr_intlibspace.o)
    0x0801b3c0   0x00000070   Code   RO         2309    .text               c_w.l(strtol.o)
    0x0801b430   0x00000008   Code   RO         2314    .text               c_w.l(libspace.o)
    0x0801b438   0x0000009e   Code   RO         2332    .text               c_w.l(_strtoul.o)
    0x0801b4d6   0x0000004a   Code   RO         2375    .text               c_w.l(sys_stackheap_outer.o)
    0x0801b520   0x0000001c   Code   RO         2377    .text               c_w.l(_chval.o)
    0x0801b53c   0x0000000c   Code   RO         2379    .text               c_w.l(exit.o)
    0x0801b548   0x00000008   Code   RO         2409    .text               c_w.l(rt_fp_status_addr_intlibspace.o)
    0x0801b550   0x0000000c   Code   RO         2417    .text               c_w.l(sys_exit.o)
    0x0801b55c   0x00000002   Code   RO         2419    .text               c_w.l(use_no_semi.o)
    0x0801b55e   0x00000000   Code   RO         2421    .text               c_w.l(indicate_semi.o)
    0x0801b55e   0x00000002   PAD
    0x0801b560   0x0000002c   Code   RO         2312    locale$$code        c_w.l(lc_ctype_c.o)
    0x0801b58c   0x0000000e   Code   RO         2395    x$fpl$fpinit        fz_ws.l(fpinit.o)
    0x0801b59a   0x00000085   Data   RO          246    .constdata          serial.o
    0x0801b61f   0x000000a8   Data   RO          342    .constdata          device.o
    0x0801b6c7   0x00000016   Data   RO          360    .constdata          idle.o
    0x0801b6dd   0x000001c6   Data   RO          379    .constdata          ipc.o
    0x0801b8a3   0x00000022   Data   RO          412    .constdata          kservice.o
    0x0801b8c5   0x00000003   PAD
    0x0801b8c8   0x00000160   Data   RO          428    .constdata          mem.o
    0x0801ba28   0x0000003e   Data   RO          459    .constdata          mempool.o
    0x0801ba66   0x0000005e   Data   RO          486    .constdata          object.o
    0x0801bac4   0x0000014e   Data   RO          520    .constdata          scheduler.o
    0x0801bc12   0x000000aa   Data   RO          546    .constdata          thread.o
    0x0801bcbc   0x0000005c   Data   RO          563    .constdata          timer.o
    0x0801bd18   0x00000013   Data   RO          621    .constdata          cpuport.o
    0x0801bd2b   0x00000023   Data   RO          639    .constdata          dfs.o
    0x0801bd4e   0x00000046   Data   RO          671    .constdata          dfs_fs.o
    0x0801bd94   0x00000073   Data   RO          694    .constdata          dfs_file.o
    0x0801be07   0x00000019   Data   RO          713    .constdata          dfs_posix.o
    0x0801be20   0x0000026f   Data   RO          775    .constdata          cmd.o
    0x0801c08f   0x00000001   PAD
    0x0801c090   0x000000c4   Data   RO          897    .constdata          finsh_ops.o
    0x0801c154   0x00000040   Data   RO          930    .constdata          finsh_token.o
    0x0801c194   0x0000004d   Data   RO          996    .constdata          shell.o
    0x0801c1e1   0x00000003   PAD
    0x0801c1e4   0x0000003c   Data   RO         1246    .constdata          sockets.o
    0x0801c220   0x0000001f   Data   RO         1342    .constdata          sys_arch.o
    0x0801c23f   0x00000001   PAD
    0x0801c240   0x0000001c   Data   RO         1525    .constdata          memp.o
    0x0801c25c   0x00000014   Data   RO         1658    .constdata          tcp.o
    0x0801c270   0x00000008   Data   RO         1802    .constdata          ip_addr.o
    0x0801c278   0x0000000c   Data   RO         1843    .constdata          etharp.o
    0x0801c284   0x000000ce   Data   RO         1863    .constdata          ethernetif.o
    0x0801c352   0x0000001e   Data   RO         2257    .constdata          ad7606.o
    0x0801c370   0x000000b3   Data   RO          776    .conststring        cmd.o
    0x0801c423   0x000000d8   Data   RO          832    .conststring        finsh_error.o
    0x0801c4fb   0x0000002c   Data   RO          931    .conststring        finsh_token.o
    0x0801c527   0x00000093   Data   RO         1526    .conststring        memp.o
    0x0801c5ba   0x00000061   Data   RO         1659    .conststring        tcp.o
    0x0801c61b   0x00000001   PAD
    0x0801c61c   0x0000000c   Data   RO          430    FSymTab             mem.o
    0x0801c628   0x00000018   Data   RO          672    FSymTab             dfs_fs.o
    0x0801c640   0x00000030   Data   RO          695    FSymTab             dfs_file.o
    0x0801c670   0x0000000c   Data   RO          714    FSymTab             dfs_posix.o
    0x0801c67c   0x00000084   Data   RO          778    FSymTab             cmd.o
    0x0801c700   0x00000030   Data   RO         1864    FSymTab             ethernetif.o
    0x0801c730   0x0000000c   Data   RO         2258    FSymTab             ad7606.o
    0x0801c73c   0x00000020   Data   RO         2470    Region$$Table       anon$$obj.o
    0x0801c75c   0x00000010   Data   RO          779    VSymTab             cmd.o
    0x0801c76c   0x00000110   Data   RO         2311    locale$$data        c_w.l(lc_ctype_c.o)


    Execution Region RW_IRAM1 (Base: 0x20000000, Size: 0x00005470, Max: 0x00010000, ABSOLUTE, COMPRESSED[0x000000f8])

    Base Addr    Size         Type   Attr      Idx    E Section Name        Object

    0x20000000   0x0000000c   Data   RW          225    .data               usart.o
    0x2000000c   0x00000010   Data   RW          263    .data               stm32_eth.o
    0x2000001c   0x00000004   Data   RW          328    .data               clock.o
    0x20000020   0x00000004   Data   RW          361    .data               idle.o
    0x20000024   0x00000001   Data   RW          396    .data               irq.o
    0x20000025   0x00000003   PAD
    0x20000028   0x00000008   Data   RW          413    .data               kservice.o
    0x20000030   0x00000020   Data   RW          429    .data               mem.o
    0x20000050   0x00000008   Data   RW          460    .data               mempool.o
    0x20000058   0x000000a4   Data   RW          487    .data               object.o
    0x200000fc   0x0000001c   Data   RW          521    .data               scheduler.o
    0x20000118   0x0000000c   Data   RW          564    .data               timer.o
    0x20000124   0x0000000c   Data   RW          622    .data               cpuport.o
    0x20000130   0x00000004   Data   RW          777    .data               cmd.o
    0x20000134   0x00000008   Data   RW          795    .data               finsh_compiler.o
    0x2000013c   0x0000003d   Data   RW          833    .data               finsh_error.o
    0x20000179   0x00000003   PAD
    0x2000017c   0x00000008   Data   RW          849    .data               finsh_heap.o
    0x20000184   0x00000004   Data   RW          946    .data               finsh_var.o
    0x20000188   0x0000000c   Data   RW          969    .data               finsh_vm.o
    0x20000194   0x00000004   Data   RW          997    .data               shell.o
    0x20000198   0x00000010   Data   RW         1015    .data               symbol.o
    0x200001a8   0x0000000c   Data   RW         1247    .data               sockets.o
    0x200001b4   0x00000010   Data   RW         1285    .data               tcpip.o
    0x200001c4   0x00000004   Data   RW         1343    .data               sys_arch.o
    0x200001c8   0x0000000d   Data   RW         1456    .data               dns.o
    0x200001d5   0x00000003   PAD
    0x200001d8   0x0000003a   Data   RW         1527    .data               memp.o
    0x20000212   0x00000002   PAD
    0x20000214   0x0000000c   Data   RW         1566    .data               netif.o
    0x20000220   0x00000001   Data   RW         1591    .data               pbuf.o
    0x20000221   0x00000003   PAD
    0x20000224   0x00000004   Data   RW         1617    .data               raw.o
    0x20000228   0x0000004d   Data   RW         1660    .data               tcp.o
    0x20000275   0x00000003   PAD
    0x20000278   0x00000020   Data   RW         1680    .data               tcp_in.o
    0x20000298   0x00000004   Data   RW         1714    .data               udp.o
    0x2000029c   0x0000000c   Data   RW         1781    .data               ip.o
    0x200002a8   0x00000006   Data   RW         1825    .data               ip_frag.o
    0x200002ae   0x00000001   Data   RW         1844    .data               etharp.o
    0x200002af   0x00000001   PAD
    0x200002b0   0x00000014   Data   RW         1948    .data               system_stm32f10x.o
    0x200002c4   0x00000014   Data   RW         1978    .data               stm32f10x_rcc.o
    0x200002d8   0x000000c8   Zero   RW          224    .bss                usart.o
    0x200003a0   0x00002558   Zero   RW          262    .bss                stm32_eth.o
    0x200028f8   0x00000180   Zero   RW          359    .bss                idle.o
    0x20002a78   0x00000080   Zero   RW          411    .bss                kservice.o
    0x20002af8   0x00000020   Zero   RW          427    .bss                mem.o
    0x20002b18   0x00000100   Zero   RW          519    .bss                scheduler.o
    0x20002c18   0x000000d4   Zero   RW          638    .bss                dfs.o
    0x20002cec   0x00000124   Zero   RW          693    .bss                dfs_file.o
    0x20002e10   0x00000080   Zero   RW          848    .bss                finsh_heap.o
    0x20002e90   0x00000140   Zero   RW          882    .bss                finsh_node.o
    0x20002fd0   0x000000c0   Zero   RW          945    .bss                finsh_var.o
    0x20003090   0x00000180   Zero   RW          968    .bss                finsh_vm.o
    0x20003210   0x00000880   Zero   RW          995    .bss                shell.o
    0x20003a90   0x000000c8   Zero   RW         1245    .bss                sockets.o
    0x20003b58   0x00000660   Zero   RW         1455    .bss                dns.o
    0x200041b8   0x00000014   Zero   RW         1679    .bss                tcp_in.o
    0x200041cc   0x00000010   Zero   RW         1756    .bss                inet.o
    0x200041dc   0x000005e8   Zero   RW         1824    .bss                ip_frag.o
    0x200047c4   0x000000c8   Zero   RW         1842    .bss                etharp.o
    0x2000488c   0x00000580   Zero   RW         1862    .bss                ethernetif.o
    0x20004e0c   0x00000060   Zero   RW         2315    .bss                c_w.l(libspace.o)
    0x20004e6c   0x00000004   PAD
    0x20004e70   0x00000200   Zero   RW         2250    HEAP                startup_stm32f10x_cl.o
    0x20005070   0x00000400   Zero   RW         2249    STACK               startup_stm32f10x_cl.o


==============================================================================

Image component sizes


      Code (inc. data)   RO Data    RW Data    ZI Data      Debug   Object Name

       636         36         42          0          0       3137   ad7606.o
      1088         48          0          0          0      26834   api_lib.o
      2952         36          0          0          0      22037   api_msg.o
       100         34          0          0          0     321186   application.o
       168         16          0          0          0      16191   board.o
       104          6          0          4          0       1616   clock.o
      2584       1100        950          4          0       9080   cmd.o
       196         20          0          0          0        744   context_rvds.o
       436        216         19         12          0       2067   cpuport.o
       928        144        168          0          0       5665   device.o
       964        156         35          0        212       8268   dfs.o
      1664        196        163          0        292       7263   dfs_file.o
      1404        216         94          0          0       5232   dfs_fs.o
      1356         44         37          0          0       8863   dfs_posix.o
      1544         56          0         13       1632       7353   dns.o
      2496         22         12          1        200       9791   etharp.o
      2156        688        254          0       1408      18125   ethernetif.o
      6136        156          0          8          0      10478   finsh_compiler.o
        44         10        216         61          0       1541   finsh_error.o
       528         18          0          8        128       3315   finsh_heap.o
        88          6          0          0          0       1524   finsh_init.o
       388          4          0          0        320       3236   finsh_node.o
      2776         36        196          0          0       8564   finsh_ops.o
      2418         32          0          0          0       9657   finsh_parser.o
      1576         16        108          0          0       5744   finsh_token.o
       408         16          0          4        192       7053   finsh_var.o
       228         34          0         12        384       6638   finsh_vm.o
       628          0          0          0          0       2946   icmp.o
       356        106         22          4        384       2707   idle.o
       540         12          0          0         16       3208   inet.o
       350          0          0          0          0       2422   inet_chksum.o
        24          0          0          0          0      13204   init.o
       876         22          0         12          0       6178   ip.o
        78          0          8          0          0       5457   ip_addr.o
      1548         18          0          6       1512       6728   ip_frag.o
      6058        392        454          0          0      21975   ipc.o
        72          6          0          1          0       1226   irq.o
      2208        190         34          8        128      10400   kservice.o
      2428        588        364         32         32      11198   mem.o
       136         10        175         58          0       3073   memp.o
      1064        116         62          8          0       5258   mempool.o
       488         74          0          0          0       2057   misc.o
         0          0          0          0          0       4300   msd.o
       402          0          0          0          0       6849   netbuf.o
         0          0          0          0          0       4440   netdb.o
       720         22          0         12          0       6491   netif.o
       248          0          0          0          0       4309   netifapi.o
       816        184         94        164          0       5824   object.o
      1662         14          0          1          0       6868   pbuf.o
       436          4          0          4          0       3665   raw.o
       968        186        334         28        256       4684   scheduler.o
      1600        296        133          0          0       5717   serial.o
      1948        274         77          4       2176       6241   shell.o
      5324         76         60         12        200      30522   sockets.o
       212         98          0          0          0       1227   startup.o
        64         26        336          0       1536        856   startup_stm32f10x_cl.o
      9272        318          0         16       9560      38602   stm32_eth.o
      2316        160          0          0          0       5622   stm32f10x_dma.o
       740         70          0          0          0       2667   stm32f10x_exti.o
      2672        204          0          0          0       7341   stm32f10x_gpio.o
        52          4          0          0          0       1371   stm32f10x_it.o
      2832        144          0         20          0      13290   stm32f10x_rcc.o
      2528        112          0          0          0       8230   stm32f10x_spi.o
      3520        148          0          0          0      10700   stm32f10x_usart.o
         0          0          0         16          0       4061   symbol.o
       616          6          0          0          0       3560   sys.o
       776        144         31          4          0       9251   sys_arch.o
       348         36          0          0          0      10569   sys_arch_init.o
       620         48          0         20          0       2079   system_stm32f10x.o
      3292        112        117         77          0      18749   tcp.o
      6012        222          0         32         20      14696   tcp_in.o
      2872         22          0          0          0       7602   tcp_out.o
       976         66          0         16          0      23707   tcpip.o
      1672        244        170          0          0       8086   thread.o
      1064        128         92         12          0       6587   timer.o
      1080          8          0          4          0       6589   udp.o
       264         26          0         12        200       2121   usart.o

    ----------------------------------------------------------------------
    110156       8298       4898        728      20788     926712   Object Totals
         0          0         32          0          0          0   (incl. Generated)
        12          0          9         18          0          0   (incl. Padding)

    ----------------------------------------------------------------------

      Code (inc. data)   RO Data    RW Data    ZI Data      Debug   Library Member Name

        90          0          0          0          0          0   __dczerorl2.o
         8          0          0          0          0         68   __main.o
        52          8          0          0          0          0   __scatter.o
        28          0          0          0          0          0   __scatter_zi.o
        28          0          0          0          0         68   _chval.o
       158          0          0          0          0         92   _strtoul.o
        26          0          0          0          0         80   atoi.o
        12          0          0          0          0         72   exit.o
         6          0          0          0          0        152   heapauxi.o
         0          0          0          0          0          0   indicate_semi.o
        44         10        272          0          0         76   lc_ctype_c.o
         6          0          0          0          0          0   libinit.o
        20          0          0          0          0          0   libinit2.o
         2          0          0          0          0          0   libshutdown.o
         2          0          0          0          0          0   libshutdown2.o
         8          4          0          0         96         68   libspace.o
        16          4          0          0          0         76   rt_ctype_table.o
         8          4          0          0          0         68   rt_errno_addr_intlibspace.o
         8          4          0          0          0         68   rt_fp_status_addr_intlibspace.o
         8          4          0          0          0         68   rt_locale_intlibspace.o
        68          0          0          0          0         68   rt_memclr.o
        78          0          0          0          0         80   rt_memclr_w.o
       138          0          0          0          0         68   rt_memcpy_v6.o
       100          0          0          0          0         80   rt_memcpy_w.o
         0          0          0          0          0          0   rtentry.o
        12          0          0          0          0          0   rtentry2.o
         6          0          0          0          0          0   rtentry4.o
         2          0          0          0          0          0   rtexit.o
        10          0          0          0          0          0   rtexit2.o
        72          0          0          0          0         80   strcpy.o
        62          0          0          0          0         76   strlen.o
       150          0          0          0          0         80   strncmp.o
        86          0          0          0          0         76   strncpy.o
       112          0          0          0          0         88   strtol.o
        12          4          0          0          0         68   sys_exit.o
        74          0          0          0          0         80   sys_stackheap_outer.o
         2          0          0          0          0         68   use_no_semi.o
        14          0          0          0          0         76   fpinit.o

    ----------------------------------------------------------------------
      1534         42        272          0        100       1944   Library Totals
         6          0          0          0          4          0   (incl. Padding)

    ----------------------------------------------------------------------

      Code (inc. data)   RO Data    RW Data    ZI Data      Debug   Library Name

      1514         42        272          0         96       1868   c_w.l
        14          0          0          0          0         76   fz_ws.l

    ----------------------------------------------------------------------
      1534         42        272          0        100       1944   Library Totals

    ----------------------------------------------------------------------

==============================================================================


      Code (inc. data)   RO Data    RW Data    ZI Data      Debug   

    111690       8340       5170        728      20888     921532   Grand Totals
    111690       8340       5170        248      20888     921532   ELF Image Totals (compressed)
    111690       8340       5170        248          0          0   ROM Totals

==============================================================================

    Total RO  Size (Code + RO Data)               116860 ( 114.12kB)
    Total RW  Size (RW Data + ZI Data)             21616 (  21.11kB)
    Total ROM Size (Code + RO Data + RW Data)     117108 ( 114.36kB)

==============================================================================

