ARM Linker, 4.1 [Build 894] [Standard]

==============================================================================

Section Cross References

    application.o(.text) refers to ethernetif.o(.text) for eth_system_device_init
    application.o(.text) refers to stm32_eth.o(.text) for rt_hw_stm32_eth_init
    application.o(.text) refers to device.o(.text) for rt_device_init_all
    application.o(.text) refers to sys_arch_init.o(.text) for lwip_sys_init
    application.o(.text) refers to kservice.o(.text) for rt_kprintf
    application.o(.text) refers to uploadapp.o(.text) for netapp_start
    application.o(.text) refers to m3ad.o(.text) for m3ad_th
    application.o(.text) refers to thread.o(.text) for rt_thread_create
    application.o(FSymTab) refers to application.o(.constdata) for __fsym_reset_name
    application.o(FSymTab) refers to application.o(.text) for reset
    startup.o(.text) refers to kservice.o(.text) for rt_kprintf
    startup.o(.text) refers to board.o(.text) for rt_hw_board_init
    startup.o(.text) refers to clock.o(.text) for rt_system_tick_init
    startup.o(.text) refers to object.o(.text) for rt_system_object_init
    startup.o(.text) refers to timer.o(.text) for rt_system_timer_init
    startup.o(.text) refers to mem.o(.text) for rt_system_heap_init
    startup.o(.text) refers to ad7606.o(.text) for ad7606_init
    startup.o(.text) refers to m3ad.o(.text) for m3ad_init
    startup.o(.text) refers to led.o(.text) for led_config
    startup.o(.text) refers to iepe.o(.text) for iepe_init
    startup.o(.text) refers to skf797l.o(.text) for skf_init
    startup.o(.text) refers to scheduler.o(.text) for rt_system_scheduler_init
    startup.o(.text) refers to rtc.o(.text) for rt_hw_rtc_init
    startup.o(.text) refers to device.o(.text) for rt_device_init_all
    startup.o(.text) refers to application.o(.text) for rt_application_init
    startup.o(.text) refers to shell.o(.text) for finsh_system_init
    startup.o(.text) refers to idle.o(.text) for rt_thread_idle_init
    startup.o(.text) refers to context_rvds.o(.text) for rt_hw_interrupt_disable
    board.o(.text) refers to misc.o(.text) for NVIC_SetVectorTable
    board.o(.text) refers to stm32f10x_rcc.o(.text) for RCC_GetClocksFreq
    board.o(.text) refers to irq.o(.text) for rt_interrupt_enter
    board.o(.text) refers to clock.o(.text) for rt_tick_increase
    board.o(.text) refers to usart.o(.text) for rt_hw_usart_init
    board.o(.text) refers to kservice.o(.text) for rt_console_set_device
    stm32f10x_it.o(.text) refers to board.o(.text) for rt_hw_timer_handler
    stm32f10x_it.o(.text) refers to irq.o(.text) for rt_interrupt_enter
    stm32f10x_it.o(.text) refers to serial.o(.text) for rt_hw_serial_isr
    stm32f10x_it.o(.text) refers to usart.o(.bss) for uart2_device
    usart.o(.text) refers to stm32f10x_rcc.o(.text) for RCC_APB2PeriphClockCmd
    usart.o(.text) refers to stm32f10x_gpio.o(.text) for GPIO_PinRemapConfig
    usart.o(.text) refers to misc.o(.text) for NVIC_Init
    usart.o(.text) refers to stm32f10x_usart.o(.text) for USART_Init
    usart.o(.text) refers to serial.o(.text) for rt_hw_serial_register
    usart.o(.text) refers to usart.o(.data) for uart2
    usart.o(.text) refers to usart.o(.bss) for uart2_device
    usart.o(.data) refers to usart.o(.bss) for uart2_int_rx
    serial.o(.text) refers to kservice.o(.text) for rt_memset
    serial.o(.text) refers to mempool.o(.text) for rt_mp_init
    serial.o(.text) refers to stm32f10x_usart.o(.text) for USART_Cmd
    serial.o(.text) refers to context_rvds.o(.text) for rt_hw_interrupt_disable
    serial.o(.text) refers to stm32f10x_dma.o(.text) for DMA_Cmd
    serial.o(.text) refers to device.o(.text) for rt_device_register
    serial.o(.text) refers to serial.o(.constdata) for __FUNCTION__
    stm32_eth.o(.text) refers to stm32f10x_rcc.o(.text) for RCC_AHBPeriphResetCmd
    stm32_eth.o(.text) refers to startup.o(.text) for assert_failed
    stm32_eth.o(.text) refers to stm32_eth.o(.data) for DMATxDescToSet
    stm32_eth.o(.text) refers to stm32f10x_gpio.o(.text) for GPIO_Init
    stm32_eth.o(.text) refers to thread.o(.text) for rt_thread_delay
    stm32_eth.o(.text) refers to irq.o(.text) for rt_interrupt_enter
    stm32_eth.o(.text) refers to ethernetif.o(.text) for eth_device_ready
    stm32_eth.o(.text) refers to ipc.o(.text) for rt_sem_release
    stm32_eth.o(.text) refers to kservice.o(.text) for rt_set_errno
    stm32_eth.o(.text) refers to inet.o(.text) for htons
    stm32_eth.o(.text) refers to pbuf.o(.text) for pbuf_alloc
    stm32_eth.o(.text) refers to misc.o(.text) for NVIC_Init
    stm32_eth.o(.text) refers to stm32_eth.o(.bss) for stm32_eth_device
    msd.o(.text) refers to stm32f10x_spi.o(.text) for SPI_I2S_GetFlagStatus
    msd.o(.text) refers to stm32f10x_gpio.o(.text) for GPIO_ResetBits
    msd.o(.text) refers to stm32f10x_rcc.o(.text) for RCC_APB2PeriphClockCmd
    msd.o(.text) refers to kservice.o(.text) for rt_kprintf
[...]
    USART_SetAddress                         0x0801f0f9   Thumb Code    86  stm32f10x_usart.o(.text)
    USART_WakeUpConfig                       0x0801f14f   Thumb Code    90  stm32f10x_usart.o(.text)
    USART_ReceiverWakeUpCmd                  0x0801f1a9   Thumb Code    94  stm32f10x_usart.o(.text)
    USART_LINBreakDetectLengthConfig         0x0801f207   Thumb Code    88  stm32f10x_usart.o(.text)
    USART_LINCmd                             0x0801f25f   Thumb Code    94  stm32f10x_usart.o(.text)
    USART_SendData                           0x0801f2bd   Thumb Code    78  stm32f10x_usart.o(.text)
    USART_ReceiveData                        0x0801f30b   Thumb Code    56  stm32f10x_usart.o(.text)
    USART_SendBreak                          0x0801f343   Thumb Code    58  stm32f10x_usart.o(.text)
    USART_SetGuardTime                       0x0801f37d   Thumb Code    54  stm32f10x_usart.o(.text)
    USART_SetPrescaler                       0x0801f3b3   Thumb Code    66  stm32f10x_usart.o(.text)
    USART_SmartCardCmd                       0x0801f3f5   Thumb Code   104  stm32f10x_usart.o(.text)
    USART_SmartCardNACKCmd                   0x0801f45d   Thumb Code    82  stm32f10x_usart.o(.text)
    USART_HalfDuplexCmd                      0x0801f4af   Thumb Code    94  stm32f10x_usart.o(.text)
    USART_OverSampling8Cmd                   0x0801f50d   Thumb Code    92  stm32f10x_usart.o(.text)
    USART_OneBitMethodCmd                    0x0801f569   Thumb Code    94  stm32f10x_usart.o(.text)
    USART_IrDAConfig                         0x0801f5c7   Thumb Code    88  stm32f10x_usart.o(.text)
    USART_IrDACmd                            0x0801f61f   Thumb Code    94  stm32f10x_usart.o(.text)
    USART_GetFlagStatus                      0x0801f67d   Thumb Code   164  stm32f10x_usart.o(.text)
    USART_ClearFlag                          0x0801f721   Thumb Code   122  stm32f10x_usart.o(.text)
    USART_GetITStatus                        0x0801f79b   Thumb Code   276  stm32f10x_usart.o(.text)
    USART_ClearITPendingBit                  0x0801f8af   Thumb Code   156  stm32f10x_usart.o(.text)
    DMA_DeInit                               0x0801f961   Thumb Code   430  stm32f10x_dma.o(.text)
    DMA_Init                                 0x0801fb0f   Thumb Code   388  stm32f10x_dma.o(.text)
    DMA_StructInit                           0x0801fc93   Thumb Code    26  stm32f10x_dma.o(.text)
    DMA_Cmd                                  0x0801fcad   Thumb Code   220  stm32f10x_dma.o(.text)
    DMA_ITConfig                             0x0801fd89   Thumb Code   174  stm32f10x_dma.o(.text)
    DMA_SetCurrDataCounter                   0x0801fe37   Thumb Code   116  stm32f10x_dma.o(.text)
    DMA_GetCurrDataCounter                   0x0801feab   Thumb Code   116  stm32f10x_dma.o(.text)
    DMA_GetFlagStatus                        0x0801ff1f   Thumb Code   326  stm32f10x_dma.o(.text)
    DMA_ClearFlag                            0x08020065   Thumb Code    54  stm32f10x_dma.o(.text)
    DMA_GetITStatus                          0x0802009b   Thumb Code   376  stm32f10x_dma.o(.text)
    DMA_ClearITPendingBit                    0x08020213   Thumb Code    52  stm32f10x_dma.o(.text)
    NVIC_PriorityGroupConfig                 0x0802026d   Thumb Code    54  misc.o(.text)
    NVIC_Init                                0x080202a3   Thumb Code   160  misc.o(.text)
    NVIC_SetVectorTable                      0x08020343   Thumb Code    60  misc.o(.text)
    NVIC_SystemLPConfig                      0x0802037f   Thumb Code    78  misc.o(.text)
    SysTick_CLKSourceConfig                  0x080203cd   Thumb Code    62  misc.o(.text)
    Reset_Handler                            0x08020455   Thumb Code     8  startup_stm32f10x_cl.o(.text)
    ADC1_2_IRQHandler                        0x0802046f   Thumb Code     0  startup_stm32f10x_cl.o(.text)
    CAN1_RX0_IRQHandler                      0x0802046f   Thumb Code     0  startup_stm32f10x_cl.o(.text)
    CAN1_RX1_IRQHandler                      0x0802046f   Thumb Code     0  startup_stm32f10x_cl.o(.text)
    CAN1_SCE_IRQHandler                      0x0802046f   Thumb Code     0  startup_stm32f10x_cl.o(.text)
    CAN1_TX_IRQHandler                       0x0802046f   Thumb Code     0  startup_stm32f10x_cl.o(.text)
    CAN2_RX0_IRQHandler                      0x0802046f   Thumb Code     0  startup_stm32f10x_cl.o(.text)
    CAN2_RX1_IRQHandler                      0x0802046f   Thumb Code     0  startup_stm32f10x_cl.o(.text)
    CAN2_SCE_IRQHandler                      0x0802046f   Thumb Code     0  startup_stm32f10x_cl.o(.text)
    CAN2_TX_IRQHandler                       0x0802046f   Thumb Code     0  startup_stm32f10x_cl.o(.text)
    DMA1_Channel1_IRQHandler                 0x0802046f   Thumb Code     0  startup_stm32f10x_cl.o(.text)
    DMA1_Channel2_IRQHandler                 0x0802046f   Thumb Code     0  startup_stm32f10x_cl.o(.text)
    DMA1_Channel3_IRQHandler                 0x0802046f   Thumb Code     0  startup_stm32f10x_cl.o(.text)
    DMA1_Channel4_IRQHandler                 0x0802046f   Thumb Code     0  startup_stm32f10x_cl.o(.text)
    DMA1_Channel5_IRQHandler                 0x0802046f   Thumb Code     0  startup_stm32f10x_cl.o(.text)
    DMA1_Channel6_IRQHandler                 0x0802046f   Thumb Code     0  startup_stm32f10x_cl.o(.text)
    DMA1_Channel7_IRQHandler                 0x0802046f   Thumb Code     0  startup_stm32f10x_cl.o(.text)
    DMA2_Channel3_IRQHandler                 0x0802046f   Thumb Code     0  startup_stm32f10x_cl.o(.text)
    DMA2_Channel4_IRQHandler                 0x0802046f   Thumb Code     0  startup_stm32f10x_cl.o(.text)
    DMA2_Channel5_IRQHandler                 0x0802046f   Thumb Code     0  startup_stm32f10x_cl.o(.text)
    ETH_WKUP_IRQHandler                      0x0802046f   Thumb Code     0  startup_stm32f10x_cl.o(.text)
    EXTI0_IRQHandler                         0x0802046f   Thumb Code     0  startup_stm32f10x_cl.o(.text)
    EXTI15_10_IRQHandler                     0x0802046f   Thumb Code     0  startup_stm32f10x_cl.o(.text)
    EXTI2_IRQHandler                         0x0802046f   Thumb Code     0  startup_stm32f10x_cl.o(.text)
    EXTI3_IRQHandler                         0x0802046f   Thumb Code     0  startup_stm32f10x_cl.o(.text)
    EXTI4_IRQHandler                         0x0802046f   Thumb Code     0  startup_stm32f10x_cl.o(.text)
    FLASH_IRQHandler                         0x0802046f   Thumb Code     0  startup_stm32f10x_cl.o(.text)
    I2C1_ER_IRQHandler                       0x0802046f   Thumb Code     0  startup_stm32f10x_cl.o(.text)
    I2C1_EV_IRQHandler                       0x0802046f   Thumb Code     0  startup_stm32f10x_cl.o(.text)
    I2C2_ER_IRQHandler                       0x0802046f   Thumb Code     0  startup_stm32f10x_cl.o(.text)
    I2C2_EV_IRQHandler                       0x0802046f   Thumb Code     0  startup_stm32f10x_cl.o(.text)
    OTG_FS_IRQHandler                        0x0802046f   Thumb Code     0  startup_stm32f10x_cl.o(.text)
    OTG_FS_WKUP_IRQHandler                   0x0802046f   Thumb Code     0  startup_stm32f10x_cl.o(.text)
    PVD_IRQHandler                           0x0802046f   Thumb Code     0  startup_stm32f10x_cl.o(.text)
    RCC_IRQHandler                           0x0802046f   Thumb Code     0  startup_stm32f10x_cl.o(.text)
    RTCAlarm_IRQHandler                      0x0802046f   Thumb Code     0  startup_stm32f10x_cl.o(.text)
    RTC_IRQHandler                           0x0802046f   Thumb Code     0  startup_stm32f10x_cl.o(.text)
    SPI1_IRQHandler                          0x0802046f   Thumb Code     0  startup_stm32f10x_cl.o(.text)
    SPI2_IRQHandler                          0x0802046f   Thumb Code     0  startup_stm32f10x_cl.o(.text)
    SPI3_IRQHandler                          0x0802046f   Thumb Code     0  startup_stm32f10x_cl.o(.text)
    TAMPER_IRQHandler                        0x0802046f   Thumb Code     0  startup_stm32f10x_cl.o(.text)
    TIM1_BRK_IRQHandler                      0x0802046f   Thumb Code     0  startup_stm32f10x_cl.o(.text)
    TIM1_CC_IRQHandler                       0x0802046f   Thumb Code     0  startup_stm32f10x_cl.o(.text)
    TIM1_TRG_COM_IRQHandler                  0x0802046f   Thumb Code     0  startup_stm32f10x_cl.o(.text)
    TIM1_UP_IRQHandler                       0x0802046f   Thumb Code     0  startup_stm32f10x_cl.o(.text)
    TIM2_IRQHandler                          0x0802046f   Thumb Code     0  startup_stm32f10x_cl.o(.text)
    TIM3_IRQHandler                          0x0802046f   Thumb Code     0  startup_stm32f10x_cl.o(.text)
    TIM4_IRQHandler                          0x0802046f   Thumb Code     0  startup_stm32f10x_cl.o(.text)
    TIM5_IRQHandler                          0x0802046f   Thumb Code     0  startup_stm32f10x_cl.o(.text)
    TIM6_IRQHandler                          0x0802046f   Thumb Code     0  startup_stm32f10x_cl.o(.text)
    TIM7_IRQHandler                          0x0802046f   Thumb Code     0  startup_stm32f10x_cl.o(.text)
    UART4_IRQHandler                         0x0802046f   Thumb Code     0  startup_stm32f10x_cl.o(.text)
    UART5_IRQHandler                         0x0802046f   Thumb Code     0  startup_stm32f10x_cl.o(.text)
    WWDG_IRQHandler                          0x0802046f   Thumb Code     0  startup_stm32f10x_cl.o(.text)
    __user_initial_stackheap                 0x08020471   Thumb Code     0  startup_stm32f10x_cl.o(.text)
    ad_read                                  0x08020495   Thumb Code    74  ad7606.o(.text)
    ad_pwm                                   0x080204df   Thumb Code   122  ad7606.o(.text)
    SPI3_DMA_Configuration                   0x08020559   Thumb Code   198  ad7606.o(.text)
    ad7606_init                              0x0802061f   Thumb Code   482  ad7606.o(.text)
    ad_reset                                 0x08020801   Thumb Code    30  ad7606.o(.text)
    ad_start                                 0x0802081f   Thumb Code    74  ad7606.o(.text)
    EXTI1_IRQHandler                         0x08020869   Thumb Code   230  ad7606.o(.text)
    DMA2_Channel2_IRQHandler                 0x0802094f   Thumb Code    76  ad7606.o(.text)
    ad_pt                                    0x0802099b   Thumb Code    24  ad7606.o(.text)
    DMA2_Channel1_IRQHandler                 0x080209b3   Thumb Code    90  ad7606.o(.text)
    m3ad_init                                0x08020a59   Thumb Code   256  m3ad.o(.text)
    m3ad_print                               0x08020b59   Thumb Code   186  m3ad.o(.text)
    m3ad_th                                  0x08020c2d   Thumb Code    44  m3ad.o(.text)
    iepe_init                                0x08020ced   Thumb Code    78  iepe.o(.text)
    iepe_set                                 0x08020d3b   Thumb Code   134  iepe.o(.text)
    iepe_st                                  0x08020dc1   Thumb Code    84  iepe.o(.text)
    skf_init                                 0x08020e5d   Thumb Code   102  skf797l.o(.text)
    EXTI9_5_IRQHandler                       0x08020ec3   Thumb Code    28  skf797l.o(.text)
    skf_st                                   0x08020edf   Thumb Code    24  skf797l.o(.text)
    __I$use$semihosting                      0x08020f11   Thumb Code     0  use_no_semi.o(.text)
    __use_no_semihosting_swi                 0x08020f11   Thumb Code     2  use_no_semi.o(.text)
    __rt_ctype_table                         0x08020f15   Thumb Code    16  rt_ctype_table.o(.text)
    __2printf                                0x08020f25   Thumb Code    20  __2printf.o(.text)
    _printf_pre_padding                      0x08020f3d   Thumb Code    46  _printf_pad.o(.text)
    _printf_post_padding                     0x08020f6b   Thumb Code    36  _printf_pad.o(.text)
    _printf_int_dec                          0x08020f91   Thumb Code   102  _printf_dec.o(.text)
    _printf_longlong_hex                     0x08021009   Thumb Code    92  _printf_hex_int_ll_ptr.o(.text)
    _printf_int_hex                          0x08021065   Thumb Code    28  _printf_hex_int_ll_ptr.o(.text)
    _printf_ll_hex                           0x08021081   Thumb Code    12  _printf_hex_int_ll_ptr.o(.text)
    _printf_hex_ptr                          0x0802108d   Thumb Code    18  _printf_hex_int_ll_ptr.o(.text)
    __printf                                 0x080210a5   Thumb Code   390  __printf_flags_ss_wp.o(.text)
    atoi                                     0x08021231   Thumb Code    26  atoi.o(.text)
    strcpy                                   0x0802124b   Thumb Code    72  strcpy.o(.text)
    strlen                                   0x08021293   Thumb Code    62  strlen.o(.text)
    strncmp                                  0x080212d1   Thumb Code   150  strncmp.o(.text)
    __aeabi_memcpy                           0x08021367   Thumb Code     0  rt_memcpy_v6.o(.text)
    __rt_memcpy                              0x08021367   Thumb Code   138  rt_memcpy_v6.o(.text)
    _memcpy_lastbytes                        0x080213cd   Thumb Code     0  rt_memcpy_v6.o(.text)
    __aeabi_memcpy4                          0x080213f1   Thumb Code     0  rt_memcpy_w.o(.text)
    __aeabi_memcpy8                          0x080213f1   Thumb Code     0  rt_memcpy_w.o(.text)
    __rt_memcpy_w                            0x080213f1   Thumb Code   100  rt_memcpy_w.o(.text)
    _memcpy_lastbytes_aligned                0x08021439   Thumb Code     0  rt_memcpy_w.o(.text)
    __aeabi_memclr                           0x08021455   Thumb Code     0  rt_memclr.o(.text)
    __rt_memclr                              0x08021455   Thumb Code    68  rt_memclr.o(.text)
    _memset                                  0x08021459   Thumb Code     0  rt_memclr.o(.text)
    __aeabi_memclr4                          0x08021499   Thumb Code     0  rt_memclr_w.o(.text)
    __aeabi_memclr8                          0x08021499   Thumb Code     0  rt_memclr_w.o(.text)
    __rt_memclr_w                            0x08021499   Thumb Code    78  rt_memclr_w.o(.text)
    _memset_w                                0x0802149d   Thumb Code     0  rt_memclr_w.o(.text)
    strncpy                                  0x080214e7   Thumb Code    86  strncpy.o(.text)
    ctime                                    0x0802153d   Thumb Code    14  ctime.o(.text)
    localtime                                0x0802154d   Thumb Code     6  localtime.o(.text)
    mktime                                   0x0802158f   Thumb Code   354  mktime.o(.text)
    __use_two_region_memory                  0x080216f9   Thumb Code     2  heapauxi.o(.text)
    __rt_heap_escrow$2region                 0x080216fb   Thumb Code     2  heapauxi.o(.text)
    __rt_heap_expand$2region                 0x080216fd   Thumb Code     2  heapauxi.o(.text)
    __rt_locale                              0x08021701   Thumb Code     8  rt_locale_intlibspace.o(.text)
    __aeabi_errno_addr                       0x08021709   Thumb Code     8  rt_errno_addr_intlibspace.o(.text)
    __errno$intlibspace                      0x08021709   Thumb Code     0  rt_errno_addr_intlibspace.o(.text)
    __rt_errno_addr$intlibspace              0x08021709   Thumb Code     0  rt_errno_addr_intlibspace.o(.text)
    _printf_int_common                       0x08021711   Thumb Code   184  _printf_intcommon.o(.text)
    __lib_sel_fp_printf                      0x080217c9   Thumb Code     2  _printf_fp_dec.o(.text)
    _printf_fp_dec_real                      0x08021977   Thumb Code   626  _printf_fp_dec.o(.text)
    _printf_char_file                        0x08021be9   Thumb Code    32  _printf_char_file.o(.text)
    strtol                                   0x08021c0d   Thumb Code   112  strtol.o(.text)
    asctime                                  0x08021c7d   Thumb Code     6  asctime.o(.text)
    _localtime_r                             0x08021c89   Thumb Code   158  localtime_internal.o(.text)
    _n$localtime_r                           0x08021c89   Thumb Code     0  localtime_internal.o(.text)
    __user_libspace                          0x08021d2d   Thumb Code     8  libspace.o(.text)
    __user_perproc_libspace                  0x08021d2d   Thumb Code     0  libspace.o(.text)
    __user_perthread_libspace                0x08021d2d   Thumb Code     0  libspace.o(.text)
    _ll_udiv10                               0x08021d35   Thumb Code   138  lludiv10.o(.text)
    _printf_char_common                      0x08021dcb   Thumb Code    32  _printf_char_common.o(.text)
    _printf_fp_infnan                        0x08021df1   Thumb Code   112  _printf_fp_infnan.o(.text)
    _strtoul                                 0x08021e71   Thumb Code   158  _strtoul.o(.text)
    _btod_etento                             0x08021f11   Thumb Code   222  bigflt0.o(.text)
    _asctime_r                               0x08021ff5   Thumb Code    78  asctime_internal.o(.text)
    _n$asctime_r                             0x08021ff5   Thumb Code     0  asctime_internal.o(.text)
    __user_setup_stackheap                   0x08022061   Thumb Code    74  sys_stackheap_outer.o(.text)
    sprintf                                  0x080220ad   Thumb Code    38  sprintf.o(.text)
    _chval                                   0x080220d9   Thumb Code    28  _chval.o(.text)
    exit                                     0x080220f5   Thumb Code    12  exit.o(.text)
    _printf_truncate_signed                  0x08022101   Thumb Code    18  _printf_truncate.o(.text)
    _printf_truncate_unsigned                0x08022113   Thumb Code    18  _printf_truncate.o(.text)
    _printf_str                              0x08022125   Thumb Code    82  _printf_str.o(.text)
    _printf_charcount                        0x08022177   Thumb Code    42  _printf_charcount.o(.text)
    _sputc                                   0x080221a1   Thumb Code    10  _sputc.o(.text)
    _printf_wctomb                           0x080221ad   Thumb Code   182  _printf_wctomb.o(.text)
    _printf_longlong_dec                     0x08022269   Thumb Code   104  _printf_longlong_dec.o(.text)
    _printf_longlong_oct                     0x080222e1   Thumb Code    76  _printf_oct_int_ll.o(.text)
    _printf_int_oct                          0x0802232d   Thumb Code    24  _printf_oct_int_ll.o(.text)
    _printf_ll_oct                           0x08022345   Thumb Code    12  _printf_oct_int_ll.o(.text)
    __rt_fp_status_addr                      0x08022359   Thumb Code     8  rt_fp_status_addr_intlibspace.o(.text)
    _printf_fp_hex_real                      0x08022361   Thumb Code   762  _printf_fp_hex.o(.text)
    _printf_cs_common                        0x08022665   Thumb Code    20  _printf_char.o(.text)
    _printf_char                             0x08022679   Thumb Code    16  _printf_char.o(.text)
    _printf_string                           0x08022689   Thumb Code     8  _printf_char.o(.text)
    _printf_lcs_common                       0x08022691   Thumb Code    20  _printf_wchar.o(.text)
    _printf_wchar                            0x080226a5   Thumb Code    16  _printf_wchar.o(.text)
    _printf_wstring                          0x080226b5   Thumb Code     8  _printf_wchar.o(.text)
    _wcrtomb                                 0x080226bd   Thumb Code    64  _wcrtomb.o(.text)
    _btod_d2e                                0x080226fd   Thumb Code    62  btod.o(CL$$btod_d2e)
    _d2e_denorm_low                          0x0802273b   Thumb Code    70  btod.o(CL$$btod_d2e_denorm_low)
    _d2e_norm_op1                            0x08022781   Thumb Code    96  btod.o(CL$$btod_d2e_norm_op1)
    __btod_div_common                        0x080227e1   Thumb Code   696  btod.o(CL$$btod_div_common)
    _e2e                                     0x08022b19   Thumb Code   198  btod.o(CL$$btod_e2e)
    _btod_ediv                               0x08022bdf   Thumb Code    40  btod.o(CL$$btod_ediv)
    _btod_emul                               0x08022c07   Thumb Code    40  btod.o(CL$$btod_emul)
    __btod_mult_common                       0x08022c2f   Thumb Code   580  btod.o(CL$$btod_mult_common)
    __ARM_fpclassify                         0x08022e73   Thumb Code    40  fpclassify.o(i.__ARM_fpclassify)
    _is_digit                                0x08022e9b   Thumb Code    14  __printf_wp.o(i._is_digit)
    _get_lc_ctype                            0x08022ea9   Thumb Code    44  lc_ctype_c.o(locale$$code)
    _get_lc_numeric                          0x08022ed5   Thumb Code    44  lc_numeric_c.o(locale$$code)
    _get_lc_time                             0x08022f01   Thumb Code    44  lc_time_c.o(locale$$code)
    __aeabi_dadd                             0x08022f2d   Thumb Code     0  daddsub_clz.o(x$fpl$dadd)
    _dadd                                    0x08022f2d   Thumb Code   332  daddsub_clz.o(x$fpl$dadd)
    __aeabi_ddiv                             0x0802307d   Thumb Code     0  ddiv.o(x$fpl$ddiv)
    _ddiv                                    0x0802307d   Thumb Code   552  ddiv.o(x$fpl$ddiv)
    __aeabi_ui2d                             0x0802332d   Thumb Code     0  dflt_clz.o(x$fpl$dfltu)
    _dfltu                                   0x0802332d   Thumb Code    38  dflt_clz.o(x$fpl$dfltu)
    __aeabi_dmul                             0x08023355   Thumb Code     0  dmul.o(x$fpl$dmul)
    _dmul                                    0x08023355   Thumb Code   332  dmul.o(x$fpl$dmul)
    __fpl_dnaninf                            0x080234a9   Thumb Code   156  dnaninf.o(x$fpl$dnaninf)
    __fpl_dretinf                            0x08023545   Thumb Code    12  dretinf.o(x$fpl$dretinf)
    __aeabi_drsub                            0x08023551   Thumb Code     0  daddsub_clz.o(x$fpl$drsb)
    _drsb                                    0x08023551   Thumb Code    22  daddsub_clz.o(x$fpl$drsb)
    __aeabi_dsub                             0x08023569   Thumb Code     0  daddsub_clz.o(x$fpl$dsub)
    _dsub                                    0x08023569   Thumb Code   464  daddsub_clz.o(x$fpl$dsub)
    _fp_init                                 0x0802373d   Thumb Code    14  fpinit.o(x$fpl$fpinit)
    __fplib_config_pureend_doubles           0x08023749   Thumb Code     0  fpinit.o(x$fpl$fpinit)
    _printf_fp_dec                           0x0802374b   Thumb Code     4  printf1.o(x$fpl$printf1)
    _printf_fp_hex                           0x0802374f   Thumb Code     4  printf2.o(x$fpl$printf2)
    __I$use$fp                               0x08023753   Thumb Code     0  usenofp.o(x$fpl$usenofp)
    __fsym_reset_name                        0x08023752   Data           6  application.o(.constdata)
    __fsym_reset_desc                        0x08023758   Data          14  application.o(.constdata)
    __vsym_udps_name                         0x080237eb   Data           5  uploadapp.o(.constdata)
    __vsym_udps_desc                         0x080237f0   Data          18  uploadapp.o(.constdata)
    __fsym_set_date_name                     0x08023802   Data           9  rtc.o(.constdata)
    __fsym_set_date_desc                     0x0802380b   Data          35  rtc.o(.constdata)
    __fsym_set_time_name                     0x0802382e   Data           9  rtc.o(.constdata)
    __fsym_set_time_desc                     0x08023837   Data          34  rtc.o(.constdata)
    __fsym_list_date_name                    0x08023859   Data          10  rtc.o(.constdata)
    __fsym_list_date_desc                    0x08023863   Data          20  rtc.o(.constdata)
    __fsym_led_flash_name                    0x08023886   Data          10  led.o(.constdata)
    __fsym_led_flash_desc                    0x08023890   Data          12  led.o(.constdata)
    __fsym_list_mem_name                     0x08023b44   Data           9  mem.o(.constdata)
    __fsym_list_mem_desc                     0x08023b4d   Data          30  mem.o(.constdata)
    rt_lowest_bitmap                         0x08023d40   Data         256  scheduler.o(.constdata)
    __fsym_mkfs_name                         0x08023fca   Data           5  dfs_fs.o(.constdata)
    __fsym_mkfs_desc                         0x08023fcf   Data          19  dfs_fs.o(.constdata)
    __fsym_df_name                           0x08023fe2   Data           3  dfs_fs.o(.constdata)
    __fsym_df_desc                           0x08023fe5   Data          14  dfs_fs.o(.constdata)
    __fsym_ls_name                           0x08024010   Data           3  dfs_file.o(.constdata)
    __fsym_ls_desc                           0x08024013   Data          24  dfs_file.o(.constdata)
    __fsym_rm_name                           0x0802402b   Data           3  dfs_file.o(.constdata)
    __fsym_rm_desc                           0x0802402e   Data          28  dfs_file.o(.constdata)
    __fsym_cat_name                          0x0802404a   Data           4  dfs_file.o(.constdata)
    __fsym_cat_desc                          0x0802404e   Data          11  dfs_file.o(.constdata)
    __fsym_copy_name                         0x08024059   Data           5  dfs_file.o(.constdata)
    __fsym_copy_desc                         0x0802405e   Data          37  dfs_file.o(.constdata)
    __fsym_mkdir_name                        0x08024083   Data           6  dfs_posix.o(.constdata)
    __fsym_mkdir_desc                        0x08024089   Data          19  dfs_posix.o(.constdata)
    __fsym_version_name                      0x0802409c   Data           8  cmd.o(.constdata)
    __fsym_version_desc                      0x080240a4   Data          35  cmd.o(.constdata)
    __fsym_list_thread_name                  0x080240c7   Data          12  cmd.o(.constdata)
    __fsym_list_thread_desc                  0x080240d3   Data          12  cmd.o(.constdata)
    __fsym_list_sem_name                     0x080240df   Data           9  cmd.o(.constdata)
    __fsym_list_sem_desc                     0x080240e8   Data          25  cmd.o(.constdata)
    __fsym_list_event_name                   0x08024101   Data          11  cmd.o(.constdata)
    __fsym_list_event_desc                   0x0802410c   Data          21  cmd.o(.constdata)
    __fsym_list_mutex_name                   0x08024121   Data          11  cmd.o(.constdata)
    __fsym_list_mutex_desc                   0x0802412c   Data          21  cmd.o(.constdata)
    __fsym_list_mailbox_name                 0x08024141   Data          13  cmd.o(.constdata)
    __fsym_list_mailbox_desc                 0x0802414e   Data          24  cmd.o(.constdata)
    __fsym_list_msgqueue_name                0x08024166   Data          14  cmd.o(.constdata)
    __fsym_list_msgqueue_desc                0x08024174   Data          29  cmd.o(.constdata)
    __fsym_list_mempool_name                 0x08024191   Data          13  cmd.o(.constdata)
    __fsym_list_mempool_desc                 0x0802419e   Data          27  cmd.o(.constdata)
    __fsym_list_timer_name                   0x080241b9   Data          11  cmd.o(.constdata)
    __fsym_list_timer_desc                   0x080241c4   Data          21  cmd.o(.constdata)
    __fsym_list_device_name                  0x080241d9   Data          12  cmd.o(.constdata)
    __fsym_list_device_desc                  0x080241e5   Data          22  cmd.o(.constdata)
    __fsym_list_name                         0x080241fb   Data           5  cmd.o(.constdata)
    __fsym_list_desc                         0x08024200   Data          26  cmd.o(.constdata)
    __vsym_dummy_name                        0x0802421a   Data           6  cmd.o(.constdata)
    __vsym_dummy_desc                        0x08024220   Data          25  cmd.o(.constdata)
    op_table                                 0x0802430c   Data         196  finsh_ops.o(.constdata)
    memp_sizes                               0x080244bc   Data          28  memp.o(.constdata)
    tcp_backoff                              0x080244d8   Data          13  tcp.o(.constdata)
    tcp_persist_backoff                      0x080244e5   Data           7  tcp.o(.constdata)
    ip_addr_any                              0x080244ec   Data           4  ip_addr.o(.constdata)
    ip_addr_broadcast                        0x080244f0   Data           4  ip_addr.o(.constdata)
    ethbroadcast                             0x080244f4   Data           6  etharp.o(.constdata)
    ethzero                                  0x080244fa   Data           6  etharp.o(.constdata)
    __fsym_set_if_name                       0x08024500   Data           7  ethernetif.o(.constdata)
    __fsym_set_if_desc                       0x08024507   Data          30  ethernetif.o(.constdata)
    __fsym_set_dns_name                      0x08024525   Data           8  ethernetif.o(.constdata)
    __fsym_set_dns_desc                      0x0802452d   Data          23  ethernetif.o(.constdata)
    __fsym_list_if_name                      0x08024544   Data           8  ethernetif.o(.constdata)
    __fsym_list_if_desc                      0x0802454c   Data          35  ethernetif.o(.constdata)
    __fsym_list_tcps_name                    0x0802456f   Data          10  ethernetif.o(.constdata)
    __fsym_list_tcps_desc                    0x08024579   Data          20  ethernetif.o(.constdata)
    __fsym_ad_start_name                     0x080245ce   Data           9  ad7606.o(.constdata)
    __fsym_ad_start_desc                     0x080245d7   Data          21  ad7606.o(.constdata)
    __fsym_ad_pwm_name                       0x080245ec   Data           7  ad7606.o(.constdata)
    __fsym_ad_pwm_desc                       0x080245f3   Data          17  ad7606.o(.constdata)
    __fsym_ad_pt_name                        0x08024604   Data           6  ad7606.o(.constdata)
    __fsym_ad_pt_desc                        0x0802460a   Data          28  ad7606.o(.constdata)
    __vsym_m3ap_name                         0x08024626   Data           5  m3ad.o(.constdata)
    __vsym_m3ap_desc                         0x0802462b   Data          16  m3ad.o(.constdata)
    __vsym_m3af_name                         0x0802463b   Data           5  m3ad.o(.constdata)
    __vsym_m3af_desc                         0x08024640   Data          17  m3ad.o(.constdata)
    __fsym_iepe_set_name                     0x08024651   Data           9  iepe.o(.constdata)
    __fsym_iepe_set_desc                     0x0802465a   Data          22  iepe.o(.constdata)
    __fsym_iepe_st_name                      0x08024670   Data           8  iepe.o(.constdata)
    __fsym_iepe_st_desc                      0x08024678   Data          18  iepe.o(.constdata)
    __fsym_skf_st_name                       0x0802468a   Data           7  skf797l.o(.constdata)
    __fsym_skf_st_desc                       0x08024691   Data          16  skf797l.o(.constdata)
    _monlen                                  0x080246da   Data          12  _monlen.o(.constdata)
    FSymTab$$Base                            0x08024a58   Number         0  application.o(FSymTab)
    __fsym_reset                             0x08024a58   Data          12  application.o(FSymTab)
    __fsym_set_date                          0x08024a64   Data          12  rtc.o(FSymTab)
    __fsym_set_time                          0x08024a70   Data          12  rtc.o(FSymTab)
    __fsym_list_date                         0x08024a7c   Data          12  rtc.o(FSymTab)
    __fsym_led_flash                         0x08024a88   Data          12  led.o(FSymTab)
    __fsym_list_mem                          0x08024a94   Data          12  mem.o(FSymTab)
    __fsym_mkfs                              0x08024aa0   Data          12  dfs_fs.o(FSymTab)
    __fsym_df                                0x08024aac   Data          12  dfs_fs.o(FSymTab)
    __fsym_ls                                0x08024ab8   Data          12  dfs_file.o(FSymTab)
    __fsym_rm                                0x08024ac4   Data          12  dfs_file.o(FSymTab)
    __fsym_cat                               0x08024ad0   Data          12  dfs_file.o(FSymTab)
    __fsym_copy                              0x08024adc   Data          12  dfs_file.o(FSymTab)
    __fsym_mkdir                             0x08024ae8   Data          12  dfs_posix.o(FSymTab)
    __fsym_version                           0x08024af4   Data          12  cmd.o(FSymTab)
    __fsym_list_thread                       0x08024b00   Data          12  cmd.o(FSymTab)
    __fsym_list_sem                          0x08024b0c   Data          12  cmd.o(FSymTab)
    __fsym_list_event                        0x08024b18   Data          12  cmd.o(FSymTab)
    __fsym_list_mutex                        0x08024b24   Data          12  cmd.o(FSymTab)
    __fsym_list_mailbox                      0x08024b30   Data          12  cmd.o(FSymTab)
    __fsym_list_msgqueue                     0x08024b3c   Data          12  cmd.o(FSymTab)
    __fsym_list_mempool                      0x08024b48   Data          12  cmd.o(FSymTab)
    __fsym_list_timer                        0x08024b54   Data          12  cmd.o(FSymTab)
    __fsym_list_device                       0x08024b60   Data          12  cmd.o(FSymTab)
    __fsym_list                              0x08024b6c   Data          12  cmd.o(FSymTab)
    __fsym_set_if                            0x08024b78   Data          12  ethernetif.o(FSymTab)
    __fsym_set_dns                           0x08024b84   Data          12  ethernetif.o(FSymTab)
    __fsym_list_if                           0x08024b90   Data          12  ethernetif.o(FSymTab)
    __fsym_list_tcps                         0x08024b9c   Data          12  ethernetif.o(FSymTab)
    __fsym_ad_start                          0x08024ba8   Data          12  ad7606.o(FSymTab)
    __fsym_ad_pwm                            0x08024bb4   Data          12  ad7606.o(FSymTab)
    __fsym_ad_pt                             0x08024bc0   Data          12  ad7606.o(FSymTab)
    __fsym_iepe_set                          0x08024bcc   Data          12  iepe.o(FSymTab)
    __fsym_iepe_st                           0x08024bd8   Data          12  iepe.o(FSymTab)
    __fsym_skf_st                            0x08024be4   Data          12  skf797l.o(FSymTab)
    FSymTab$$Limit                           0x08024bf0   Number         0  skf797l.o(FSymTab)
    Region$$Table$$Base                      0x08024bf0   Number         0  anon$$obj.o(Region$$Table)
    Region$$Table$$Limit                     0x08024c10   Number         0  anon$$obj.o(Region$$Table)
    VSymTab$$Base                            0x08024c10   Number         0  uploadapp.o(VSymTab)
    __vsym_udps                              0x08024c10   Data          16  uploadapp.o(VSymTab)
    __vsym_dummy                             0x08024c20   Data          16  cmd.o(VSymTab)
    __vsym_m3ap                              0x08024c30   Data          16  m3ad.o(VSymTab)
    __vsym_m3af                              0x08024c40   Data          16  m3ad.o(VSymTab)
    VSymTab$$Limit                           0x08024c50   Number         0  m3ad.o(VSymTab)
    __ctype                                  0x08024c5d   Data           0  lc_ctype_c.o(locale$$data)
    uart2                                    0x20000000   Data          12  usart.o(.data)
    DMATxDescToSet                           0x2000000c   Data           4  stm32_eth.o(.data)
    DMARxDescToGet                           0x20000010   Data           4  stm32_eth.o(.data)
    DMAPTPTxDescToSet                        0x20000014   Data           4  stm32_eth.o(.data)
    DMAPTPRxDescToGet                        0x20000018   Data           4  stm32_eth.o(.data)
    __stdout                                 0x2000001c   Data           4  putchar.o(.data)
    __stdin                                  0x20000020   Data           4  putchar.o(.data)
    rt_interrupt_nest                        0x20000034   Data           1  irq.o(.data)
    rt_object_container                      0x20000068   Data         144  object.o(.data)
    rt_object_trytake_hook                   0x20000100   Data           4  object.o(.data)
    rt_object_take_hook                      0x20000104   Data           4  object.o(.data)
    rt_object_put_hook                       0x20000108   Data           4  object.o(.data)
    rt_current_thread                        0x20000110   Data           4  scheduler.o(.data)
    rt_current_priority                      0x20000114   Data           1  scheduler.o(.data)
    rt_thread_ready_priority_group           0x20000118   Data           4  scheduler.o(.data)
    rt_thread_defunct                        0x2000011c   Data           8  scheduler.o(.data)
    rt_interrupt_from_thread                 0x20000134   Data           4  cpuport.o(.data)
    rt_interrupt_to_thread                   0x20000138   Data           4  cpuport.o(.data)
    rt_thread_switch_interrupt_flag          0x2000013c   Data           4  cpuport.o(.data)
    finsh_compile_sp                         0x20000144   Data           4  finsh_compiler.o(.data)
    finsh_compile_pc                         0x20000148   Data           4  finsh_compiler.o(.data)
    global_errno                             0x20000188   Data           1  finsh_error.o(.data)
    global_sysvar_list                       0x20000194   Data           4  finsh_var.o(.data)
    global_syscall_list                      0x20000198   Data           4  finsh_vm.o(.data)
    finsh_sp                                 0x2000019c   Data           4  finsh_vm.o(.data)
    finsh_pc                                 0x200001a0   Data           4  finsh_vm.o(.data)
    shell                                    0x200001a4   Data           4  shell.o(.data)
    _syscall_table_begin                     0x200001a8   Data           4  symbol.o(.data)
    _syscall_table_end                       0x200001ac   Data           4  symbol.o(.data)
    _sysvar_table_begin                      0x200001b0   Data           4  symbol.o(.data)
    _sysvar_table_end                        0x200001b4   Data           4  symbol.o(.data)
    netif_list                               0x20000228   Data           4  netif.o(.data)
    netif_default                            0x2000022c   Data           4  netif.o(.data)
    tcp_state_str                            0x20000238   Data          44  tcp.o(.data)
    tcp_ticks                                0x2000026c   Data           4  tcp.o(.data)
    tcp_bound_pcbs                           0x20000270   Data           4  tcp.o(.data)
    tcp_listen_pcbs                          0x20000274   Data           4  tcp.o(.data)
    tcp_active_pcbs                          0x20000278   Data           4  tcp.o(.data)
    tcp_tw_pcbs                              0x2000027c   Data           4  tcp.o(.data)
    tcp_tmp_pcb                              0x20000280   Data           4  tcp.o(.data)
    tcp_input_pcb                            0x200002a4   Data           4  tcp_in.o(.data)
    udp_pcbs                                 0x200002a8   Data           4  udp.o(.data)
    current_netif                            0x200002b0   Data           4  ip.o(.data)
    current_header                           0x200002b4   Data           4  ip.o(.data)
    SystemCoreClock                          0x200002c0   Data           4  system_stm32f10x.o(.data)
    AHBPrescTable                            0x200002c4   Data          16  system_stm32f10x.o(.data)
    uart2_int_rx                             0x200002fc   Data         136  usart.o(.bss)
    uart2_device                             0x20000384   Data          64  usart.o(.bss)
    upeve                                    0x2000291c   Data          32  uploadapp.o(.bss)
    fullmb                                   0x2000294c   Data          48  uploadapp.o(.bss)
    rt_thread_priority_table                 0x20002be0   Data         256  scheduler.o(.bss)
    filesystem_operation_table               0x20002ce0   Data          16  dfs.o(.bss)
    filesystem_table                         0x20002cf0   Data          32  dfs.o(.bss)
    fd_table                                 0x20002d34   Data         128  dfs.o(.bss)
    finsh_heap                               0x20002ed8   Data         128  finsh_heap.o(.bss)
    global_node_table                        0x20002f58   Data         320  finsh_node.o(.bss)
    global_variable                          0x20003098   Data         192  finsh_var.o(.bss)
    finsh_vm_stack                           0x20003158   Data         256  finsh_vm.o(.bss)
    text_segment                             0x20003258   Data         128  finsh_vm.o(.bss)
    ad_dma_buf                               0x20004ed4   Data        4096  ad7606.o(.bss)
    advalues                                 0x20005ed4   Data          32  m3ad.o(.bss)
    __libspace_start                         0x20005f64   Data          96  libspace.o(.bss)
    __temporary_stack_top$libspace           0x20005fc4   Data           0  libspace.o(.bss)
    Image$$RW_IRAM1$$ZI$$Limit               0x200065c8   Number         0  startup_stm32f10x_cl.o(STACK)



==============================================================================

Memory Map of the image

  Image Entry point : 0x08000151

  Load Region LR_IROM1 (Base: 0x08000000, Size: 0x000251f0, Max: 0x00040000, ABSOLUTE, COMPRESSED[0x00024ff0])

    Execution Region ER_IROM1 (Base: 0x08000000, Size: 0x00024ef4, Max: 0x00040000, ABSOLUTE)

    Base Addr    Size         Type   Attr      Idx    E Section Name        Object

    0x08000000   0x00000150   Data   RO         2372    RESET               startup_stm32f10x_cl.o
    0x08000150   0x00000008   Code   RO         2547  * !!!main             c_w.l(__main.o)
    0x08000158   0x00000034   Code   RO         2857    !!!scatter          c_w.l(__scatter.o)
    0x0800018c   0x0000005a   Code   RO         2855    !!dczerorl2         c_w.l(__dczerorl2.o)
    0x080001e6   0x00000002   PAD
    0x080001e8   0x0000001c   Code   RO         2859    !!handler_zi        c_w.l(__scatter_zi.o)
    0x08000204   0x00000000   Code   RO         2519    .ARM.Collect$$_printf_percent$$00000000  c_w.l(_printf_percent.o)
    0x08000204   0x00000006   Code   RO         2748    .ARM.Collect$$_printf_percent$$00000001  c_w.l(_printf_n.o)
    0x0800020a   0x00000006   Code   RO         2749    .ARM.Collect$$_printf_percent$$00000002  c_w.l(_printf_p.o)
    0x08000210   0x00000006   Code   RO         2518    .ARM.Collect$$_printf_percent$$00000003  c_w.l(_printf_f.o)
    0x08000216   0x00000006   Code   RO         2753    .ARM.Collect$$_printf_percent$$00000004  c_w.l(_printf_e.o)
    0x0800021c   0x00000006   Code   RO         2754    .ARM.Collect$$_printf_percent$$00000005  c_w.l(_printf_g.o)
    0x08000222   0x00000006   Code   RO         2755    .ARM.Collect$$_printf_percent$$00000006  c_w.l(_printf_a.o)
    0x08000228   0x0000000a   Code   RO         2759    .ARM.Collect$$_printf_percent$$00000007  c_w.l(_printf_ll.o)
    0x08000232   0x00000006   Code   RO         2751    .ARM.Collect$$_printf_percent$$00000008  c_w.l(_printf_i.o)
    0x08000238   0x00000006   Code   RO         2517    .ARM.Collect$$_printf_percent$$00000009  c_w.l(_printf_d.o)
    0x0800023e   0x00000006   Code   RO         2752    .ARM.Collect$$_printf_percent$$0000000A  c_w.l(_printf_u.o)
    0x08000244   0x00000006   Code   RO         2750    .ARM.Collect$$_printf_percent$$0000000B  c_w.l(_printf_o.o)
    0x0800024a   0x00000006   Code   RO         2516    .ARM.Collect$$_printf_percent$$0000000C  c_w.l(_printf_x.o)
    0x08000250   0x00000006   Code   RO         2756    .ARM.Collect$$_printf_percent$$0000000D  c_w.l(_printf_lli.o)
    0x08000256   0x00000006   Code   RO         2757    .ARM.Collect$$_printf_percent$$0000000E  c_w.l(_printf_lld.o)
    0x0800025c   0x00000006   Code   RO         2758    .ARM.Collect$$_printf_percent$$0000000F  c_w.l(_printf_llu.o)
    0x08000262   0x00000006   Code   RO         2763    .ARM.Collect$$_printf_percent$$00000010  c_w.l(_printf_llo.o)
    0x08000268   0x00000006   Code   RO         2764    .ARM.Collect$$_printf_percent$$00000011  c_w.l(_printf_llx.o)
    0x0800026e   0x0000000a   Code   RO         2760    .ARM.Collect$$_printf_percent$$00000012  c_w.l(_printf_l.o)
    0x08000278   0x00000006   Code   RO         2746    .ARM.Collect$$_printf_percent$$00000013  c_w.l(_printf_c.o)
    0x0800027e   0x00000006   Code   RO         2747    .ARM.Collect$$_printf_percent$$00000014  c_w.l(_printf_s.o)
    0x08000284   0x00000006   Code   RO         2761    .ARM.Collect$$_printf_percent$$00000015  c_w.l(_printf_lc.o)
    0x0800028a   0x00000006   Code   RO         2762    .ARM.Collect$$_printf_percent$$00000016  c_w.l(_printf_ls.o)
    0x08000290   0x00000004   Code   RO         2586    .ARM.Collect$$_printf_percent$$00000017  c_w.l(_printf_percent_end.o)
    0x08000294   0x00000006   Code   RO         2724    .ARM.Collect$$libinit$$00000000  c_w.l(libinit.o)
    0x0800029a   0x00000000   Code   RO         2661    .ARM.Collect$$libinit$$00000006  c_w.l(libinit2.o)
    0x0800029a   0x00000000   Code   RO         2663    .ARM.Collect$$libinit$$00000008  c_w.l(libinit2.o)
    0x0800029a   0x00000000   Code   RO         2665    .ARM.Collect$$libinit$$0000000A  c_w.l(libinit2.o)
    0x0800029a   0x00000006   Code   RO         2666    .ARM.Collect$$libinit$$0000000B  c_w.l(libinit2.o)
    0x080002a0   0x00000000   Code   RO         2668    .ARM.Collect$$libinit$$0000000D  c_w.l(libinit2.o)
    0x080002a0   0x0000000c   Code   RO         2669    .ARM.Collect$$libinit$$0000000E  c_w.l(libinit2.o)
    0x080002ac   0x00000000   Code   RO         2670    .ARM.Collect$$libinit$$0000000F  c_w.l(libinit2.o)
    0x080002ac   0x00000000   Code   RO         2672    .ARM.Collect$$libinit$$00000011  c_w.l(libinit2.o)
    0x080002ac   0x0000000a   Code   RO         2673    .ARM.Collect$$libinit$$00000012  c_w.l(libinit2.o)
    0x080002b6   0x00000000   Code   RO         2674    .ARM.Collect$$libinit$$00000013  c_w.l(libinit2.o)
    0x080002b6   0x0000000a   Code   RO         2675    .ARM.Collect$$libinit$$00000014  c_w.l(libinit2.o)
    0x080002c0   0x00000000   Code   RO         2676    .ARM.Collect$$libinit$$00000015  c_w.l(libinit2.o)
    0x080002c0   0x00000000   Code   RO         2678    .ARM.Collect$$libinit$$00000017  c_w.l(libinit2.o)
    0x080002c0   0x00000000   Code   RO         2680    .ARM.Collect$$libinit$$00000019  c_w.l(libinit2.o)
    0x080002c0   0x00000000   Code   RO         2682    .ARM.Collect$$libinit$$0000001B  c_w.l(libinit2.o)
    0x080002c0   0x00000000   Code   RO         2684    .ARM.Collect$$libinit$$0000001D  c_w.l(libinit2.o)
    0x080002c0   0x00000000   Code   RO         2686    .ARM.Collect$$libinit$$0000001F  c_w.l(libinit2.o)
    0x080002c0   0x00000000   Code   RO         2688    .ARM.Collect$$libinit$$00000021  c_w.l(libinit2.o)
    0x080002c0   0x00000000   Code   RO         2692    .ARM.Collect$$libinit$$00000028  c_w.l(libinit2.o)
    0x080002c0   0x00000000   Code   RO         2694    .ARM.Collect$$libinit$$0000002A  c_w.l(libinit2.o)
    0x080002c0   0x00000000   Code   RO         2696    .ARM.Collect$$libinit$$0000002C  c_w.l(libinit2.o)
    0x080002c0   0x00000000   Code   RO         2698    .ARM.Collect$$libinit$$0000002E  c_w.l(libinit2.o)
    0x080002c0   0x00000002   Code   RO         2699    .ARM.Collect$$libinit$$0000002F  c_w.l(libinit2.o)
    0x080002c2   0x00000002   Code   RO         2815    .ARM.Collect$$libshutdown$$00000000  c_w.l(libshutdown.o)
    0x080002c4   0x00000000   Code   RO         2822    .ARM.Collect$$libshutdown$$00000003  c_w.l(libshutdown2.o)
    0x080002c4   0x00000000   Code   RO         2825    .ARM.Collect$$libshutdown$$00000006  c_w.l(libshutdown2.o)
    0x080002c4   0x00000000   Code   RO         2828    .ARM.Collect$$libshutdown$$00000009  c_w.l(libshutdown2.o)
    0x080002c4   0x00000000   Code   RO         2830    .ARM.Collect$$libshutdown$$0000000B  c_w.l(libshutdown2.o)
    0x080002c4   0x00000000   Code   RO         2833    .ARM.Collect$$libshutdown$$0000000E  c_w.l(libshutdown2.o)
    0x080002c4   0x00000002   Code   RO         2834    .ARM.Collect$$libshutdown$$0000000F  c_w.l(libshutdown2.o)
    0x080002c6   0x00000000   Code   RO         2569    .ARM.Collect$$rtentry$$00000000  c_w.l(rtentry.o)
    0x080002c6   0x00000000   Code   RO         2607    .ARM.Collect$$rtentry$$00000002  c_w.l(rtentry2.o)
    0x080002c6   0x00000006   Code   RO         2619    .ARM.Collect$$rtentry$$00000004  c_w.l(rtentry4.o)
    0x080002cc   0x00000000   Code   RO         2609    .ARM.Collect$$rtentry$$00000009  c_w.l(rtentry2.o)
    0x080002cc   0x00000004   Code   RO         2610    .ARM.Collect$$rtentry$$0000000A  c_w.l(rtentry2.o)
    0x080002d0   0x00000000   Code   RO         2612    .ARM.Collect$$rtentry$$0000000C  c_w.l(rtentry2.o)
    0x080002d0   0x00000008   Code   RO         2613    .ARM.Collect$$rtentry$$0000000D  c_w.l(rtentry2.o)
    0x080002d8   0x00000002   Code   RO         2725    .ARM.Collect$$rtexit$$00000000  c_w.l(rtexit.o)
    0x080002da   0x00000000   Code   RO         2780    .ARM.Collect$$rtexit$$00000002  c_w.l(rtexit2.o)
    0x080002da   0x00000004   Code   RO         2781    .ARM.Collect$$rtexit$$00000003  c_w.l(rtexit2.o)
    0x080002de   0x00000006   Code   RO         2782    .ARM.Collect$$rtexit$$00000004  c_w.l(rtexit2.o)
    0x080002e4   0x00000090   Code   RO            1    .text               application.o
    0x08000374   0x000000ec   Code   RO          195    .text               startup.o
    0x08000460   0x000000a8   Code   RO          227    .text               board.o
    0x08000508   0x00000034   Code   RO          246    .text               stm32f10x_it.o
    0x0800053c   0x00000108   Code   RO          262    .text               usart.o
    0x08000644   0x00000640   Code   RO          284    .text               serial.o
    0x08000c84   0x00002484   Code   RO          300    .text               stm32_eth.o
    0x08003108   0x00000048   Code   RO          366    .text               putchar.o
    0x08003150   0x00000444   Code   RO          388    .text               uploadapp.o
    0x08003594   0x000002b0   Code   RO          428    .text               rtc.o
    0x08003844   0x00000100   Code   RO          454    .text               led.o
    0x08003944   0x00000068   Code   RO          470    .text               clock.o
    0x080039ac   0x000003a0   Code   RO          484    .text               device.o
    0x08003d4c   0x00000164   Code   RO          501    .text               idle.o
    0x08003eb0   0x000017aa   Code   RO          521    .text               ipc.o
    0x0800565a   0x00000002   PAD
    0x0800565c   0x00000048   Code   RO          538    .text               irq.o
    0x080056a4   0x000008f8   Code   RO          553    .text               kservice.o
    0x08005f9c   0x0000097c   Code   RO          570    .text               mem.o
    0x08006918   0x00000428   Code   RO          588    .text               mempool.o
    0x08006d40   0x00000330   Code   RO          615    .text               object.o
    0x08007070   0x000003c8   Code   RO          648    .text               scheduler.o
    0x08007438   0x00000688   Code   RO          675    .text               thread.o
    0x08007ac0   0x00000428   Code   RO          692    .text               timer.o
    0x08007ee8   0x000000c4   Code   RO          745    .text               context_rvds.o
    0x08007fac   0x000001b4   Code   RO          750    .text               cpuport.o
    0x08008160   0x000003c4   Code   RO          767    .text               dfs.o
    0x08008524   0x0000057c   Code   RO          800    .text               dfs_fs.o
    0x08008aa0   0x00000680   Code   RO          819    .text               dfs_file.o
    0x08009120   0x0000054c   Code   RO          839    .text               dfs_posix.o
    0x0800966c   0x00000a18   Code   RO          901    .text               cmd.o
    0x0800a084   0x000017f8   Code   RO          921    .text               finsh_compiler.o
    0x0800b87c   0x0000002c   Code   RO          958    .text               finsh_error.o
    0x0800b8a8   0x00000210   Code   RO          974    .text               finsh_heap.o
    0x0800bab8   0x00000058   Code   RO          990    .text               finsh_init.o
    0x0800bb10   0x00000184   Code   RO         1008    .text               finsh_node.o
    0x0800bc94   0x00000ad8   Code   RO         1023    .text               finsh_ops.o
    0x0800c76c   0x00000972   Code   RO         1041    .text               finsh_parser.o
    0x0800d0de   0x00000002   PAD
    0x0800d0e0   0x00000628   Code   RO         1056    .text               finsh_token.o
    0x0800d708   0x00000198   Code   RO         1071    .text               finsh_var.o
    0x0800d8a0   0x000000e4   Code   RO         1094    .text               finsh_vm.o
    0x0800d984   0x0000079c   Code   RO         1121    .text               shell.o
    0x0800e120   0x00000440   Code   RO         1155    .text               api_lib.o
    0x0800e560   0x00000b88   Code   RO         1232    .text               api_msg.o
    0x0800f0e8   0x00000192   Code   RO         1294    .text               netbuf.o
    0x0800f27a   0x00000002   PAD
    0x0800f27c   0x000000f8   Code   RO         1341    .text               netifapi.o
    0x0800f374   0x000014cc   Code   RO         1365    .text               sockets.o
    0x08010840   0x000003d0   Code   RO         1405    .text               tcpip.o
    0x08010c10   0x00000308   Code   RO         1462    .text               sys_arch.o
    0x08010f18   0x0000015c   Code   RO         1510    .text               sys_arch_init.o
    0x08011074   0x00000608   Code   RO         1575    .text               dns.o
    0x0801167c   0x00000018   Code   RO         1593    .text               init.o
    0x08011694   0x00000088   Code   RO         1645    .text               memp.o
    0x0801171c   0x000002ec   Code   RO         1686    .text               netif.o
    0x08011a08   0x0000067e   Code   RO         1711    .text               pbuf.o
    0x08012086   0x00000002   PAD
    0x08012088   0x000001b4   Code   RO         1737    .text               raw.o
    0x0801223c   0x00000268   Code   RO         1757    .text               sys.o
    0x080124a4   0x00000cdc   Code   RO         1778    .text               tcp.o
    0x08013180   0x0000177c   Code   RO         1799    .text               tcp_in.o
    0x080148fc   0x00000b38   Code   RO         1822    .text               tcp_out.o
    0x08015434   0x00000438   Code   RO         1834    .text               udp.o
    0x0801586c   0x00000274   Code   RO         1858    .text               icmp.o
    0x08015ae0   0x0000021c   Code   RO         1876    .text               inet.o
    0x08015cfc   0x0000015e   Code   RO         1889    .text               inet_chksum.o
    0x08015e5a   0x00000002   PAD
    0x08015e5c   0x0000036c   Code   RO         1901    .text               ip.o
    0x080161c8   0x0000004e   Code   RO         1922    .text               ip_addr.o
    0x08016216   0x00000002   PAD
    0x08016218   0x0000060c   Code   RO         1944    .text               ip_frag.o
    0x08016824   0x000009c0   Code   RO         1962    .text               etharp.o
    0x080171e4   0x0000086c   Code   RO         1982    .text               ethernetif.o
    0x08017a50   0x0000026c   Code   RO         2068    .text               system_stm32f10x.o
    0x08017cbc   0x00000b10   Code   RO         2098    .text               stm32f10x_rcc.o
    0x080187cc   0x000001c8   Code   RO         2124    .text               stm32f10x_pwr.o
    0x08018994   0x000002e4   Code   RO         2136    .text               stm32f10x_exti.o
    0x08018c78   0x000002c0   Code   RO         2148    .text               stm32f10x_bkp.o
    0x08018f38   0x00000ec8   Code   RO         2172    .text               stm32f10x_adc.o
    0x08019e00   0x00000238   Code   RO         2196    .text               stm32f10x_rtc.o
    0x0801a038   0x00003718   Code   RO         2220    .text               stm32f10x_tim.o
    0x0801d750   0x000009e0   Code   RO         2244    .text               stm32f10x_spi.o
    0x0801e130   0x00000a70   Code   RO         2283    .text               stm32f10x_gpio.o
    0x0801eba0   0x00000dc0   Code   RO         2295    .text               stm32f10x_usart.o
    0x0801f960   0x0000090c   Code   RO         2319    .text               stm32f10x_dma.o
    0x0802026c   0x000001e8   Code   RO         2358    .text               misc.o
    0x08020454   0x00000040   Code   RO         2373    .text               startup_stm32f10x_cl.o
    0x08020494   0x000005c4   Code   RO         2377    .text               ad7606.o
    0x08020a58   0x00000294   Code   RO         2399    .text               m3ad.o
    0x08020cec   0x00000170   Code   RO         2424    .text               iepe.o
    0x08020e5c   0x000000b4   Code   RO         2440    .text               skf797l.o
    0x08020f10   0x00000002   Code   RO         2461    .text               c_w.l(use_no_semi.o)
    0x08020f12   0x00000002   PAD
    0x08020f14   0x00000010   Code   RO         2463    .text               c_w.l(rt_ctype_table.o)
    0x08020f24   0x00000018   Code   RO         2465    .text               c_w.l(__2printf.o)
    0x08020f3c   0x00000052   Code   RO         2471    .text               c_w.l(_printf_pad.o)
    0x08020f8e   0x00000002   PAD
    0x08020f90   0x00000078   Code   RO         2473    .text               c_w.l(_printf_dec.o)
    0x08021008   0x0000009c   Code   RO         2493    .text               c_w.l(_printf_hex_int_ll_ptr.o)
    0x080210a4   0x0000018c   Code   RO         2513    .text               c_w.l(__printf_flags_ss_wp.o)
    0x08021230   0x0000001a   Code   RO         2520    .text               c_w.l(atoi.o)
    0x0802124a   0x00000048   Code   RO         2522    .text               c_w.l(strcpy.o)
    0x08021292   0x0000003e   Code   RO         2524    .text               c_w.l(strlen.o)
    0x080212d0   0x00000096   Code   RO         2526    .text               c_w.l(strncmp.o)
    0x08021366   0x0000008a   Code   RO         2528    .text               c_w.l(rt_memcpy_v6.o)
    0x080213f0   0x00000064   Code   RO         2530    .text               c_w.l(rt_memcpy_w.o)
    0x08021454   0x00000044   Code   RO         2532    .text               c_w.l(rt_memclr.o)
    0x08021498   0x0000004e   Code   RO         2534    .text               c_w.l(rt_memclr_w.o)
    0x080214e6   0x00000056   Code   RO         2536    .text               c_w.l(strncpy.o)
    0x0802153c   0x0000000e   Code   RO         2538    .text               c_w.l(ctime.o)
    0x0802154a   0x00000002   PAD
    0x0802154c   0x0000000c   Code   RO         2540    .text               c_w.l(localtime.o)
    0x08021558   0x000001a0   Code   RO         2543    .text               c_w.l(mktime.o)
    0x080216f8   0x00000006   Code   RO         2545    .text               c_w.l(heapauxi.o)
    0x080216fe   0x00000002   PAD
    0x08021700   0x00000008   Code   RO         2573    .text               c_w.l(rt_locale_intlibspace.o)
    0x08021708   0x00000008   Code   RO         2578    .text               c_w.l(rt_errno_addr_intlibspace.o)
    0x08021710   0x000000b8   Code   RO         2580    .text               c_w.l(_printf_intcommon.o)
    0x080217c8   0x00000420   Code   RO         2582    .text               c_w.l(_printf_fp_dec.o)
    0x08021be8   0x00000024   Code   RO         2584    .text               c_w.l(_printf_char_file.o)
    0x08021c0c   0x00000070   Code   RO         2587    .text               c_w.l(strtol.o)
    0x08021c7c   0x0000000c   Code   RO         2592    .text               c_w.l(asctime.o)
    0x08021c88   0x000000a4   Code   RO         2596    .text               c_w.l(localtime_internal.o)
    0x08021d2c   0x00000008   Code   RO         2603    .text               c_w.l(libspace.o)
    0x08021d34   0x0000008a   Code   RO         2621    .text               c_w.l(lludiv10.o)
    0x08021dbe   0x00000002   PAD
    0x08021dc0   0x00000030   Code   RO         2623    .text               c_w.l(_printf_char_common.o)
    0x08021df0   0x00000080   Code   RO         2625    .text               c_w.l(_printf_fp_infnan.o)
    0x08021e70   0x0000009e   Code   RO         2627    .text               c_w.l(_strtoul.o)
    0x08021f0e   0x00000002   PAD
    0x08021f10   0x000000e4   Code   RO         2629    .text               c_w.l(bigflt0.o)
    0x08021ff4   0x0000006c   Code   RO         2657    .text               c_w.l(asctime_internal.o)
    0x08022060   0x0000004a   Code   RO         2704    .text               c_w.l(sys_stackheap_outer.o)
    0x080220aa   0x00000002   PAD
    0x080220ac   0x0000002c   Code   RO         2706    .text               c_w.l(sprintf.o)
    0x080220d8   0x0000001c   Code   RO         2710    .text               c_w.l(_chval.o)
    0x080220f4   0x0000000c   Code   RO         2715    .text               c_w.l(exit.o)
    0x08022100   0x00000024   Code   RO         2727    .text               c_w.l(_printf_truncate.o)
    0x08022124   0x00000052   Code   RO         2729    .text               c_w.l(_printf_str.o)
    0x08022176   0x0000002a   Code   RO         2731    .text               c_w.l(_printf_charcount.o)
    0x080221a0   0x0000000a   Code   RO         2733    .text               c_w.l(_sputc.o)
    0x080221aa   0x00000002   PAD
    0x080221ac   0x000000bc   Code   RO         2735    .text               c_w.l(_printf_wctomb.o)
    0x08022268   0x00000078   Code   RO         2738    .text               c_w.l(_printf_longlong_dec.o)
    0x080222e0   0x00000078   Code   RO         2744    .text               c_w.l(_printf_oct_int_ll.o)
    0x08022358   0x00000008   Code   RO         2789    .text               c_w.l(rt_fp_status_addr_intlibspace.o)
    0x08022360   0x00000304   Code   RO         2793    .text               c_w.l(_printf_fp_hex.o)
    0x08022664   0x0000002c   Code   RO         2796    .text               c_w.l(_printf_char.o)
    0x08022690   0x0000002c   Code   RO         2798    .text               c_w.l(_printf_wchar.o)
    0x080226bc   0x00000040   Code   RO         2800    .text               c_w.l(_wcrtomb.o)
    0x080226fc   0x0000003e   Code   RO         2632    CL$$btod_d2e        c_w.l(btod.o)
    0x0802273a   0x00000046   Code   RO         2634    CL$$btod_d2e_denorm_low  c_w.l(btod.o)
    0x08022780   0x00000060   Code   RO         2633    CL$$btod_d2e_norm_op1  c_w.l(btod.o)
    0x080227e0   0x00000338   Code   RO         2642    CL$$btod_div_common  c_w.l(btod.o)
    0x08022b18   0x000000c6   Code   RO         2639    CL$$btod_e2e        c_w.l(btod.o)
    0x08022bde   0x00000028   Code   RO         2636    CL$$btod_ediv       c_w.l(btod.o)
    0x08022c06   0x00000028   Code   RO         2635    CL$$btod_emul       c_w.l(btod.o)
    0x08022c2e   0x00000244   Code   RO         2641    CL$$btod_mult_common  c_w.l(btod.o)
    0x08022e72   0x00000028   Code   RO         2702    i.__ARM_fpclassify  m_ws.l(fpclassify.o)
    0x08022e9a   0x0000000e   Code   RO         2506    i._is_digit         c_w.l(__printf_wp.o)
    0x08022ea8   0x0000002c   Code   RO         2590    locale$$code        c_w.l(lc_ctype_c.o)
    0x08022ed4   0x0000002c   Code   RO         2655    locale$$code        c_w.l(lc_numeric_c.o)
    0x08022f00   0x0000002c   Code   RO         2713    locale$$code        c_w.l(lc_time_c.o)
    0x08022f2c   0x00000150   Code   RO         2549    x$fpl$dadd          fz_ws.l(daddsub_clz.o)
    0x0802307c   0x000002b0   Code   RO         2556    x$fpl$ddiv          fz_ws.l(ddiv.o)
    0x0802332c   0x00000026   Code   RO         2559    x$fpl$dfltu         fz_ws.l(dflt_clz.o)
    0x08023352   0x00000002   PAD
    0x08023354   0x00000154   Code   RO         2565    x$fpl$dmul          fz_ws.l(dmul.o)
    0x080234a8   0x0000009c   Code   RO         2598    x$fpl$dnaninf       fz_ws.l(dnaninf.o)
    0x08023544   0x0000000c   Code   RO         2600    x$fpl$dretinf       fz_ws.l(dretinf.o)
    0x08023550   0x00000016   Code   RO         2550    x$fpl$drsb          fz_ws.l(daddsub_clz.o)
    0x08023566   0x00000002   PAD
    0x08023568   0x000001d4   Code   RO         2551    x$fpl$dsub          fz_ws.l(daddsub_clz.o)
    0x0802373c   0x0000000e   Code   RO         2769    x$fpl$fpinit        fz_ws.l(fpinit.o)
    0x0802374a   0x00000004   Code   RO         2567    x$fpl$printf1       fz_ws.l(printf1.o)
    0x0802374e   0x00000004   Code   RO         2771    x$fpl$printf2       fz_ws.l(printf2.o)
    0x08023752   0x00000000   Code   RO         2602    x$fpl$usenofp       fz_ws.l(usenofp.o)
    0x08023752   0x00000014   Data   RO            2    .constdata          application.o
    0x08023766   0x00000085   Data   RO          285    .constdata          serial.o
    0x080237eb   0x00000017   Data   RO          390    .constdata          uploadapp.o
    0x08023802   0x00000084   Data   RO          430    .constdata          rtc.o
    0x08023886   0x00000016   Data   RO          455    .constdata          led.o
    0x0802389c   0x000000a8   Data   RO          485    .constdata          device.o
    0x08023944   0x00000016   Data   RO          503    .constdata          idle.o
    0x0802395a   0x000001c6   Data   RO          522    .constdata          ipc.o
    0x08023b20   0x00000022   Data   RO          555    .constdata          kservice.o
    0x08023b42   0x00000002   PAD
    0x08023b44   0x00000160   Data   RO          572    .constdata          mem.o
    0x08023ca4   0x0000003e   Data   RO          589    .constdata          mempool.o
    0x08023ce2   0x0000005e   Data   RO          616    .constdata          object.o
    0x08023d40   0x0000014e   Data   RO          650    .constdata          scheduler.o
    0x08023e8e   0x000000aa   Data   RO          676    .constdata          thread.o
    0x08023f38   0x0000005c   Data   RO          693    .constdata          timer.o
    0x08023f94   0x00000013   Data   RO          751    .constdata          cpuport.o
    0x08023fa7   0x00000023   Data   RO          769    .constdata          dfs.o
    0x08023fca   0x00000046   Data   RO          801    .constdata          dfs_fs.o
    0x08024010   0x00000073   Data   RO          821    .constdata          dfs_file.o
    0x08024083   0x00000019   Data   RO          840    .constdata          dfs_posix.o
    0x0802409c   0x0000026f   Data   RO          902    .constdata          cmd.o
    0x0802430b   0x00000001   PAD
    0x0802430c   0x000000c4   Data   RO         1024    .constdata          finsh_ops.o
    0x080243d0   0x00000040   Data   RO         1057    .constdata          finsh_token.o
    0x08024410   0x0000004d   Data   RO         1123    .constdata          shell.o
    0x0802445d   0x00000003   PAD
    0x08024460   0x0000003c   Data   RO         1367    .constdata          sockets.o
    0x0802449c   0x0000001f   Data   RO         1463    .constdata          sys_arch.o
    0x080244bb   0x00000001   PAD
    0x080244bc   0x0000001c   Data   RO         1646    .constdata          memp.o
    0x080244d8   0x00000014   Data   RO         1779    .constdata          tcp.o
    0x080244ec   0x00000008   Data   RO         1923    .constdata          ip_addr.o
    0x080244f4   0x0000000c   Data   RO         1964    .constdata          etharp.o
    0x08024500   0x000000ce   Data   RO         1984    .constdata          ethernetif.o
    0x080245ce   0x00000058   Data   RO         2379    .constdata          ad7606.o
    0x08024626   0x0000002b   Data   RO         2401    .constdata          m3ad.o
    0x08024651   0x00000039   Data   RO         2425    .constdata          iepe.o
    0x0802468a   0x00000017   Data   RO         2441    .constdata          skf797l.o
    0x080246a1   0x00000028   Data   RO         2494    .constdata          c_w.l(_printf_hex_int_ll_ptr.o)
    0x080246c9   0x00000011   Data   RO         2514    .constdata          c_w.l(__printf_flags_ss_wp.o)
    0x080246da   0x0000000c   Data   RO         2595    .constdata          c_w.l(_monlen.o)
    0x080246e6   0x00000002   PAD
    0x080246e8   0x00000094   Data   RO         2630    .constdata          c_w.l(bigflt0.o)
    0x0802477c   0x00000008   Data   RO         2736    .constdata          c_w.l(_printf_wctomb.o)
    0x08024784   0x00000026   Data   RO         2794    .constdata          c_w.l(_printf_fp_hex.o)
    0x080247aa   0x000000b3   Data   RO          903    .conststring        cmd.o
    0x0802485d   0x000000d8   Data   RO          959    .conststring        finsh_error.o
    0x08024935   0x0000002c   Data   RO         1058    .conststring        finsh_token.o
    0x08024961   0x00000093   Data   RO         1647    .conststring        memp.o
    0x080249f4   0x00000061   Data   RO         1780    .conststring        tcp.o
    0x08024a55   0x00000003   PAD
    0x08024a58   0x0000000c   Data   RO            3    FSymTab             application.o
    0x08024a64   0x00000024   Data   RO          431    FSymTab             rtc.o
    0x08024a88   0x0000000c   Data   RO          456    FSymTab             led.o
    0x08024a94   0x0000000c   Data   RO          574    FSymTab             mem.o
    0x08024aa0   0x00000018   Data   RO          802    FSymTab             dfs_fs.o
    0x08024ab8   0x00000030   Data   RO          822    FSymTab             dfs_file.o
    0x08024ae8   0x0000000c   Data   RO          841    FSymTab             dfs_posix.o
    0x08024af4   0x00000084   Data   RO          905    FSymTab             cmd.o
    0x08024b78   0x00000030   Data   RO         1985    FSymTab             ethernetif.o
    0x08024ba8   0x00000024   Data   RO         2381    FSymTab             ad7606.o
    0x08024bcc   0x00000018   Data   RO         2426    FSymTab             iepe.o
    0x08024be4   0x0000000c   Data   RO         2442    FSymTab             skf797l.o
    0x08024bf0   0x00000020   Data   RO         2853    Region$$Table       anon$$obj.o
    0x08024c10   0x00000010   Data   RO          392    VSymTab             uploadapp.o
    0x08024c20   0x00000010   Data   RO          906    VSymTab             cmd.o
    0x08024c30   0x00000020   Data   RO         2403    VSymTab             m3ad.o
    0x08024c50   0x00000110   Data   RO         2589    locale$$data        c_w.l(lc_ctype_c.o)
    0x08024d60   0x0000001c   Data   RO         2654    locale$$data        c_w.l(lc_numeric_c.o)
    0x08024d7c   0x00000178   Data   RO         2712    locale$$data        c_w.l(lc_time_c.o)


    Execution Region RW_IRAM1 (Base: 0x20000000, Size: 0x000065c8, Max: 0x00010000, ABSOLUTE, COMPRESSED[0x000000fc])

    Base Addr    Size         Type   Attr      Idx    E Section Name        Object

    0x20000000   0x0000000c   Data   RW          264    .data               usart.o
    0x2000000c   0x00000010   Data   RW          302    .data               stm32_eth.o
    0x2000001c   0x00000008   Data   RW          367    .data               putchar.o
    0x20000024   0x00000008   Data   RW          391    .data               uploadapp.o
    0x2000002c   0x00000004   Data   RW          471    .data               clock.o
    0x20000030   0x00000004   Data   RW          504    .data               idle.o
    0x20000034   0x00000001   Data   RW          539    .data               irq.o
    0x20000035   0x00000003   PAD
    0x20000038   0x00000008   Data   RW          556    .data               kservice.o
    0x20000040   0x00000020   Data   RW          573    .data               mem.o
    0x20000060   0x00000008   Data   RW          590    .data               mempool.o
    0x20000068   0x000000a4   Data   RW          617    .data               object.o
    0x2000010c   0x0000001c   Data   RW          651    .data               scheduler.o
    0x20000128   0x0000000c   Data   RW          694    .data               timer.o
    0x20000134   0x0000000c   Data   RW          752    .data               cpuport.o
    0x20000140   0x00000004   Data   RW          904    .data               cmd.o
    0x20000144   0x00000008   Data   RW          922    .data               finsh_compiler.o
    0x2000014c   0x0000003d   Data   RW          960    .data               finsh_error.o
    0x20000189   0x00000003   PAD
    0x2000018c   0x00000008   Data   RW          976    .data               finsh_heap.o
    0x20000194   0x00000004   Data   RW         1073    .data               finsh_var.o
    0x20000198   0x0000000c   Data   RW         1096    .data               finsh_vm.o
    0x200001a4   0x00000004   Data   RW         1124    .data               shell.o
    0x200001a8   0x00000010   Data   RW         1142    .data               symbol.o
    0x200001b8   0x0000000c   Data   RW         1368    .data               sockets.o
    0x200001c4   0x00000010   Data   RW         1406    .data               tcpip.o
    0x200001d4   0x00000004   Data   RW         1464    .data               sys_arch.o
    0x200001d8   0x0000000d   Data   RW         1577    .data               dns.o
    0x200001e5   0x00000003   PAD
    0x200001e8   0x0000003a   Data   RW         1648    .data               memp.o
    0x20000222   0x00000002   PAD
    0x20000224   0x0000000c   Data   RW         1687    .data               netif.o
    0x20000230   0x00000001   Data   RW         1712    .data               pbuf.o
    0x20000231   0x00000003   PAD
    0x20000234   0x00000004   Data   RW         1738    .data               raw.o
    0x20000238   0x0000004d   Data   RW         1781    .data               tcp.o
    0x20000285   0x00000003   PAD
    0x20000288   0x00000020   Data   RW         1801    .data               tcp_in.o
    0x200002a8   0x00000004   Data   RW         1835    .data               udp.o
    0x200002ac   0x0000000c   Data   RW         1902    .data               ip.o
    0x200002b8   0x00000006   Data   RW         1946    .data               ip_frag.o
    0x200002be   0x00000001   Data   RW         1965    .data               etharp.o
    0x200002bf   0x00000001   PAD
    0x200002c0   0x00000014   Data   RW         2069    .data               system_stm32f10x.o
    0x200002d4   0x00000014   Data   RW         2099    .data               stm32f10x_rcc.o
    0x200002e8   0x0000000c   Data   RW         2380    .data               ad7606.o
    0x200002f4   0x00000008   Data   RW         2402    .data               m3ad.o
    0x200002fc   0x000000c8   Zero   RW          263    .bss                usart.o
    0x200003c4   0x00002558   Zero   RW          301    .bss                stm32_eth.o
    0x2000291c   0x00000060   Zero   RW          389    .bss                uploadapp.o
    0x2000297c   0x00000040   Zero   RW          429    .bss                rtc.o
    0x200029bc   0x00000004   PAD
    0x200029c0   0x00000180   Zero   RW          502    .bss                idle.o
    0x20002b40   0x00000080   Zero   RW          554    .bss                kservice.o
    0x20002bc0   0x00000020   Zero   RW          571    .bss                mem.o
    0x20002be0   0x00000100   Zero   RW          649    .bss                scheduler.o
    0x20002ce0   0x000000d4   Zero   RW          768    .bss                dfs.o
    0x20002db4   0x00000124   Zero   RW          820    .bss                dfs_file.o
    0x20002ed8   0x00000080   Zero   RW          975    .bss                finsh_heap.o
    0x20002f58   0x00000140   Zero   RW         1009    .bss                finsh_node.o
    0x20003098   0x000000c0   Zero   RW         1072    .bss                finsh_var.o
    0x20003158   0x00000180   Zero   RW         1095    .bss                finsh_vm.o
    0x200032d8   0x00000880   Zero   RW         1122    .bss                shell.o
    0x20003b58   0x000000c8   Zero   RW         1366    .bss                sockets.o
    0x20003c20   0x00000660   Zero   RW         1576    .bss                dns.o
    0x20004280   0x00000014   Zero   RW         1800    .bss                tcp_in.o
    0x20004294   0x00000010   Zero   RW         1877    .bss                inet.o
    0x200042a4   0x000005e8   Zero   RW         1945    .bss                ip_frag.o
    0x2000488c   0x000000c8   Zero   RW         1963    .bss                etharp.o
    0x20004954   0x00000580   Zero   RW         1983    .bss                ethernetif.o
    0x20004ed4   0x00001000   Zero   RW         2378    .bss                ad7606.o
    0x20005ed4   0x00000020   Zero   RW         2400    .bss                m3ad.o
    0x20005ef4   0x0000002c   Zero   RW         2541    .bss                c_w.l(localtime.o)
    0x20005f20   0x00000044   Zero   RW         2593    .bss                c_w.l(asctime.o)
    0x20005f64   0x00000060   Zero   RW         2604    .bss                c_w.l(libspace.o)
    0x20005fc4   0x00000004   PAD
    0x20005fc8   0x00000200   Zero   RW         2371    HEAP                startup_stm32f10x_cl.o
    0x200061c8   0x00000400   Zero   RW         2370    STACK               startup_stm32f10x_cl.o


==============================================================================

Image component sizes


      Code (inc. data)   RO Data    RW Data    ZI Data      Debug   Object Name

      1476        120        124         12       4096       4819   ad7606.o
      1088         48          0          0          0      26598   api_lib.o
      2952         36          0          0          0      21877   api_msg.o
       144         40         32          0          0     370817   application.o
       168         16          0          0          0      16151   board.o
       104          6          0          4          0       1560   clock.o
      2584       1100        950          4          0       9024   cmd.o
       196         20          0          0          0        724   context_rvds.o
       436        216         19         12          0       2011   cpuport.o
       928        144        168          0          0       5621   device.o
       964        156         35          0        212       8168   dfs.o
      1664        196        163          0        292       7207   dfs_file.o
      1404        216         94          0          0       5176   dfs_fs.o
      1356         44         37          0          0       8791   dfs_posix.o
      1544         56          0         13       1632       7277   dns.o
      2496         22         12          1        200       9715   etharp.o
      2156        688        254          0       1408      18009   ethernetif.o
      6136        156          0          8          0      10366   finsh_compiler.o
        44         10        216         61          0       1485   finsh_error.o
       528         18          0          8        128       3263   finsh_heap.o
        88          6          0          0          0       1488   finsh_init.o
       388          4          0          0        320       3180   finsh_node.o
      2776         36        196          0          0       8488   finsh_ops.o
      2418         32          0          0          0       9597   finsh_parser.o
      1576         16        108          0          0       5684   finsh_token.o
       408         16          0          4        192       6957   finsh_var.o
       228         34          0         12        384       6522   finsh_vm.o
       628          0          0          0          0       2906   icmp.o
       356        106         22          4        384       2623   idle.o
       368         72         81          0          0       1908   iepe.o
       540         12          0          0         16       3176   inet.o
       350          0          0          0          0       2390   inet_chksum.o
        24          0          0          0          0      13128   init.o
       876         22          0         12          0       6102   ip.o
        78          0          8          0          0       5393   ip_addr.o
      1548         18          0          6       1512       6656   ip_frag.o
      6058        392        454          0          0      21911   ipc.o
        72          6          0          1          0       1166   irq.o
      2296        250         34          8        128      10406   kservice.o
       256          6         34          0          0       1902   led.o
       660        148         75          8         32       2254   m3ad.o
      2428        588        364         32         32       6023   mem.o
       136         10        175         58          0       3001   memp.o
      1064        116         62          8          0       5174   mempool.o
       488         74          0          0          0       2017   misc.o
         0          0          0          0          0       4260   msd.o
       402          0          0          0          0       6777   netbuf.o
         0          0          0          0          0        584   netdb.o
       748         22          0         12          0       6725   netif.o
       248          0          0          0          0       4249   netifapi.o
       816        184         94        164          0       5744   object.o
      1662         14          0          1          0       6832   pbuf.o
        72          4          0          8          0       2934   putchar.o
       436          4          0          4          0       3609   raw.o
       688        172        168          0         64       5843   rtc.o
       968        186        334         28        256       4600   scheduler.o
      1600        296        133          0          0       5645   serial.o
      1948        274         77          4       2176       6169   shell.o
       180         26         35          0          0       1535   skf797l.o
      5324         76         60         12        200      30350   sockets.o
       236         98          0          0          0       1303   startup.o
        64         26        336          0       1536        840   startup_stm32f10x_cl.o
      9348        322          0         16       9560      38768   stm32_eth.o
      3784        130          0          0          0      13585   stm32f10x_adc.o
       704         70          0          0          0       3932   stm32f10x_bkp.o
      2316        160          0          0          0       5582   stm32f10x_dma.o
       740         70          0          0          0       2631   stm32f10x_exti.o
      2672        204          0          0          0       7301   stm32f10x_gpio.o
        52          4          0          0          0       1351   stm32f10x_it.o
       456         78          0          0          0       2191   stm32f10x_pwr.o
      2832        144          0         20          0      13234   stm32f10x_rcc.o
       568         64          0          0          0       2966   stm32f10x_rtc.o
      2528        112          0          0          0       8190   stm32f10x_spi.o
     14104        848          0          0          0      31620   stm32f10x_tim.o
      3520        148          0          0          0      10660   stm32f10x_usart.o
         0          0          0         16          0       4021   symbol.o
       616          6          0          0          0       3520   sys.o
       776        144         31          4          0       9143   sys_arch.o
       348         36          0          0          0      10441   sys_arch_init.o
       620         48          0         20          0       2023   system_stm32f10x.o
      3292        112        117         77          0      18673   tcp.o
      6012        222          0         32         20      14620   tcp_in.o
      2872         22          0          0          0       7566   tcp_out.o
       976         66          0         16          0      23511   tcpip.o
      1672        244        170          0          0       8022   thread.o
      1064        128         92         12          0       6499   timer.o
      1080          8          0          4          0       6509   udp.o
      1092        424         39          8         96       6899   uploadapp.o
       264         26          0         12        200       2061   usart.o

    ----------------------------------------------------------------------
    134188      10494       5445        764      25080    1042229   Object Totals
         0          0         32          0          0          0   (incl. Generated)
        12          0         10         18          4          0   (incl. Padding)

    ----------------------------------------------------------------------

      Code (inc. data)   RO Data    RW Data    ZI Data      Debug   Library Member Name

        24          4          0          0          0         84   __2printf.o
        90          0          0          0          0          0   __dczerorl2.o
         8          0          0          0          0         68   __main.o
       396          6         17          0          0         92   __printf_flags_ss_wp.o
        14          0          0          0          0         68   __printf_wp.o
        52          8          0          0          0          0   __scatter.o
        28          0          0          0          0          0   __scatter_zi.o
        28          0          0          0          0         68   _chval.o
         0          0         12          0          0          0   _monlen.o
         6          0          0          0          0          0   _printf_a.o
         6          0          0          0          0          0   _printf_c.o
        44          0          0          0          0        108   _printf_char.o
        48          6          0          0          0         96   _printf_char_common.o
        36          4          0          0          0         80   _printf_char_file.o
        42          0          0          0          0         68   _printf_charcount.o
         6          0          0          0          0          0   _printf_d.o
       120         18          0          0          0         92   _printf_dec.o
         6          0          0          0          0          0   _printf_e.o
         6          0          0          0          0          0   _printf_f.o
      1056          0          0          0          0        216   _printf_fp_dec.o
       772         10         38          0          0        100   _printf_fp_hex.o
       128         16          0          0          0         84   _printf_fp_infnan.o
         6          0          0          0          0          0   _printf_g.o
       156          6         40          0          0        160   _printf_hex_int_ll_ptr.o
         6          0          0          0          0          0   _printf_i.o
       184          0          0          0          0         88   _printf_intcommon.o
        10          0          0          0          0          0   _printf_l.o
         6          0          0          0          0          0   _printf_lc.o
        10          0          0          0          0          0   _printf_ll.o
         6          0          0          0          0          0   _printf_lld.o
         6          0          0          0          0          0   _printf_lli.o
         6          0          0          0          0          0   _printf_llo.o
         6          0          0          0          0          0   _printf_llu.o
         6          0          0          0          0          0   _printf_llx.o
       120         16          0          0          0         92   _printf_longlong_dec.o
         6          0          0          0          0          0   _printf_ls.o
         6          0          0          0          0          0   _printf_n.o
         6          0          0          0          0          0   _printf_o.o
       120          8          0          0          0        124   _printf_oct_int_ll.o
         6          0          0          0          0          0   _printf_p.o
        82          0          0          0          0        108   _printf_pad.o
         0          0          0          0          0          0   _printf_percent.o
         4          0          0          0          0          0   _printf_percent_end.o
         6          0          0          0          0          0   _printf_s.o
        82          0          0          0          0         80   _printf_str.o
        36          0          0          0          0         84   _printf_truncate.o
         6          0          0          0          0          0   _printf_u.o
        44          0          0          0          0        108   _printf_wchar.o
       188          6          8          0          0         92   _printf_wctomb.o
         6          0          0          0          0          0   _printf_x.o
        10          0          0          0          0         68   _sputc.o
       158          0          0          0          0         92   _strtoul.o
        64          0          0          0          0         92   _wcrtomb.o
        12          6          0          0         68         68   asctime.o
       108         30          0          0          0         92   asctime_internal.o
        26          0          0          0          0         80   atoi.o
       228          6        148          0          0         96   bigflt0.o
      1910        128          0          0          0        672   btod.o
        14          0          0          0          0         80   ctime.o
        12          0          0          0          0         72   exit.o
         6          0          0          0          0        152   heapauxi.o
        44         10        272          0          0         76   lc_ctype_c.o
        44         10         28          0          0         76   lc_numeric_c.o
        44         10        376          0          0         76   lc_time_c.o
         6          0          0          0          0          0   libinit.o
        40          0          0          0          0          0   libinit2.o
         2          0          0          0          0          0   libshutdown.o
         2          0          0          0          0          0   libshutdown2.o
         8          4          0          0         96         68   libspace.o
       138          0          0          0          0         80   lludiv10.o
        12          6          0          0         44         68   localtime.o
       164          6          0          0          0         80   localtime_internal.o
       416          8          0          0          0        128   mktime.o
        16          4          0          0          0         76   rt_ctype_table.o
         8          4          0          0          0         68   rt_errno_addr_intlibspace.o
         8          4          0          0          0         68   rt_fp_status_addr_intlibspace.o
         8          4          0          0          0         68   rt_locale_intlibspace.o
        68          0          0          0          0         68   rt_memclr.o
        78          0          0          0          0         80   rt_memclr_w.o
       138          0          0          0          0         68   rt_memcpy_v6.o
       100          0          0          0          0         80   rt_memcpy_w.o
         0          0          0          0          0          0   rtentry.o
        12          0          0          0          0          0   rtentry2.o
         6          0          0          0          0          0   rtentry4.o
         2          0          0          0          0          0   rtexit.o
        10          0          0          0          0          0   rtexit2.o
        44          6          0          0          0         84   sprintf.o
        72          0          0          0          0         80   strcpy.o
        62          0          0          0          0         76   strlen.o
       150          0          0          0          0         80   strncmp.o
        86          0          0          0          0         76   strncpy.o
       112          0          0          0          0         88   strtol.o
        74          0          0          0          0         80   sys_stackheap_outer.o
         2          0          0          0          0         68   use_no_semi.o
       826         16          0          0          0        356   daddsub_clz.o
       688        140          0          0          0        212   ddiv.o
        38          0          0          0          0         68   dflt_clz.o
       340         12          0          0          0        104   dmul.o
       156          4          0          0          0         92   dnaninf.o
        12          0          0          0          0         68   dretinf.o
        14          0          0          0          0         76   fpinit.o
         4          0          0          0          0         68   printf1.o
         4          0          0          0          0         68   printf2.o
         0          0          0          0          0          0   usenofp.o
        40          0          0          0          0         68   fpclassify.o

    ----------------------------------------------------------------------
     10710        526        941          0        212       6764   Library Totals
        22          0          2          0          4          0   (incl. Padding)

    ----------------------------------------------------------------------

      Code (inc. data)   RO Data    RW Data    ZI Data      Debug   Library Name

      8566        354        939          0        208       5584   c_w.l
      2082        172          0          0          0       1112   fz_ws.l
        40          0          0          0          0         68   m_ws.l

    ----------------------------------------------------------------------
     10710        526        941          0        212       6764   Library Totals

    ----------------------------------------------------------------------

==============================================================================


      Code (inc. data)   RO Data    RW Data    ZI Data      Debug   

    144898      11020       6386        764      25292    1037917   Grand Totals
    144898      11020       6386        252      25292    1037917   ELF Image Totals (compressed)
    144898      11020       6386        252          0          0   ROM Totals

==============================================================================

    Total RO  Size (Code + RO Data)               151284 ( 147.74kB)
    Total RW  Size (RW Data + ZI Data)             26056 (  25.45kB)
    Total ROM Size (Code + RO Data + RW Data)     151536 ( 147.98kB)

==============================================================================

