ARM Linker, 4.1 [Build 894] [Standard]

==============================================================================

Section Cross References

    application.o(.text) refers to ethernetif.o(.text) for eth_system_device_init
    application.o(.text) refers to stm32_eth.o(.text) for rt_hw_stm32_eth_init
    application.o(.text) refers to device.o(.text) for rt_device_init_all
    application.o(.text) refers to sys_arch_init.o(.text) for lwip_sys_init
    application.o(.text) refers to kservice.o(.text) for rt_kprintf
    application.o(.text) refers to thread.o(.text) for rt_thread_create
    application.o(FSymTab) refers to application.o(.constdata) for __fsym_reset_name
    application.o(FSymTab) refers to application.o(.text) for reset
    startup.o(.text) refers to kservice.o(.text) for rt_kprintf
    startup.o(.text) refers to board.o(.text) for rt_hw_board_init
    startup.o(.text) refers to clock.o(.text) for rt_system_tick_init
    startup.o(.text) refers to object.o(.text) for rt_system_object_init
    startup.o(.text) refers to timer.o(.text) for rt_system_timer_init
    startup.o(.text) refers to mem.o(.text) for rt_system_heap_init
    startup.o(.text) refers to ad7606.o(.text) for ad7606_init
    startup.o(.text) refers to scheduler.o(.text) for rt_system_scheduler_init
    startup.o(.text) refers to device.o(.text) for rt_device_init_all
    startup.o(.text) refers to application.o(.text) for rt_application_init
    startup.o(.text) refers to shell.o(.text) for finsh_system_init
    startup.o(.text) refers to idle.o(.text) for rt_thread_idle_init
    startup.o(.text) refers to context_rvds.o(.text) for rt_hw_interrupt_disable
    board.o(.text) refers to misc.o(.text) for NVIC_SetVectorTable
    board.o(.text) refers to stm32f10x_rcc.o(.text) for RCC_GetClocksFreq
    board.o(.text) refers to irq.o(.text) for rt_interrupt_enter
    board.o(.text) refers to clock.o(.text) for rt_tick_increase
    board.o(.text) refers to usart.o(.text) for rt_hw_usart_init
    board.o(.text) refers to kservice.o(.text) for rt_console_set_device
    stm32f10x_it.o(.text) refers to board.o(.text) for rt_hw_timer_handler
    stm32f10x_it.o(.text) refers to irq.o(.text) for rt_interrupt_enter
    stm32f10x_it.o(.text) refers to serial.o(.text) for rt_hw_serial_isr
    stm32f10x_it.o(.text) refers to usart.o(.bss) for uart2_device
    usart.o(.text) refers to stm32f10x_rcc.o(.text) for RCC_APB2PeriphClockCmd
    usart.o(.text) refers to stm32f10x_gpio.o(.text) for GPIO_PinRemapConfig
    usart.o(.text) refers to misc.o(.text) for NVIC_Init
    usart.o(.text) refers to stm32f10x_usart.o(.text) for USART_Init
    usart.o(.text) refers to serial.o(.text) for rt_hw_serial_register
    usart.o(.text) refers to usart.o(.data) for uart2
    usart.o(.text) refers to usart.o(.bss) for uart2_device
    usart.o(.data) refers to usart.o(.bss) for uart2_int_rx
    serial.o(.text) refers to kservice.o(.text) for rt_memset
    serial.o(.text) refers to mempool.o(.text) for rt_mp_init
    serial.o(.text) refers to stm32f10x_usart.o(.text) for USART_Cmd
    serial.o(.text) refers to context_rvds.o(.text) for rt_hw_interrupt_disable
    serial.o(.text) refers to stm32f10x_dma.o(.text) for DMA_Cmd
    serial.o(.text) refers to device.o(.text) for rt_device_register
    serial.o(.text) refers to serial.o(.constdata) for __FUNCTION__
    stm32_eth.o(.text) refers to stm32f10x_rcc.o(.text) for RCC_AHBPeriphResetCmd
    stm32_eth.o(.text) refers to startup.o(.text) for assert_failed
    stm32_eth.o(.text) refers to stm32_eth.o(.data) for DMATxDescToSet
    stm32_eth.o(.text) refers to irq.o(.text) for rt_interrupt_enter
    stm32_eth.o(.text) refers to ethernetif.o(.text) for eth_device_ready
    stm32_eth.o(.text) refers to ipc.o(.text) for rt_sem_release
    stm32_eth.o(.text) refers to kservice.o(.text) for rt_set_errno
    stm32_eth.o(.text) refers to inet.o(.text) for htons
    stm32_eth.o(.text) refers to pbuf.o(.text) for pbuf_alloc
    stm32_eth.o(.text) refers to misc.o(.text) for NVIC_Init
    stm32_eth.o(.text) refers to stm32f10x_gpio.o(.text) for GPIO_PinRemapConfig
    stm32_eth.o(.text) refers to stm32_eth.o(.bss) for stm32_eth_device
    msd.o(.text) refers to stm32f10x_spi.o(.text) for SPI_I2S_GetFlagStatus
    msd.o(.text) refers to stm32f10x_gpio.o(.text) for GPIO_ResetBits
    msd.o(.text) refers to stm32f10x_rcc.o(.text) for RCC_APB2PeriphClockCmd
    msd.o(.text) refers to kservice.o(.text) for rt_kprintf
    msd.o(.text) refers to msd.o(.bss) for part
    msd.o(.text) refers to mem.o(.text) for rt_malloc
    msd.o(.text) refers to dfs_fs.o(.text) for dfs_filesystem_get_partition
    msd.o(.text) refers to device.o(.text) for rt_device_register
    msd.o(.text) refers to msd.o(.constdata) for __FUNCTION__
    putchar.o(.text) refers (Special) to use_no_semi.o(.text) for __use_no_semihosting_swi
    putchar.o(.text) refers to kservice.o(.text) for rt_kprintf
[...]
    pbuf_free                                0x0801117f   Thumb Code   138  pbuf.o(.text)
    pbuf_alloc                               0x08011209   Thumb Code   436  pbuf.o(.text)
    pbuf_realloc                             0x080113bd   Thumb Code   118  pbuf.o(.text)
    pbuf_header                              0x08011433   Thumb Code   134  pbuf.o(.text)
    pbuf_clen                                0x080114b9   Thumb Code    18  pbuf.o(.text)
    pbuf_ref                                 0x080114cb   Thumb Code    26  pbuf.o(.text)
    pbuf_cat                                 0x080114e5   Thumb Code    70  pbuf.o(.text)
    pbuf_chain                               0x0801152b   Thumb Code    26  pbuf.o(.text)
    pbuf_dechain                             0x08011545   Thumb Code    66  pbuf.o(.text)
    pbuf_copy                                0x08011587   Thumb Code   190  pbuf.o(.text)
    pbuf_copy_partial                        0x08011645   Thumb Code   146  pbuf.o(.text)
    pbuf_take                                0x080116d7   Thumb Code   116  pbuf.o(.text)
    pbuf_coalesce                            0x0801174b   Thumb Code    60  pbuf.o(.text)
    raw_input                                0x0801178b   Thumb Code   100  raw.o(.text)
    raw_bind                                 0x080117ef   Thumb Code    16  raw.o(.text)
    raw_connect                              0x080117ff   Thumb Code    16  raw.o(.text)
    raw_recv                                 0x0801180f   Thumb Code     6  raw.o(.text)
    raw_sendto                               0x08011815   Thumb Code   168  raw.o(.text)
    raw_send                                 0x080118bd   Thumb Code    18  raw.o(.text)
    raw_remove                               0x080118cf   Thumb Code    60  raw.o(.text)
    raw_new                                  0x0801190b   Thumb Code    46  raw.o(.text)
    sys_mbox_fetch                           0x0801193f   Thumb Code   128  sys.o(.text)
    sys_sem_wait                             0x080119bf   Thumb Code   120  sys.o(.text)
    sys_timeout                              0x08011a37   Thumb Code   156  sys.o(.text)
    sys_untimeout                            0x08011ad3   Thumb Code    98  sys.o(.text)
    sys_sem_wait_timeout                     0x08011b49   Thumb Code    58  sys.o(.text)
    sys_msleep                               0x08011b83   Thumb Code    28  sys.o(.text)
    tcp_seg_free                             0x08011ba7   Thumb Code    32  tcp.o(.text)
    tcp_segs_free                            0x08011bc7   Thumb Code    30  tcp.o(.text)
    tcp_pcb_purge                            0x08011be5   Thumb Code   110  tcp.o(.text)
    tcp_slowtmr                              0x08011c53   Thumb Code   802  tcp.o(.text)
    tcp_pcb_remove                           0x08011f75   Thumb Code   150  tcp.o(.text)
    tcp_close                                0x0801200b   Thumb Code   268  tcp.o(.text)
    tcp_update_rcv_ann_wnd                   0x08012117   Thumb Code    70  tcp.o(.text)
    tcp_recved                               0x0801215d   Thumb Code    72  tcp.o(.text)
    tcp_recv_null                            0x080121a5   Thumb Code    46  tcp.o(.text)
    tcp_fasttmr                              0x080121d3   Thumb Code   130  tcp.o(.text)
    tcp_tmr                                  0x08012255   Thumb Code    30  tcp.o(.text)
    tcp_abandon                              0x08012273   Thumb Code   160  tcp.o(.text)
    tcp_bind                                 0x0801237d   Thumb Code   264  tcp.o(.text)
    tcp_listen_with_backlog                  0x0801248d   Thumb Code   196  tcp.o(.text)
    tcp_eff_send_mss                         0x08012551   Thumb Code    46  tcp.o(.text)
    tcp_next_iss                             0x0801257f   Thumb Code    20  tcp.o(.text)
    tcp_connect                              0x08012593   Thumb Code   270  tcp.o(.text)
    tcp_setprio                              0x080126a1   Thumb Code     4  tcp.o(.text)
    tcp_seg_copy                             0x080126a5   Thumb Code    38  tcp.o(.text)
    tcp_alloc                                0x08012755   Thumb Code   200  tcp.o(.text)
    tcp_new                                  0x0801281d   Thumb Code    10  tcp.o(.text)
    tcp_arg                                  0x08012827   Thumb Code     4  tcp.o(.text)
    tcp_recv                                 0x0801282b   Thumb Code     6  tcp.o(.text)
    tcp_sent                                 0x08012831   Thumb Code     6  tcp.o(.text)
    tcp_err                                  0x08012837   Thumb Code     6  tcp.o(.text)
    tcp_accept                               0x0801283d   Thumb Code     4  tcp.o(.text)
    tcp_poll                                 0x08012841   Thumb Code    48  tcp.o(.text)
    tcp_debug_state_str                      0x08012871   Thumb Code    10  tcp.o(.text)
    tcp_input                                0x08013b49   Thumb Code  1160  tcp_in.o(.text)
    tcp_enqueue                              0x08014089   Thumb Code  1068  tcp_out.o(.text)
    tcp_send_ctrl                            0x080144b5   Thumb Code    28  tcp_out.o(.text)
    tcp_write                                0x080144d1   Thumb Code    80  tcp_out.o(.text)
    tcp_send_empty_ack                       0x08014539   Thumb Code   102  tcp_out.o(.text)
    tcp_output                               0x08014671   Thumb Code   474  tcp_out.o(.text)
    tcp_rst                                  0x0801484b   Thumb Code   178  tcp_out.o(.text)
    tcp_rexmit_rto                           0x080148fd   Thumb Code    80  tcp_out.o(.text)
    tcp_rexmit                               0x0801494d   Thumb Code    80  tcp_out.o(.text)
    tcp_rexmit_fast                          0x0801499d   Thumb Code   126  tcp_out.o(.text)
    tcp_keepalive                            0x08014a1b   Thumb Code    98  tcp_out.o(.text)
    tcp_zero_window_probe                    0x08014a7d   Thumb Code   184  tcp_out.o(.text)
    udp_input                                0x08014b37   Thumb Code   414  udp.o(.text)
    udp_bind                                 0x08014cd5   Thumb Code   126  udp.o(.text)
    udp_sendto_if                            0x08014d53   Thumb Code   236  udp.o(.text)
    udp_sendto                               0x08014e3f   Thumb Code    54  udp.o(.text)
    udp_send                                 0x08014e75   Thumb Code    20  udp.o(.text)
    udp_connect                              0x08014e89   Thumb Code    98  udp.o(.text)
    udp_disconnect                           0x08014eeb   Thumb Code    28  udp.o(.text)
    udp_recv                                 0x08014f07   Thumb Code     6  udp.o(.text)
    udp_remove                               0x08014f0d   Thumb Code    60  udp.o(.text)
    udp_new                                  0x08014f49   Thumb Code    28  udp.o(.text)
    icmp_input                               0x08014f6f   Thumb Code   458  icmp.o(.text)
    icmp_dest_unreach                        0x080151bd   Thumb Code    18  icmp.o(.text)
    icmp_time_exceeded                       0x080151cf   Thumb Code    18  icmp.o(.text)
    htonl                                    0x080151e1   Thumb Code    26  inet.o(.text)
    inet_aton                                0x080151fb   Thumb Code   336  inet.o(.text)
    inet_addr                                0x0801534b   Thumb Code    24  inet.o(.text)
    inet_ntoa                                0x08015363   Thumb Code   112  inet.o(.text)
    htons                                    0x080153d3   Thumb Code    12  inet.o(.text)
    ntohs                                    0x080153df   Thumb Code    12  inet.o(.text)
    ntohl                                    0x080153eb   Thumb Code    12  inet.o(.text)
    inet_chksum_pseudo                       0x08015447   Thumb Code   170  inet_chksum.o(.text)
    inet_chksum                              0x080154f1   Thumb Code    20  inet_chksum.o(.text)
    inet_chksum_pbuf                         0x08015505   Thumb Code    86  inet_chksum.o(.text)
    ip_route                                 0x0801555f   Thumb Code    74  ip.o(.text)
    ip_input                                 0x080155a9   Thumb Code   452  ip.o(.text)
    ip_output_if                             0x0801576d   Thumb Code   270  ip.o(.text)
    ip_output                                0x0801587b   Thumb Code    56  ip.o(.text)
    ip_addr_isbroadcast                      0x080158c9   Thumb Code    78  ip_addr.o(.text)
    ip_reass_tmr                             0x080159c5   Thumb Code    56  ip_frag.o(.text)
    ip_reass                                 0x08015c21   Thumb Code   428  ip_frag.o(.text)
    ip_frag                                  0x08015dcd   Thumb Code   334  ip_frag.o(.text)
    etharp_tmr                               0x08015f51   Thumb Code   166  etharp.o(.text)
    etharp_find_addr                         0x08016333   Thumb Code    88  etharp.o(.text)
    etharp_ip_input                          0x0801638b   Thumb Code    64  etharp.o(.text)
    etharp_arp_input                         0x080163cb   Thumb Code   338  etharp.o(.text)
    etharp_request                           0x080165db   Thumb Code    40  etharp.o(.text)
    etharp_query                             0x08016603   Thumb Code   412  etharp.o(.text)
    etharp_output                            0x0801679f   Thumb Code   198  etharp.o(.text)
    ethernet_input                           0x08016865   Thumb Code   114  etharp.o(.text)
    ethernetif_linkoutput                    0x080168e7   Thumb Code    42  ethernetif.o(.text)
    eth_device_init                          0x08016911   Thumb Code   124  ethernetif.o(.text)
    eth_tx_thread_entry                      0x0801698d   Thumb Code   114  ethernetif.o(.text)
    eth_rx_thread_entry                      0x080169ff   Thumb Code   132  ethernetif.o(.text)
    eth_rx_ready                             0x08016a83   Thumb Code    14  ethernetif.o(.text)
    eth_device_ready                         0x08016a91   Thumb Code    12  ethernetif.o(.text)
    eth_device_linkchange                    0x08016a9d   Thumb Code    78  ethernetif.o(.text)
    eth_system_device_init                   0x08016aeb   Thumb Code   282  ethernetif.o(.text)
    set_if                                   0x08016c05   Thumb Code   140  ethernetif.o(.text)
    set_dns                                  0x08016c91   Thumb Code    26  ethernetif.o(.text)
    list_if                                  0x08016cab   Thumb Code   692  ethernetif.o(.text)
    list_tcps                                0x08016f5f   Thumb Code   196  ethernetif.o(.text)
    SystemInit                               0x08017249   Thumb Code    92  system_stm32f10x.o(.text)
    SystemCoreClockUpdate                    0x080172a5   Thumb Code   232  system_stm32f10x.o(.text)
    RCC_DeInit                               0x080173bd   Thumb Code    78  stm32f10x_rcc.o(.text)
    RCC_HSEConfig                            0x0801740b   Thumb Code   100  stm32f10x_rcc.o(.text)
    RCC_GetFlagStatus                        0x0801746f   Thumb Code   126  stm32f10x_rcc.o(.text)
    RCC_WaitForHSEStartUp                    0x080174ed   Thumb Code    48  stm32f10x_rcc.o(.text)
    RCC_AdjustHSICalibrationValue            0x0801751d   Thumb Code    38  stm32f10x_rcc.o(.text)
    RCC_HSICmd                               0x08017543   Thumb Code    28  stm32f10x_rcc.o(.text)
    RCC_PLLConfig                            0x0801755f   Thumb Code   102  stm32f10x_rcc.o(.text)
    RCC_PLLCmd                               0x080175c5   Thumb Code    28  stm32f10x_rcc.o(.text)
    RCC_PREDIV1Config                        0x080175e1   Thumb Code   122  stm32f10x_rcc.o(.text)
    RCC_PREDIV2Config                        0x0801765b   Thumb Code    94  stm32f10x_rcc.o(.text)
    RCC_PLL2Config                           0x080176b9   Thumb Code    86  stm32f10x_rcc.o(.text)
    RCC_PLL2Cmd                              0x0801770f   Thumb Code    28  stm32f10x_rcc.o(.text)
    RCC_PLL3Config                           0x0801772b   Thumb Code    86  stm32f10x_rcc.o(.text)
    RCC_PLL3Cmd                              0x08017781   Thumb Code   108  stm32f10x_rcc.o(.text)
    RCC_SYSCLKConfig                         0x080177ed   Thumb Code    44  stm32f10x_rcc.o(.text)
    RCC_GetSYSCLKSource                      0x08017819   Thumb Code    10  stm32f10x_rcc.o(.text)
    RCC_HCLKConfig                           0x08017823   Thumb Code    68  stm32f10x_rcc.o(.text)
    RCC_PCLK1Config                          0x08017867   Thumb Code    60  stm32f10x_rcc.o(.text)
    RCC_PCLK2Config                          0x080178a3   Thumb Code    62  stm32f10x_rcc.o(.text)
    RCC_ITConfig                             0x080178e1   Thumb Code    78  stm32f10x_rcc.o(.text)
    RCC_OTGFSCLKConfig                       0x0801792f   Thumb Code    30  stm32f10x_rcc.o(.text)
    RCC_ADCCLKConfig                         0x0801794d   Thumb Code    54  stm32f10x_rcc.o(.text)
    RCC_I2S2CLKConfig                        0x08017983   Thumb Code    30  stm32f10x_rcc.o(.text)
    RCC_I2S3CLKConfig                        0x080179a1   Thumb Code    32  stm32f10x_rcc.o(.text)
    RCC_LSEConfig                            0x080179c1   Thumb Code    72  stm32f10x_rcc.o(.text)
    RCC_LSICmd                               0x08017a09   Thumb Code    30  stm32f10x_rcc.o(.text)
    RCC_RTCCLKConfig                         0x08017a27   Thumb Code    48  stm32f10x_rcc.o(.text)
    RCC_RTCCLKCmd                            0x08017a57   Thumb Code    32  stm32f10x_rcc.o(.text)
    RCC_GetClocksFreq                        0x08017a77   Thumb Code   414  stm32f10x_rcc.o(.text)
    RCC_AHBPeriphClockCmd                    0x08017c15   Thumb Code    74  stm32f10x_rcc.o(.text)
    RCC_APB2PeriphClockCmd                   0x08017c5f   Thumb Code    74  stm32f10x_rcc.o(.text)
    RCC_APB1PeriphClockCmd                   0x08017ca9   Thumb Code    74  stm32f10x_rcc.o(.text)
    RCC_AHBPeriphResetCmd                    0x08017cf3   Thumb Code    74  stm32f10x_rcc.o(.text)
    RCC_APB2PeriphResetCmd                   0x08017d3d   Thumb Code    74  stm32f10x_rcc.o(.text)
    RCC_APB1PeriphResetCmd                   0x08017d87   Thumb Code    74  stm32f10x_rcc.o(.text)
    RCC_BackupResetCmd                       0x08017dd1   Thumb Code    30  stm32f10x_rcc.o(.text)
    RCC_ClockSecuritySystemCmd               0x08017def   Thumb Code    30  stm32f10x_rcc.o(.text)
    RCC_MCOConfig                            0x08017e0d   Thumb Code    58  stm32f10x_rcc.o(.text)
    RCC_ClearFlag                            0x08017e47   Thumb Code    14  stm32f10x_rcc.o(.text)
    RCC_GetITStatus                          0x08017e55   Thumb Code    70  stm32f10x_rcc.o(.text)
    RCC_ClearITPendingBit                    0x08017e9b   Thumb Code    26  stm32f10x_rcc.o(.text)
    EXTI_DeInit                              0x08017ecd   Thumb Code    28  stm32f10x_exti.o(.text)
    EXTI_Init                                0x08017ee9   Thumb Code   236  stm32f10x_exti.o(.text)
    EXTI_StructInit                          0x08017fd5   Thumb Code    16  stm32f10x_exti.o(.text)
    EXTI_GenerateSWInterrupt                 0x08017fe5   Thumb Code    38  stm32f10x_exti.o(.text)
    EXTI_GetFlagStatus                       0x0801800b   Thumb Code   140  stm32f10x_exti.o(.text)
    EXTI_ClearFlag                           0x08018097   Thumb Code    30  stm32f10x_exti.o(.text)
    EXTI_GetITStatus                         0x080180b5   Thumb Code   152  stm32f10x_exti.o(.text)
    EXTI_ClearITPendingBit                   0x0801814d   Thumb Code    30  stm32f10x_exti.o(.text)
    SPI_I2S_DeInit                           0x080181b1   Thumb Code   104  stm32f10x_spi.o(.text)
    SPI_Init                                 0x08018219   Thumb Code   328  stm32f10x_spi.o(.text)
    I2S_Init                                 0x08018361   Thumb Code   496  stm32f10x_spi.o(.text)
    SPI_StructInit                           0x08018551   Thumb Code    24  stm32f10x_spi.o(.text)
    I2S_StructInit                           0x08018569   Thumb Code    20  stm32f10x_spi.o(.text)
    SPI_Cmd                                  0x0801857d   Thumb Code   168  stm32f10x_spi.o(.text)
    I2S_Cmd                                  0x08018625   Thumb Code    76  stm32f10x_spi.o(.text)
    SPI_I2S_ITConfig                         0x08018671   Thumb Code   130  stm32f10x_spi.o(.text)
    SPI_I2S_DMACmd                           0x080186f3   Thumb Code   106  stm32f10x_spi.o(.text)
    SPI_I2S_SendData                         0x0801875d   Thumb Code    42  stm32f10x_spi.o(.text)
    SPI_I2S_ReceiveData                      0x08018787   Thumb Code    40  stm32f10x_spi.o(.text)
    SPI_NSSInternalSoftwareConfig            0x080187af   Thumb Code    96  stm32f10x_spi.o(.text)
    SPI_SSOutputCmd                          0x0801880f   Thumb Code    82  stm32f10x_spi.o(.text)
    SPI_DataSizeConfig                       0x08018861   Thumb Code    78  stm32f10x_spi.o(.text)
    SPI_TransmitCRC                          0x080188af   Thumb Code    46  stm32f10x_spi.o(.text)
    SPI_CalculateCRC                         0x080188dd   Thumb Code    82  stm32f10x_spi.o(.text)
    SPI_GetCRC                               0x0801892f   Thumb Code    74  stm32f10x_spi.o(.text)
    SPI_GetCRCPolynomial                     0x08018979   Thumb Code    40  stm32f10x_spi.o(.text)
    SPI_BiDirectionalLineConfig              0x080189a1   Thumb Code    94  stm32f10x_spi.o(.text)
    SPI_I2S_GetFlagStatus                    0x080189ff   Thumb Code   116  stm32f10x_spi.o(.text)
    SPI_I2S_ClearFlag                        0x08018a73   Thumb Code    62  stm32f10x_spi.o(.text)
    SPI_I2S_GetITStatus                      0x08018ab1   Thumb Code   138  stm32f10x_spi.o(.text)
    SPI_I2S_ClearITPendingBit                0x08018b3b   Thumb Code    74  stm32f10x_spi.o(.text)
    GPIO_DeInit                              0x08018b91   Thumb Code   224  stm32f10x_gpio.o(.text)
    GPIO_AFIODeInit                          0x08018c71   Thumb Code    20  stm32f10x_gpio.o(.text)
    GPIO_Init                                0x08018c85   Thumb Code   382  stm32f10x_gpio.o(.text)
    GPIO_StructInit                          0x08018e03   Thumb Code    16  stm32f10x_gpio.o(.text)
    GPIO_ReadInputDataBit                    0x08018e13   Thumb Code   170  stm32f10x_gpio.o(.text)
    GPIO_ReadInputData                       0x08018ebd   Thumb Code    64  stm32f10x_gpio.o(.text)
    GPIO_ReadOutputDataBit                   0x08018efd   Thumb Code   260  stm32f10x_gpio.o(.text)
    GPIO_ReadOutputData                      0x08019001   Thumb Code    66  stm32f10x_gpio.o(.text)
    GPIO_SetBits                             0x08019043   Thumb Code    86  stm32f10x_gpio.o(.text)
    GPIO_ResetBits                           0x08019099   Thumb Code    86  stm32f10x_gpio.o(.text)
    GPIO_WriteBit                            0x080190ef   Thumb Code   188  stm32f10x_gpio.o(.text)
    GPIO_Write                               0x080191ab   Thumb Code    66  stm32f10x_gpio.o(.text)
    GPIO_PinLockConfig                       0x080191ed   Thumb Code   100  stm32f10x_gpio.o(.text)
    GPIO_EventOutputConfig                   0x08019251   Thumb Code   138  stm32f10x_gpio.o(.text)
    GPIO_EventOutputCmd                      0x080192db   Thumb Code    30  stm32f10x_gpio.o(.text)
    GPIO_PinRemapConfig                      0x080192f9   Thumb Code   538  stm32f10x_gpio.o(.text)
    GPIO_EXTILineConfig                      0x08019513   Thumb Code   186  stm32f10x_gpio.o(.text)
    GPIO_ETH_MediaInterfaceConfig            0x080195cd   Thumb Code    30  stm32f10x_gpio.o(.text)
    USART_DeInit                             0x08019601   Thumb Code   174  stm32f10x_usart.o(.text)
    USART_Init                               0x080196af   Thumb Code   450  stm32f10x_usart.o(.text)
    USART_StructInit                         0x08019871   Thumb Code    24  stm32f10x_usart.o(.text)
    USART_ClockInit                          0x08019889   Thumb Code   162  stm32f10x_usart.o(.text)
    USART_ClockStructInit                    0x0801992b   Thumb Code    12  stm32f10x_usart.o(.text)
    USART_Cmd                                0x08019937   Thumb Code    90  stm32f10x_usart.o(.text)
    USART_ITConfig                           0x08019991   Thumb Code   338  stm32f10x_usart.o(.text)
    USART_DMACmd                             0x08019ae3   Thumb Code   118  stm32f10x_usart.o(.text)
    USART_SetAddress                         0x08019b59   Thumb Code    86  stm32f10x_usart.o(.text)
    USART_WakeUpConfig                       0x08019baf   Thumb Code    90  stm32f10x_usart.o(.text)
    USART_ReceiverWakeUpCmd                  0x08019c09   Thumb Code    94  stm32f10x_usart.o(.text)
    USART_LINBreakDetectLengthConfig         0x08019c67   Thumb Code    88  stm32f10x_usart.o(.text)
    USART_LINCmd                             0x08019cbf   Thumb Code    94  stm32f10x_usart.o(.text)
    USART_SendData                           0x08019d1d   Thumb Code    78  stm32f10x_usart.o(.text)
    USART_ReceiveData                        0x08019d6b   Thumb Code    56  stm32f10x_usart.o(.text)
    USART_SendBreak                          0x08019da3   Thumb Code    58  stm32f10x_usart.o(.text)
    USART_SetGuardTime                       0x08019ddd   Thumb Code    54  stm32f10x_usart.o(.text)
    USART_SetPrescaler                       0x08019e13   Thumb Code    66  stm32f10x_usart.o(.text)
    USART_SmartCardCmd                       0x08019e55   Thumb Code   104  stm32f10x_usart.o(.text)
    USART_SmartCardNACKCmd                   0x08019ebd   Thumb Code    82  stm32f10x_usart.o(.text)
    USART_HalfDuplexCmd                      0x08019f0f   Thumb Code    94  stm32f10x_usart.o(.text)
    USART_OverSampling8Cmd                   0x08019f6d   Thumb Code    92  stm32f10x_usart.o(.text)
    USART_OneBitMethodCmd                    0x08019fc9   Thumb Code    94  stm32f10x_usart.o(.text)
    USART_IrDAConfig                         0x0801a027   Thumb Code    88  stm32f10x_usart.o(.text)
    USART_IrDACmd                            0x0801a07f   Thumb Code    94  stm32f10x_usart.o(.text)
    USART_GetFlagStatus                      0x0801a0dd   Thumb Code   164  stm32f10x_usart.o(.text)
    USART_ClearFlag                          0x0801a181   Thumb Code   122  stm32f10x_usart.o(.text)
    USART_GetITStatus                        0x0801a1fb   Thumb Code   276  stm32f10x_usart.o(.text)
    USART_ClearITPendingBit                  0x0801a30f   Thumb Code   156  stm32f10x_usart.o(.text)
    DMA_DeInit                               0x0801a3c1   Thumb Code   430  stm32f10x_dma.o(.text)
    DMA_Init                                 0x0801a56f   Thumb Code   388  stm32f10x_dma.o(.text)
    DMA_StructInit                           0x0801a6f3   Thumb Code    26  stm32f10x_dma.o(.text)
    DMA_Cmd                                  0x0801a70d   Thumb Code   220  stm32f10x_dma.o(.text)
    DMA_ITConfig                             0x0801a7e9   Thumb Code   174  stm32f10x_dma.o(.text)
    DMA_SetCurrDataCounter                   0x0801a897   Thumb Code   116  stm32f10x_dma.o(.text)
    DMA_GetCurrDataCounter                   0x0801a90b   Thumb Code   116  stm32f10x_dma.o(.text)
    DMA_GetFlagStatus                        0x0801a97f   Thumb Code   326  stm32f10x_dma.o(.text)
    DMA_ClearFlag                            0x0801aac5   Thumb Code    54  stm32f10x_dma.o(.text)
    DMA_GetITStatus                          0x0801aafb   Thumb Code   376  stm32f10x_dma.o(.text)
    DMA_ClearITPendingBit                    0x0801ac73   Thumb Code    52  stm32f10x_dma.o(.text)
    NVIC_PriorityGroupConfig                 0x0801accd   Thumb Code    54  misc.o(.text)
    NVIC_Init                                0x0801ad03   Thumb Code   160  misc.o(.text)
    NVIC_SetVectorTable                      0x0801ada3   Thumb Code    60  misc.o(.text)
    NVIC_SystemLPConfig                      0x0801addf   Thumb Code    78  misc.o(.text)
    SysTick_CLKSourceConfig                  0x0801ae2d   Thumb Code    62  misc.o(.text)
    Reset_Handler                            0x0801aeb5   Thumb Code     8  startup_stm32f10x_cl.o(.text)
    ADC1_2_IRQHandler                        0x0801aecf   Thumb Code     0  startup_stm32f10x_cl.o(.text)
    CAN1_RX0_IRQHandler                      0x0801aecf   Thumb Code     0  startup_stm32f10x_cl.o(.text)
    CAN1_RX1_IRQHandler                      0x0801aecf   Thumb Code     0  startup_stm32f10x_cl.o(.text)
    CAN1_SCE_IRQHandler                      0x0801aecf   Thumb Code     0  startup_stm32f10x_cl.o(.text)
    CAN1_TX_IRQHandler                       0x0801aecf   Thumb Code     0  startup_stm32f10x_cl.o(.text)
    CAN2_RX0_IRQHandler                      0x0801aecf   Thumb Code     0  startup_stm32f10x_cl.o(.text)
    CAN2_RX1_IRQHandler                      0x0801aecf   Thumb Code     0  startup_stm32f10x_cl.o(.text)
    CAN2_SCE_IRQHandler                      0x0801aecf   Thumb Code     0  startup_stm32f10x_cl.o(.text)
    CAN2_TX_IRQHandler                       0x0801aecf   Thumb Code     0  startup_stm32f10x_cl.o(.text)
    DMA1_Channel1_IRQHandler                 0x0801aecf   Thumb Code     0  startup_stm32f10x_cl.o(.text)
    DMA1_Channel2_IRQHandler                 0x0801aecf   Thumb Code     0  startup_stm32f10x_cl.o(.text)
    DMA1_Channel3_IRQHandler                 0x0801aecf   Thumb Code     0  startup_stm32f10x_cl.o(.text)
    DMA1_Channel4_IRQHandler                 0x0801aecf   Thumb Code     0  startup_stm32f10x_cl.o(.text)
    DMA1_Channel5_IRQHandler                 0x0801aecf   Thumb Code     0  startup_stm32f10x_cl.o(.text)
    DMA1_Channel6_IRQHandler                 0x0801aecf   Thumb Code     0  startup_stm32f10x_cl.o(.text)
    DMA1_Channel7_IRQHandler                 0x0801aecf   Thumb Code     0  startup_stm32f10x_cl.o(.text)
    DMA2_Channel1_IRQHandler                 0x0801aecf   Thumb Code     0  startup_stm32f10x_cl.o(.text)
    DMA2_Channel2_IRQHandler                 0x0801aecf   Thumb Code     0  startup_stm32f10x_cl.o(.text)
    DMA2_Channel3_IRQHandler                 0x0801aecf   Thumb Code     0  startup_stm32f10x_cl.o(.text)
    DMA2_Channel4_IRQHandler                 0x0801aecf   Thumb Code     0  startup_stm32f10x_cl.o(.text)
    DMA2_Channel5_IRQHandler                 0x0801aecf   Thumb Code     0  startup_stm32f10x_cl.o(.text)
    ETH_WKUP_IRQHandler                      0x0801aecf   Thumb Code     0  startup_stm32f10x_cl.o(.text)
    EXTI0_IRQHandler                         0x0801aecf   Thumb Code     0  startup_stm32f10x_cl.o(.text)
    EXTI15_10_IRQHandler                     0x0801aecf   Thumb Code     0  startup_stm32f10x_cl.o(.text)
    EXTI2_IRQHandler                         0x0801aecf   Thumb Code     0  startup_stm32f10x_cl.o(.text)
    EXTI3_IRQHandler                         0x0801aecf   Thumb Code     0  startup_stm32f10x_cl.o(.text)
    EXTI4_IRQHandler                         0x0801aecf   Thumb Code     0  startup_stm32f10x_cl.o(.text)
    EXTI9_5_IRQHandler                       0x0801aecf   Thumb Code     0  startup_stm32f10x_cl.o(.text)
    FLASH_IRQHandler                         0x0801aecf   Thumb Code     0  startup_stm32f10x_cl.o(.text)
    I2C1_ER_IRQHandler                       0x0801aecf   Thumb Code     0  startup_stm32f10x_cl.o(.text)
    I2C1_EV_IRQHandler                       0x0801aecf   Thumb Code     0  startup_stm32f10x_cl.o(.text)
    I2C2_ER_IRQHandler                       0x0801aecf   Thumb Code     0  startup_stm32f10x_cl.o(.text)
    I2C2_EV_IRQHandler                       0x0801aecf   Thumb Code     0  startup_stm32f10x_cl.o(.text)
    OTG_FS_IRQHandler                        0x0801aecf   Thumb Code     0  startup_stm32f10x_cl.o(.text)
    OTG_FS_WKUP_IRQHandler                   0x0801aecf   Thumb Code     0  startup_stm32f10x_cl.o(.text)
    PVD_IRQHandler                           0x0801aecf   Thumb Code     0  startup_stm32f10x_cl.o(.text)
    RCC_IRQHandler                           0x0801aecf   Thumb Code     0  startup_stm32f10x_cl.o(.text)
    RTCAlarm_IRQHandler                      0x0801aecf   Thumb Code     0  startup_stm32f10x_cl.o(.text)
    RTC_IRQHandler                           0x0801aecf   Thumb Code     0  startup_stm32f10x_cl.o(.text)
    SPI1_IRQHandler                          0x0801aecf   Thumb Code     0  startup_stm32f10x_cl.o(.text)
    SPI2_IRQHandler                          0x0801aecf   Thumb Code     0  startup_stm32f10x_cl.o(.text)
    SPI3_IRQHandler                          0x0801aecf   Thumb Code     0  startup_stm32f10x_cl.o(.text)
    TAMPER_IRQHandler                        0x0801aecf   Thumb Code     0  startup_stm32f10x_cl.o(.text)
    TIM1_BRK_IRQHandler                      0x0801aecf   Thumb Code     0  startup_stm32f10x_cl.o(.text)
    TIM1_CC_IRQHandler                       0x0801aecf   Thumb Code     0  startup_stm32f10x_cl.o(.text)
    TIM1_TRG_COM_IRQHandler                  0x0801aecf   Thumb Code     0  startup_stm32f10x_cl.o(.text)
    TIM1_UP_IRQHandler                       0x0801aecf   Thumb Code     0  startup_stm32f10x_cl.o(.text)
    TIM2_IRQHandler                          0x0801aecf   Thumb Code     0  startup_stm32f10x_cl.o(.text)
    TIM3_IRQHandler                          0x0801aecf   Thumb Code     0  startup_stm32f10x_cl.o(.text)
    TIM4_IRQHandler                          0x0801aecf   Thumb Code     0  startup_stm32f10x_cl.o(.text)
    TIM5_IRQHandler                          0x0801aecf   Thumb Code     0  startup_stm32f10x_cl.o(.text)
    TIM6_IRQHandler                          0x0801aecf   Thumb Code     0  startup_stm32f10x_cl.o(.text)
    TIM7_IRQHandler                          0x0801aecf   Thumb Code     0  startup_stm32f10x_cl.o(.text)
    UART4_IRQHandler                         0x0801aecf   Thumb Code     0  startup_stm32f10x_cl.o(.text)
    UART5_IRQHandler                         0x0801aecf   Thumb Code     0  startup_stm32f10x_cl.o(.text)
    WWDG_IRQHandler                          0x0801aecf   Thumb Code     0  startup_stm32f10x_cl.o(.text)
    __user_initial_stackheap                 0x0801aed1   Thumb Code     0  startup_stm32f10x_cl.o(.text)
    ad_read                                  0x0801aef5   Thumb Code    74  ad7606.o(.text)
    ad7606_init                              0x0801af3f   Thumb Code   398  ad7606.o(.text)
    ad_reset                                 0x0801b0cd   Thumb Code    30  ad7606.o(.text)
    ad_start                                 0x0801b0eb   Thumb Code    32  ad7606.o(.text)
    EXTI1_IRQHandler                         0x0801b10b   Thumb Code   134  ad7606.o(.text)
    __I$use$semihosting                      0x0801b1d1   Thumb Code     0  use_no_semi.o(.text)
    __use_no_semihosting_swi                 0x0801b1d1   Thumb Code     2  use_no_semi.o(.text)
    __rt_ctype_table                         0x0801b1d5   Thumb Code    16  rt_ctype_table.o(.text)
    __2printf                                0x0801b1e5   Thumb Code    20  noretval__2printf.o(.text)
    _printf_pre_padding                      0x0801b1fd   Thumb Code    46  _printf_pad.o(.text)
    _printf_post_padding                     0x0801b22b   Thumb Code    36  _printf_pad.o(.text)
    _printf_int_dec                          0x0801b251   Thumb Code   102  _printf_dec.o(.text)
    _printf_int_hex                          0x0801b2c9   Thumb Code    88  _printf_hex_int.o(.text)
    _printf_longlong_hex                     0x0801b2c9   Thumb Code     0  _printf_hex_int.o(.text)
    __printf                                 0x0801b325   Thumb Code   310  __printf_flags_wp.o(.text)
    atoi                                     0x0801b461   Thumb Code    26  atoi.o(.text)
    strcpy                                   0x0801b47b   Thumb Code    72  strcpy.o(.text)
    strlen                                   0x0801b4c3   Thumb Code    62  strlen.o(.text)
    strncmp                                  0x0801b501   Thumb Code   150  strncmp.o(.text)
    __aeabi_memcpy                           0x0801b597   Thumb Code     0  rt_memcpy_v6.o(.text)
    __rt_memcpy                              0x0801b597   Thumb Code   138  rt_memcpy_v6.o(.text)
    _memcpy_lastbytes                        0x0801b5fd   Thumb Code     0  rt_memcpy_v6.o(.text)
    __aeabi_memcpy4                          0x0801b621   Thumb Code     0  rt_memcpy_w.o(.text)
    __aeabi_memcpy8                          0x0801b621   Thumb Code     0  rt_memcpy_w.o(.text)
    __rt_memcpy_w                            0x0801b621   Thumb Code   100  rt_memcpy_w.o(.text)
    _memcpy_lastbytes_aligned                0x0801b669   Thumb Code     0  rt_memcpy_w.o(.text)
    __aeabi_memclr                           0x0801b685   Thumb Code     0  rt_memclr.o(.text)
    __rt_memclr                              0x0801b685   Thumb Code    68  rt_memclr.o(.text)
    _memset                                  0x0801b689   Thumb Code     0  rt_memclr.o(.text)
    __aeabi_memclr4                          0x0801b6c9   Thumb Code     0  rt_memclr_w.o(.text)
    __aeabi_memclr8                          0x0801b6c9   Thumb Code     0  rt_memclr_w.o(.text)
    __rt_memclr_w                            0x0801b6c9   Thumb Code    78  rt_memclr_w.o(.text)
    _memset_w                                0x0801b6cd   Thumb Code     0  rt_memclr_w.o(.text)
    strncpy                                  0x0801b717   Thumb Code    86  strncpy.o(.text)
    __use_two_region_memory                  0x0801b76d   Thumb Code     2  heapauxi.o(.text)
    __rt_heap_escrow$2region                 0x0801b76f   Thumb Code     2  heapauxi.o(.text)
    __rt_heap_expand$2region                 0x0801b771   Thumb Code     2  heapauxi.o(.text)
    __rt_locale                              0x0801b775   Thumb Code     8  rt_locale_intlibspace.o(.text)
    __aeabi_errno_addr                       0x0801b77d   Thumb Code     8  rt_errno_addr_intlibspace.o(.text)
    __errno$intlibspace                      0x0801b77d   Thumb Code     0  rt_errno_addr_intlibspace.o(.text)
    __rt_errno_addr$intlibspace              0x0801b77d   Thumb Code     0  rt_errno_addr_intlibspace.o(.text)
    _printf_int_common                       0x0801b785   Thumb Code   184  _printf_intcommon.o(.text)
    __lib_sel_fp_printf                      0x0801b83d   Thumb Code     2  _printf_fp_dec.o(.text)
    _printf_fp_dec_real                      0x0801b9eb   Thumb Code   626  _printf_fp_dec.o(.text)
    _printf_char_file                        0x0801bc5d   Thumb Code    32  _printf_char_file.o(.text)
    strtol                                   0x0801bc81   Thumb Code   112  strtol.o(.text)
    __user_libspace                          0x0801bcf1   Thumb Code     8  libspace.o(.text)
    __user_perproc_libspace                  0x0801bcf1   Thumb Code     0  libspace.o(.text)
    __user_perthread_libspace                0x0801bcf1   Thumb Code     0  libspace.o(.text)
    _ll_udiv10                               0x0801bcf9   Thumb Code   138  lludiv10.o(.text)
    _printf_char_common                      0x0801bd8f   Thumb Code    32  _printf_char_common.o(.text)
    _printf_fp_infnan                        0x0801bdb5   Thumb Code   112  _printf_fp_infnan.o(.text)
    _strtoul                                 0x0801be35   Thumb Code   158  _strtoul.o(.text)
    _btod_etento                             0x0801bed5   Thumb Code   222  bigflt0.o(.text)
    __user_setup_stackheap                   0x0801bfb9   Thumb Code    74  sys_stackheap_outer.o(.text)
    _chval                                   0x0801c003   Thumb Code    28  _chval.o(.text)
    exit                                     0x0801c01f   Thumb Code    12  exit.o(.text)
    __rt_fp_status_addr                      0x0801c02d   Thumb Code     8  rt_fp_status_addr_intlibspace.o(.text)
    _btod_d2e                                0x0801c035   Thumb Code    62  btod.o(CL$$btod_d2e)
    _d2e_denorm_low                          0x0801c073   Thumb Code    70  btod.o(CL$$btod_d2e_denorm_low)
    _d2e_norm_op1                            0x0801c0b9   Thumb Code    96  btod.o(CL$$btod_d2e_norm_op1)
    __btod_div_common                        0x0801c119   Thumb Code   696  btod.o(CL$$btod_div_common)
    _e2e                                     0x0801c451   Thumb Code   198  btod.o(CL$$btod_e2e)
    _btod_ediv                               0x0801c517   Thumb Code    40  btod.o(CL$$btod_ediv)
    _btod_emul                               0x0801c53f   Thumb Code    40  btod.o(CL$$btod_emul)
    __btod_mult_common                       0x0801c567   Thumb Code   580  btod.o(CL$$btod_mult_common)
    __ARM_fpclassify                         0x0801c7ab   Thumb Code    40  fpclassify.o(i.__ARM_fpclassify)
    _is_digit                                0x0801c7d3   Thumb Code    14  __printf_wp.o(i._is_digit)
    _get_lc_ctype                            0x0801c7e1   Thumb Code    44  lc_ctype_c.o(locale$$code)
    _get_lc_numeric                          0x0801c80d   Thumb Code    44  lc_numeric_c.o(locale$$code)
    __aeabi_ddiv                             0x0801c839   Thumb Code     0  ddiv.o(x$fpl$ddiv)
    _ddiv                                    0x0801c839   Thumb Code   552  ddiv.o(x$fpl$ddiv)
    __aeabi_i2d                              0x0801cae9   Thumb Code     0  dflt_clz.o(x$fpl$dflt)
    _dflt                                    0x0801cae9   Thumb Code    46  dflt_clz.o(x$fpl$dflt)
    __aeabi_dmul                             0x0801cb19   Thumb Code     0  dmul.o(x$fpl$dmul)
    _dmul                                    0x0801cb19   Thumb Code   332  dmul.o(x$fpl$dmul)
    __fpl_dnaninf                            0x0801cc6d   Thumb Code   156  dnaninf.o(x$fpl$dnaninf)
    __fpl_dretinf                            0x0801cd09   Thumb Code    12  dretinf.o(x$fpl$dretinf)
    _fp_init                                 0x0801cd15   Thumb Code    14  fpinit.o(x$fpl$fpinit)
    __fplib_config_pureend_doubles           0x0801cd21   Thumb Code     0  fpinit.o(x$fpl$fpinit)
    _printf_fp_dec                           0x0801cd23   Thumb Code     4  printf1.o(x$fpl$printf1)
    __I$use$fp                               0x0801cd27   Thumb Code     0  usenofp.o(x$fpl$usenofp)
    __fsym_reset_name                        0x0801cd26   Data           6  application.o(.constdata)
    __fsym_reset_desc                        0x0801cd2c   Data          14  application.o(.constdata)
    __fsym_list_mem_name                     0x0801d068   Data           9  mem.o(.constdata)
    __fsym_list_mem_desc                     0x0801d071   Data          30  mem.o(.constdata)
    rt_lowest_bitmap                         0x0801d264   Data         256  scheduler.o(.constdata)
    __fsym_mkfs_name                         0x0801d4ee   Data           5  dfs_fs.o(.constdata)
    __fsym_mkfs_desc                         0x0801d4f3   Data          19  dfs_fs.o(.constdata)
    __fsym_df_name                           0x0801d506   Data           3  dfs_fs.o(.constdata)
    __fsym_df_desc                           0x0801d509   Data          14  dfs_fs.o(.constdata)
    __fsym_ls_name                           0x0801d534   Data           3  dfs_file.o(.constdata)
    __fsym_ls_desc                           0x0801d537   Data          24  dfs_file.o(.constdata)
    __fsym_rm_name                           0x0801d54f   Data           3  dfs_file.o(.constdata)
    __fsym_rm_desc                           0x0801d552   Data          28  dfs_file.o(.constdata)
    __fsym_cat_name                          0x0801d56e   Data           4  dfs_file.o(.constdata)
    __fsym_cat_desc                          0x0801d572   Data          11  dfs_file.o(.constdata)
    __fsym_copy_name                         0x0801d57d   Data           5  dfs_file.o(.constdata)
    __fsym_copy_desc                         0x0801d582   Data          37  dfs_file.o(.constdata)
    __fsym_mkdir_name                        0x0801d5a7   Data           6  dfs_posix.o(.constdata)
    __fsym_mkdir_desc                        0x0801d5ad   Data          19  dfs_posix.o(.constdata)
    __fsym_version_name                      0x0801d5c0   Data           8  cmd.o(.constdata)
    __fsym_version_desc                      0x0801d5c8   Data          35  cmd.o(.constdata)
    __fsym_list_thread_name                  0x0801d5eb   Data          12  cmd.o(.constdata)
    __fsym_list_thread_desc                  0x0801d5f7   Data          12  cmd.o(.constdata)
    __fsym_list_sem_name                     0x0801d603   Data           9  cmd.o(.constdata)
    __fsym_list_sem_desc                     0x0801d60c   Data          25  cmd.o(.constdata)
    __fsym_list_event_name                   0x0801d625   Data          11  cmd.o(.constdata)
    __fsym_list_event_desc                   0x0801d630   Data          21  cmd.o(.constdata)
    __fsym_list_mutex_name                   0x0801d645   Data          11  cmd.o(.constdata)
    __fsym_list_mutex_desc                   0x0801d650   Data          21  cmd.o(.constdata)
    __fsym_list_mailbox_name                 0x0801d665   Data          13  cmd.o(.constdata)
    __fsym_list_mailbox_desc                 0x0801d672   Data          24  cmd.o(.constdata)
    __fsym_list_msgqueue_name                0x0801d68a   Data          14  cmd.o(.constdata)
    __fsym_list_msgqueue_desc                0x0801d698   Data          29  cmd.o(.constdata)
    __fsym_list_mempool_name                 0x0801d6b5   Data          13  cmd.o(.constdata)
    __fsym_list_mempool_desc                 0x0801d6c2   Data          27  cmd.o(.constdata)
    __fsym_list_timer_name                   0x0801d6dd   Data          11  cmd.o(.constdata)
    __fsym_list_timer_desc                   0x0801d6e8   Data          21  cmd.o(.constdata)
    __fsym_list_device_name                  0x0801d6fd   Data          12  cmd.o(.constdata)
    __fsym_list_device_desc                  0x0801d709   Data          22  cmd.o(.constdata)
    __fsym_list_name                         0x0801d71f   Data           5  cmd.o(.constdata)
    __fsym_list_desc                         0x0801d724   Data          26  cmd.o(.constdata)
    __vsym_dummy_name                        0x0801d73e   Data           6  cmd.o(.constdata)
    __vsym_dummy_desc                        0x0801d744   Data          25  cmd.o(.constdata)
    op_table                                 0x0801d830   Data         196  finsh_ops.o(.constdata)
    memp_sizes                               0x0801d9e0   Data          28  memp.o(.constdata)
    tcp_backoff                              0x0801d9fc   Data          13  tcp.o(.constdata)
    tcp_persist_backoff                      0x0801da09   Data           7  tcp.o(.constdata)
    ip_addr_any                              0x0801da10   Data           4  ip_addr.o(.constdata)
    ip_addr_broadcast                        0x0801da14   Data           4  ip_addr.o(.constdata)
    ethbroadcast                             0x0801da18   Data           6  etharp.o(.constdata)
    ethzero                                  0x0801da1e   Data           6  etharp.o(.constdata)
    __fsym_set_if_name                       0x0801da24   Data           7  ethernetif.o(.constdata)
    __fsym_set_if_desc                       0x0801da2b   Data          30  ethernetif.o(.constdata)
    __fsym_set_dns_name                      0x0801da49   Data           8  ethernetif.o(.constdata)
    __fsym_set_dns_desc                      0x0801da51   Data          23  ethernetif.o(.constdata)
    __fsym_list_if_name                      0x0801da68   Data           8  ethernetif.o(.constdata)
    __fsym_list_if_desc                      0x0801da70   Data          35  ethernetif.o(.constdata)
    __fsym_list_tcps_name                    0x0801da93   Data          10  ethernetif.o(.constdata)
    __fsym_list_tcps_desc                    0x0801da9d   Data          20  ethernetif.o(.constdata)
    __fsym_ad_start_name                     0x0801daf2   Data           9  ad7606.o(.constdata)
    __fsym_ad_start_desc                     0x0801dafb   Data          21  ad7606.o(.constdata)
    FSymTab$$Base                            0x0801de8c   Number         0  application.o(FSymTab)
    __fsym_reset                             0x0801de8c   Data          12  application.o(FSymTab)
    __fsym_list_mem                          0x0801de98   Data          12  mem.o(FSymTab)
    __fsym_mkfs                              0x0801dea4   Data          12  dfs_fs.o(FSymTab)
    __fsym_df                                0x0801deb0   Data          12  dfs_fs.o(FSymTab)
    __fsym_ls                                0x0801debc   Data          12  dfs_file.o(FSymTab)
    __fsym_rm                                0x0801dec8   Data          12  dfs_file.o(FSymTab)
    __fsym_cat                               0x0801ded4   Data          12  dfs_file.o(FSymTab)
    __fsym_copy                              0x0801dee0   Data          12  dfs_file.o(FSymTab)
    __fsym_mkdir                             0x0801deec   Data          12  dfs_posix.o(FSymTab)
    __fsym_version                           0x0801def8   Data          12  cmd.o(FSymTab)
    __fsym_list_thread                       0x0801df04   Data          12  cmd.o(FSymTab)
    __fsym_list_sem                          0x0801df10   Data          12  cmd.o(FSymTab)
    __fsym_list_event                        0x0801df1c   Data          12  cmd.o(FSymTab)
    __fsym_list_mutex                        0x0801df28   Data          12  cmd.o(FSymTab)
    __fsym_list_mailbox                      0x0801df34   Data          12  cmd.o(FSymTab)
    __fsym_list_msgqueue                     0x0801df40   Data          12  cmd.o(FSymTab)
    __fsym_list_mempool                      0x0801df4c   Data          12  cmd.o(FSymTab)
    __fsym_list_timer                        0x0801df58   Data          12  cmd.o(FSymTab)
    __fsym_list_device                       0x0801df64   Data          12  cmd.o(FSymTab)
    __fsym_list                              0x0801df70   Data          12  cmd.o(FSymTab)
    __fsym_set_if                            0x0801df7c   Data          12  ethernetif.o(FSymTab)
    __fsym_set_dns                           0x0801df88   Data          12  ethernetif.o(FSymTab)
    __fsym_list_if                           0x0801df94   Data          12  ethernetif.o(FSymTab)
    __fsym_list_tcps                         0x0801dfa0   Data          12  ethernetif.o(FSymTab)
    __fsym_ad_start                          0x0801dfac   Data          12  ad7606.o(FSymTab)
    FSymTab$$Limit                           0x0801dfb8   Number         0  ad7606.o(FSymTab)
    Region$$Table$$Base                      0x0801dfb8   Number         0  anon$$obj.o(Region$$Table)
    Region$$Table$$Limit                     0x0801dfd8   Number         0  anon$$obj.o(Region$$Table)
    VSymTab$$Base                            0x0801dfd8   Number         0  cmd.o(VSymTab)
    __vsym_dummy                             0x0801dfd8   Data          16  cmd.o(VSymTab)
    VSymTab$$Limit                           0x0801dfe8   Number         0  cmd.o(VSymTab)
    __ctype                                  0x0801dff5   Data           0  lc_ctype_c.o(locale$$data)
    uart2                                    0x20000000   Data          12  usart.o(.data)
    DMATxDescToSet                           0x2000000c   Data           4  stm32_eth.o(.data)
    DMARxDescToGet                           0x20000010   Data           4  stm32_eth.o(.data)
    DMAPTPTxDescToSet                        0x20000014   Data           4  stm32_eth.o(.data)
    DMAPTPRxDescToGet                        0x20000018   Data           4  stm32_eth.o(.data)
    __stdout                                 0x2000001c   Data           4  putchar.o(.data)
    __stdin                                  0x20000020   Data           4  putchar.o(.data)
    rt_interrupt_nest                        0x2000002c   Data           1  irq.o(.data)
    rt_object_container                      0x20000060   Data         144  object.o(.data)
    rt_object_trytake_hook                   0x200000f8   Data           4  object.o(.data)
    rt_object_take_hook                      0x200000fc   Data           4  object.o(.data)
    rt_object_put_hook                       0x20000100   Data           4  object.o(.data)
    rt_current_thread                        0x20000108   Data           4  scheduler.o(.data)
    rt_current_priority                      0x2000010c   Data           1  scheduler.o(.data)
    rt_thread_ready_priority_group           0x20000110   Data           4  scheduler.o(.data)
    rt_thread_defunct                        0x20000114   Data           8  scheduler.o(.data)
    rt_interrupt_from_thread                 0x2000012c   Data           4  cpuport.o(.data)
    rt_interrupt_to_thread                   0x20000130   Data           4  cpuport.o(.data)
    rt_thread_switch_interrupt_flag          0x20000134   Data           4  cpuport.o(.data)
    finsh_compile_sp                         0x2000013c   Data           4  finsh_compiler.o(.data)
    finsh_compile_pc                         0x20000140   Data           4  finsh_compiler.o(.data)
    global_errno                             0x20000180   Data           1  finsh_error.o(.data)
    global_sysvar_list                       0x2000018c   Data           4  finsh_var.o(.data)
    global_syscall_list                      0x20000190   Data           4  finsh_vm.o(.data)
    finsh_sp                                 0x20000194   Data           4  finsh_vm.o(.data)
    finsh_pc                                 0x20000198   Data           4  finsh_vm.o(.data)
    shell                                    0x2000019c   Data           4  shell.o(.data)
    _syscall_table_begin                     0x200001a0   Data           4  symbol.o(.data)
    _syscall_table_end                       0x200001a4   Data           4  symbol.o(.data)
    _sysvar_table_begin                      0x200001a8   Data           4  symbol.o(.data)
    _sysvar_table_end                        0x200001ac   Data           4  symbol.o(.data)
    netif_list                               0x20000220   Data           4  netif.o(.data)
    netif_default                            0x20000224   Data           4  netif.o(.data)
    tcp_state_str                            0x20000230   Data          44  tcp.o(.data)
    tcp_ticks                                0x20000264   Data           4  tcp.o(.data)
    tcp_bound_pcbs                           0x20000268   Data           4  tcp.o(.data)
    tcp_listen_pcbs                          0x2000026c   Data           4  tcp.o(.data)
    tcp_active_pcbs                          0x20000270   Data           4  tcp.o(.data)
    tcp_tw_pcbs                              0x20000274   Data           4  tcp.o(.data)
    tcp_tmp_pcb                              0x20000278   Data           4  tcp.o(.data)
    tcp_input_pcb                            0x2000029c   Data           4  tcp_in.o(.data)
    udp_pcbs                                 0x200002a0   Data           4  udp.o(.data)
    current_netif                            0x200002a8   Data           4  ip.o(.data)
    current_header                           0x200002ac   Data           4  ip.o(.data)
    SystemCoreClock                          0x200002b8   Data           4  system_stm32f10x.o(.data)
    AHBPrescTable                            0x200002bc   Data          16  system_stm32f10x.o(.data)
    uart2_int_rx                             0x200002e0   Data         136  usart.o(.bss)
    uart2_device                             0x20000368   Data          64  usart.o(.bss)
    rt_thread_priority_table                 0x20002b20   Data         256  scheduler.o(.bss)
    filesystem_operation_table               0x20002c20   Data          16  dfs.o(.bss)
    filesystem_table                         0x20002c30   Data          32  dfs.o(.bss)
    fd_table                                 0x20002c74   Data         128  dfs.o(.bss)
    finsh_heap                               0x20002e18   Data         128  finsh_heap.o(.bss)
    global_node_table                        0x20002e98   Data         320  finsh_node.o(.bss)
    global_variable                          0x20002fd8   Data         192  finsh_var.o(.bss)
    finsh_vm_stack                           0x20003098   Data         256  finsh_vm.o(.bss)
    text_segment                             0x20003198   Data         128  finsh_vm.o(.bss)
    __libspace_start                         0x20004e14   Data          96  libspace.o(.bss)
    __temporary_stack_top$libspace           0x20004e74   Data           0  libspace.o(.bss)
    Image$$RW_IRAM1$$ZI$$Limit               0x20005478   Number         0  startup_stm32f10x_cl.o(STACK)



==============================================================================

Memory Map of the image

  Image Entry point : 0x08000151

  Load Region LR_IROM1 (Base: 0x08000000, Size: 0x0001e3f4, Max: 0x00040000, ABSOLUTE, COMPRESSED[0x0001e20c])

    Execution Region ER_IROM1 (Base: 0x08000000, Size: 0x0001e114, Max: 0x00040000, ABSOLUTE)

    Base Addr    Size         Type   Attr      Idx    E Section Name        Object

    0x08000000   0x00000150   Data   RO         2421    RESET               startup_stm32f10x_cl.o
    0x08000150   0x00000008   Code   RO         2613  * !!!main             c_w.l(__main.o)
    0x08000158   0x00000034   Code   RO         2851    !!!scatter          c_w.l(__scatter.o)
    0x0800018c   0x0000005a   Code   RO         2849    !!dczerorl2         c_w.l(__dczerorl2.o)
    0x080001e6   0x00000002   PAD
    0x080001e8   0x0000001c   Code   RO         2853    !!handler_zi        c_w.l(__scatter_zi.o)
    0x08000204   0x00000000   Code   RO         2592    .ARM.Collect$$_printf_percent$$00000000  c_w.l(_printf_percent.o)
    0x08000204   0x00000006   Code   RO         2591    .ARM.Collect$$_printf_percent$$00000003  c_w.l(_printf_f.o)
    0x0800020a   0x00000006   Code   RO         2590    .ARM.Collect$$_printf_percent$$00000009  c_w.l(_printf_d.o)
    0x08000210   0x00000006   Code   RO         2589    .ARM.Collect$$_printf_percent$$0000000C  c_w.l(_printf_x.o)
    0x08000216   0x00000004   Code   RO         2646    .ARM.Collect$$_printf_percent$$00000017  c_w.l(_printf_percent_end.o)
    0x0800021a   0x00000006   Code   RO         2771    .ARM.Collect$$libinit$$00000000  c_w.l(libinit.o)
    0x08000220   0x00000000   Code   RO         2713    .ARM.Collect$$libinit$$00000006  c_w.l(libinit2.o)
    0x08000220   0x00000000   Code   RO         2715    .ARM.Collect$$libinit$$00000008  c_w.l(libinit2.o)
    0x08000220   0x00000000   Code   RO         2717    .ARM.Collect$$libinit$$0000000A  c_w.l(libinit2.o)
    0x08000220   0x00000006   Code   RO         2718    .ARM.Collect$$libinit$$0000000B  c_w.l(libinit2.o)
    0x08000226   0x00000000   Code   RO         2720    .ARM.Collect$$libinit$$0000000D  c_w.l(libinit2.o)
    0x08000226   0x0000000c   Code   RO         2721    .ARM.Collect$$libinit$$0000000E  c_w.l(libinit2.o)
    0x08000232   0x00000000   Code   RO         2722    .ARM.Collect$$libinit$$0000000F  c_w.l(libinit2.o)
    0x08000232   0x00000000   Code   RO         2724    .ARM.Collect$$libinit$$00000011  c_w.l(libinit2.o)
    0x08000232   0x0000000a   Code   RO         2725    .ARM.Collect$$libinit$$00000012  c_w.l(libinit2.o)
    0x0800023c   0x00000000   Code   RO         2726    .ARM.Collect$$libinit$$00000013  c_w.l(libinit2.o)
    0x0800023c   0x00000000   Code   RO         2728    .ARM.Collect$$libinit$$00000015  c_w.l(libinit2.o)
    0x0800023c   0x00000000   Code   RO         2730    .ARM.Collect$$libinit$$00000017  c_w.l(libinit2.o)
    0x0800023c   0x00000000   Code   RO         2732    .ARM.Collect$$libinit$$00000019  c_w.l(libinit2.o)
    0x0800023c   0x00000000   Code   RO         2734    .ARM.Collect$$libinit$$0000001B  c_w.l(libinit2.o)
    0x0800023c   0x00000000   Code   RO         2736    .ARM.Collect$$libinit$$0000001D  c_w.l(libinit2.o)
    0x0800023c   0x00000000   Code   RO         2738    .ARM.Collect$$libinit$$0000001F  c_w.l(libinit2.o)
    0x0800023c   0x00000000   Code   RO         2740    .ARM.Collect$$libinit$$00000021  c_w.l(libinit2.o)
    0x0800023c   0x00000000   Code   RO         2744    .ARM.Collect$$libinit$$00000028  c_w.l(libinit2.o)
    0x0800023c   0x00000000   Code   RO         2746    .ARM.Collect$$libinit$$0000002A  c_w.l(libinit2.o)
    0x0800023c   0x00000000   Code   RO         2748    .ARM.Collect$$libinit$$0000002C  c_w.l(libinit2.o)
    0x0800023c   0x00000000   Code   RO         2750    .ARM.Collect$$libinit$$0000002E  c_w.l(libinit2.o)
    0x0800023c   0x00000002   Code   RO         2751    .ARM.Collect$$libinit$$0000002F  c_w.l(libinit2.o)
    0x0800023e   0x00000002   Code   RO         2809    .ARM.Collect$$libshutdown$$00000000  c_w.l(libshutdown.o)
    0x08000240   0x00000000   Code   RO         2816    .ARM.Collect$$libshutdown$$00000003  c_w.l(libshutdown2.o)
    0x08000240   0x00000000   Code   RO         2819    .ARM.Collect$$libshutdown$$00000006  c_w.l(libshutdown2.o)
    0x08000240   0x00000000   Code   RO         2822    .ARM.Collect$$libshutdown$$00000009  c_w.l(libshutdown2.o)
    0x08000240   0x00000000   Code   RO         2824    .ARM.Collect$$libshutdown$$0000000B  c_w.l(libshutdown2.o)
    0x08000240   0x00000000   Code   RO         2827    .ARM.Collect$$libshutdown$$0000000E  c_w.l(libshutdown2.o)
    0x08000240   0x00000002   Code   RO         2828    .ARM.Collect$$libshutdown$$0000000F  c_w.l(libshutdown2.o)
    0x08000242   0x00000000   Code   RO         2629    .ARM.Collect$$rtentry$$00000000  c_w.l(rtentry.o)
    0x08000242   0x00000000   Code   RO         2661    .ARM.Collect$$rtentry$$00000002  c_w.l(rtentry2.o)
    0x08000242   0x00000006   Code   RO         2673    .ARM.Collect$$rtentry$$00000004  c_w.l(rtentry4.o)
    0x08000248   0x00000000   Code   RO         2663    .ARM.Collect$$rtentry$$00000009  c_w.l(rtentry2.o)
    0x08000248   0x00000004   Code   RO         2664    .ARM.Collect$$rtentry$$0000000A  c_w.l(rtentry2.o)
    0x0800024c   0x00000000   Code   RO         2666    .ARM.Collect$$rtentry$$0000000C  c_w.l(rtentry2.o)
    0x0800024c   0x00000008   Code   RO         2667    .ARM.Collect$$rtentry$$0000000D  c_w.l(rtentry2.o)
    0x08000254   0x00000002   Code   RO         2772    .ARM.Collect$$rtexit$$00000000  c_w.l(rtexit.o)
    0x08000256   0x00000000   Code   RO         2783    .ARM.Collect$$rtexit$$00000002  c_w.l(rtexit2.o)
    0x08000256   0x00000004   Code   RO         2784    .ARM.Collect$$rtexit$$00000003  c_w.l(rtexit2.o)
    0x0800025a   0x00000006   Code   RO         2785    .ARM.Collect$$rtexit$$00000004  c_w.l(rtexit2.o)
    0x08000260   0x00000088   Code   RO            1    .text               application.o
    0x080002e8   0x000000d4   Code   RO          187    .text               startup.o
    0x080003bc   0x000000a8   Code   RO          292    .text               board.o
    0x08000464   0x00000034   Code   RO          311    .text               stm32f10x_it.o
    0x08000498   0x00000108   Code   RO          330    .text               usart.o
    0x080005a0   0x00000640   Code   RO          352    .text               serial.o
    0x08000be0   0x00002438   Code   RO          368    .text               stm32_eth.o
    0x08003018   0x00000048   Code   RO          465    .text               putchar.o
    0x08003060   0x00000068   Code   RO          487    .text               clock.o
    0x080030c8   0x000003a0   Code   RO          501    .text               device.o
    0x08003468   0x00000164   Code   RO          518    .text               idle.o
    0x080035cc   0x000017aa   Code   RO          538    .text               ipc.o
    0x08004d76   0x00000002   PAD
    0x08004d78   0x00000048   Code   RO          555    .text               irq.o
    0x08004dc0   0x000008f8   Code   RO          570    .text               kservice.o
    0x080056b8   0x0000097c   Code   RO          587    .text               mem.o
    0x08006034   0x00000428   Code   RO          615    .text               mempool.o
    0x0800645c   0x00000330   Code   RO          642    .text               object.o
    0x0800678c   0x000003c8   Code   RO          675    .text               scheduler.o
    0x08006b54   0x00000688   Code   RO          702    .text               thread.o
    0x080071dc   0x00000428   Code   RO          719    .text               timer.o
    0x08007604   0x000000c4   Code   RO          772    .text               context_rvds.o
    0x080076c8   0x000001b4   Code   RO          777    .text               cpuport.o
    0x0800787c   0x000003c4   Code   RO          794    .text               dfs.o
    0x08007c40   0x0000057c   Code   RO          827    .text               dfs_fs.o
    0x080081bc   0x00000680   Code   RO          849    .text               dfs_file.o
    0x0800883c   0x0000054c   Code   RO          869    .text               dfs_posix.o
    0x08008d88   0x00000a18   Code   RO          931    .text               cmd.o
    0x080097a0   0x000017f8   Code   RO          951    .text               finsh_compiler.o
    0x0800af98   0x0000002c   Code   RO          988    .text               finsh_error.o
    0x0800afc4   0x00000210   Code   RO         1004    .text               finsh_heap.o
    0x0800b1d4   0x00000058   Code   RO         1020    .text               finsh_init.o
    0x0800b22c   0x00000184   Code   RO         1038    .text               finsh_node.o
    0x0800b3b0   0x00000ad8   Code   RO         1053    .text               finsh_ops.o
    0x0800be88   0x00000972   Code   RO         1071    .text               finsh_parser.o
    0x0800c7fa   0x00000002   PAD
    0x0800c7fc   0x00000628   Code   RO         1086    .text               finsh_token.o
    0x0800ce24   0x00000198   Code   RO         1101    .text               finsh_var.o
    0x0800cfbc   0x000000e4   Code   RO         1124    .text               finsh_vm.o
    0x0800d0a0   0x0000079c   Code   RO         1151    .text               shell.o
    0x0800d83c   0x00000440   Code   RO         1185    .text               api_lib.o
    0x0800dc7c   0x00000b88   Code   RO         1268    .text               api_msg.o
    0x0800e804   0x00000192   Code   RO         1330    .text               netbuf.o
    0x0800e996   0x00000002   PAD
    0x0800e998   0x000000f8   Code   RO         1383    .text               netifapi.o
    0x0800ea90   0x000014cc   Code   RO         1414    .text               sockets.o
    0x0800ff5c   0x000003d0   Code   RO         1454    .text               tcpip.o
    0x0801032c   0x00000308   Code   RO         1511    .text               sys_arch.o
    0x08010634   0x0000015c   Code   RO         1559    .text               sys_arch_init.o
    0x08010790   0x00000608   Code   RO         1624    .text               dns.o
    0x08010d98   0x00000018   Code   RO         1642    .text               init.o
    0x08010db0   0x00000088   Code   RO         1694    .text               memp.o
    0x08010e38   0x000002d0   Code   RO         1735    .text               netif.o
    0x08011108   0x0000067e   Code   RO         1760    .text               pbuf.o
    0x08011786   0x00000002   PAD
    0x08011788   0x000001b4   Code   RO         1786    .text               raw.o
    0x0801193c   0x00000268   Code   RO         1806    .text               sys.o
    0x08011ba4   0x00000cdc   Code   RO         1827    .text               tcp.o
    0x08012880   0x0000177c   Code   RO         1848    .text               tcp_in.o
    0x08013ffc   0x00000b38   Code   RO         1871    .text               tcp_out.o
    0x08014b34   0x00000438   Code   RO         1883    .text               udp.o
    0x08014f6c   0x00000274   Code   RO         1907    .text               icmp.o
    0x080151e0   0x0000021c   Code   RO         1925    .text               inet.o
    0x080153fc   0x0000015e   Code   RO         1938    .text               inet_chksum.o
    0x0801555a   0x00000002   PAD
    0x0801555c   0x0000036c   Code   RO         1950    .text               ip.o
    0x080158c8   0x0000004e   Code   RO         1971    .text               ip_addr.o
    0x08015916   0x00000002   PAD
    0x08015918   0x0000060c   Code   RO         1993    .text               ip_frag.o
    0x08015f24   0x000009c0   Code   RO         2011    .text               etharp.o
    0x080168e4   0x0000086c   Code   RO         2031    .text               ethernetif.o
    0x08017150   0x0000026c   Code   RO         2117    .text               system_stm32f10x.o
    0x080173bc   0x00000b10   Code   RO         2147    .text               stm32f10x_rcc.o
    0x08017ecc   0x000002e4   Code   RO         2185    .text               stm32f10x_exti.o
    0x080181b0   0x000009e0   Code   RO         2293    .text               stm32f10x_spi.o
    0x08018b90   0x00000a70   Code   RO         2332    .text               stm32f10x_gpio.o
    0x08019600   0x00000dc0   Code   RO         2344    .text               stm32f10x_usart.o
    0x0801a3c0   0x0000090c   Code   RO         2368    .text               stm32f10x_dma.o
    0x0801accc   0x000001e8   Code   RO         2407    .text               misc.o
    0x0801aeb4   0x00000040   Code   RO         2422    .text               startup_stm32f10x_cl.o
    0x0801aef4   0x000002dc   Code   RO         2426    .text               ad7606.o
    0x0801b1d0   0x00000002   Code   RO         2534    .text               c_w.l(use_no_semi.o)
    0x0801b1d2   0x00000002   PAD
    0x0801b1d4   0x00000010   Code   RO         2536    .text               c_w.l(rt_ctype_table.o)
    0x0801b1e4   0x00000018   Code   RO         2540    .text               c_w.l(noretval__2printf.o)
    0x0801b1fc   0x00000052   Code   RO         2544    .text               c_w.l(_printf_pad.o)
    0x0801b24e   0x00000002   PAD
    0x0801b250   0x00000078   Code   RO         2546    .text               c_w.l(_printf_dec.o)
    0x0801b2c8   0x0000005c   Code   RO         2551    .text               c_w.l(_printf_hex_int.o)
    0x0801b324   0x0000013c   Code   RO         2581    .text               c_w.l(__printf_flags_wp.o)
    0x0801b460   0x0000001a   Code   RO         2593    .text               c_w.l(atoi.o)
    0x0801b47a   0x00000048   Code   RO         2595    .text               c_w.l(strcpy.o)
    0x0801b4c2   0x0000003e   Code   RO         2597    .text               c_w.l(strlen.o)
    0x0801b500   0x00000096   Code   RO         2599    .text               c_w.l(strncmp.o)
    0x0801b596   0x0000008a   Code   RO         2601    .text               c_w.l(rt_memcpy_v6.o)
    0x0801b620   0x00000064   Code   RO         2603    .text               c_w.l(rt_memcpy_w.o)
    0x0801b684   0x00000044   Code   RO         2605    .text               c_w.l(rt_memclr.o)
    0x0801b6c8   0x0000004e   Code   RO         2607    .text               c_w.l(rt_memclr_w.o)
    0x0801b716   0x00000056   Code   RO         2609    .text               c_w.l(strncpy.o)
    0x0801b76c   0x00000006   Code   RO         2611    .text               c_w.l(heapauxi.o)
    0x0801b772   0x00000002   PAD
    0x0801b774   0x00000008   Code   RO         2633    .text               c_w.l(rt_locale_intlibspace.o)
    0x0801b77c   0x00000008   Code   RO         2638    .text               c_w.l(rt_errno_addr_intlibspace.o)
    0x0801b784   0x000000b8   Code   RO         2640    .text               c_w.l(_printf_intcommon.o)
    0x0801b83c   0x00000420   Code   RO         2642    .text               c_w.l(_printf_fp_dec.o)
    0x0801bc5c   0x00000024   Code   RO         2644    .text               c_w.l(_printf_char_file.o)
    0x0801bc80   0x00000070   Code   RO         2647    .text               c_w.l(strtol.o)
    0x0801bcf0   0x00000008   Code   RO         2657    .text               c_w.l(libspace.o)
    0x0801bcf8   0x0000008a   Code   RO         2675    .text               c_w.l(lludiv10.o)
    0x0801bd82   0x00000002   PAD
    0x0801bd84   0x00000030   Code   RO         2677    .text               c_w.l(_printf_char_common.o)
    0x0801bdb4   0x00000080   Code   RO         2679    .text               c_w.l(_printf_fp_infnan.o)
    0x0801be34   0x0000009e   Code   RO         2681    .text               c_w.l(_strtoul.o)
    0x0801bed2   0x00000002   PAD
    0x0801bed4   0x000000e4   Code   RO         2683    .text               c_w.l(bigflt0.o)
    0x0801bfb8   0x0000004a   Code   RO         2756    .text               c_w.l(sys_stackheap_outer.o)
    0x0801c002   0x0000001c   Code   RO         2760    .text               c_w.l(_chval.o)
    0x0801c01e   0x0000000c   Code   RO         2762    .text               c_w.l(exit.o)
    0x0801c02a   0x00000002   PAD
    0x0801c02c   0x00000008   Code   RO         2792    .text               c_w.l(rt_fp_status_addr_intlibspace.o)
    0x0801c034   0x0000003e   Code   RO         2686    CL$$btod_d2e        c_w.l(btod.o)
    0x0801c072   0x00000046   Code   RO         2688    CL$$btod_d2e_denorm_low  c_w.l(btod.o)
    0x0801c0b8   0x00000060   Code   RO         2687    CL$$btod_d2e_norm_op1  c_w.l(btod.o)
    0x0801c118   0x00000338   Code   RO         2696    CL$$btod_div_common  c_w.l(btod.o)
    0x0801c450   0x000000c6   Code   RO         2693    CL$$btod_e2e        c_w.l(btod.o)
    0x0801c516   0x00000028   Code   RO         2690    CL$$btod_ediv       c_w.l(btod.o)
    0x0801c53e   0x00000028   Code   RO         2689    CL$$btod_emul       c_w.l(btod.o)
    0x0801c566   0x00000244   Code   RO         2695    CL$$btod_mult_common  c_w.l(btod.o)
    0x0801c7aa   0x00000028   Code   RO         2754    i.__ARM_fpclassify  m_ws.l(fpclassify.o)
    0x0801c7d2   0x0000000e   Code   RO         2579    i._is_digit         c_w.l(__printf_wp.o)
    0x0801c7e0   0x0000002c   Code   RO         2650    locale$$code        c_w.l(lc_ctype_c.o)
    0x0801c80c   0x0000002c   Code   RO         2709    locale$$code        c_w.l(lc_numeric_c.o)
    0x0801c838   0x000002b0   Code   RO         2616    x$fpl$ddiv          fz_ws.l(ddiv.o)
    0x0801cae8   0x0000002e   Code   RO         2620    x$fpl$dflt          fz_ws.l(dflt_clz.o)
    0x0801cb16   0x00000002   PAD
    0x0801cb18   0x00000154   Code   RO         2625    x$fpl$dmul          fz_ws.l(dmul.o)
    0x0801cc6c   0x0000009c   Code   RO         2652    x$fpl$dnaninf       fz_ws.l(dnaninf.o)
    0x0801cd08   0x0000000c   Code   RO         2654    x$fpl$dretinf       fz_ws.l(dretinf.o)
    0x0801cd14   0x0000000e   Code   RO         2778    x$fpl$fpinit        fz_ws.l(fpinit.o)
    0x0801cd22   0x00000004   Code   RO         2627    x$fpl$printf1       fz_ws.l(printf1.o)
    0x0801cd26   0x00000000   Code   RO         2656    x$fpl$usenofp       fz_ws.l(usenofp.o)
    0x0801cd26   0x00000014   Data   RO            2    .constdata          application.o
    0x0801cd3a   0x00000085   Data   RO          353    .constdata          serial.o
    0x0801cdbf   0x000000a8   Data   RO          502    .constdata          device.o
    0x0801ce67   0x00000016   Data   RO          520    .constdata          idle.o
    0x0801ce7d   0x000001c6   Data   RO          539    .constdata          ipc.o
    0x0801d043   0x00000022   Data   RO          572    .constdata          kservice.o
    0x0801d065   0x00000003   PAD
    0x0801d068   0x00000160   Data   RO          589    .constdata          mem.o
    0x0801d1c8   0x0000003e   Data   RO          616    .constdata          mempool.o
    0x0801d206   0x0000005e   Data   RO          643    .constdata          object.o
    0x0801d264   0x0000014e   Data   RO          677    .constdata          scheduler.o
    0x0801d3b2   0x000000aa   Data   RO          703    .constdata          thread.o
    0x0801d45c   0x0000005c   Data   RO          720    .constdata          timer.o
    0x0801d4b8   0x00000013   Data   RO          778    .constdata          cpuport.o
    0x0801d4cb   0x00000023   Data   RO          796    .constdata          dfs.o
    0x0801d4ee   0x00000046   Data   RO          828    .constdata          dfs_fs.o
    0x0801d534   0x00000073   Data   RO          851    .constdata          dfs_file.o
    0x0801d5a7   0x00000019   Data   RO          870    .constdata          dfs_posix.o
    0x0801d5c0   0x0000026f   Data   RO          932    .constdata          cmd.o
    0x0801d82f   0x00000001   PAD
    0x0801d830   0x000000c4   Data   RO         1054    .constdata          finsh_ops.o
    0x0801d8f4   0x00000040   Data   RO         1087    .constdata          finsh_token.o
    0x0801d934   0x0000004d   Data   RO         1153    .constdata          shell.o
    0x0801d981   0x00000003   PAD
    0x0801d984   0x0000003c   Data   RO         1416    .constdata          sockets.o
    0x0801d9c0   0x0000001f   Data   RO         1512    .constdata          sys_arch.o
    0x0801d9df   0x00000001   PAD
    0x0801d9e0   0x0000001c   Data   RO         1695    .constdata          memp.o
    0x0801d9fc   0x00000014   Data   RO         1828    .constdata          tcp.o
    0x0801da10   0x00000008   Data   RO         1972    .constdata          ip_addr.o
    0x0801da18   0x0000000c   Data   RO         2013    .constdata          etharp.o
    0x0801da24   0x000000ce   Data   RO         2033    .constdata          ethernetif.o
    0x0801daf2   0x0000001e   Data   RO         2427    .constdata          ad7606.o
    0x0801db10   0x00000028   Data   RO         2552    .constdata          c_w.l(_printf_hex_int.o)
    0x0801db38   0x00000011   Data   RO         2582    .constdata          c_w.l(__printf_flags_wp.o)
    0x0801db49   0x00000003   PAD
    0x0801db4c   0x00000094   Data   RO         2684    .constdata          c_w.l(bigflt0.o)
    0x0801dbe0   0x000000b3   Data   RO          933    .conststring        cmd.o
    0x0801dc93   0x000000d8   Data   RO          989    .conststring        finsh_error.o
    0x0801dd6b   0x0000002c   Data   RO         1088    .conststring        finsh_token.o
    0x0801dd97   0x00000093   Data   RO         1696    .conststring        memp.o
    0x0801de2a   0x00000061   Data   RO         1829    .conststring        tcp.o
    0x0801de8b   0x00000001   PAD
    0x0801de8c   0x0000000c   Data   RO            3    FSymTab             application.o
    0x0801de98   0x0000000c   Data   RO          591    FSymTab             mem.o
    0x0801dea4   0x00000018   Data   RO          829    FSymTab             dfs_fs.o
    0x0801debc   0x00000030   Data   RO          852    FSymTab             dfs_file.o
    0x0801deec   0x0000000c   Data   RO          871    FSymTab             dfs_posix.o
    0x0801def8   0x00000084   Data   RO          935    FSymTab             cmd.o
    0x0801df7c   0x00000030   Data   RO         2034    FSymTab             ethernetif.o
    0x0801dfac   0x0000000c   Data   RO         2428    FSymTab             ad7606.o
    0x0801dfb8   0x00000020   Data   RO         2847    Region$$Table       anon$$obj.o
    0x0801dfd8   0x00000010   Data   RO          936    VSymTab             cmd.o
    0x0801dfe8   0x00000110   Data   RO         2649    locale$$data        c_w.l(lc_ctype_c.o)
    0x0801e0f8   0x0000001c   Data   RO         2708    locale$$data        c_w.l(lc_numeric_c.o)


    Execution Region RW_IRAM1 (Base: 0x20000000, Size: 0x00005478, Max: 0x00010000, ABSOLUTE, COMPRESSED[0x000000f8])

    Base Addr    Size         Type   Attr      Idx    E Section Name        Object

    0x20000000   0x0000000c   Data   RW          332    .data               usart.o
    0x2000000c   0x00000010   Data   RW          370    .data               stm32_eth.o
    0x2000001c   0x00000008   Data   RW          466    .data               putchar.o
    0x20000024   0x00000004   Data   RW          488    .data               clock.o
    0x20000028   0x00000004   Data   RW          521    .data               idle.o
    0x2000002c   0x00000001   Data   RW          556    .data               irq.o
    0x2000002d   0x00000003   PAD
    0x20000030   0x00000008   Data   RW          573    .data               kservice.o
    0x20000038   0x00000020   Data   RW          590    .data               mem.o
    0x20000058   0x00000008   Data   RW          617    .data               mempool.o
    0x20000060   0x000000a4   Data   RW          644    .data               object.o
    0x20000104   0x0000001c   Data   RW          678    .data               scheduler.o
    0x20000120   0x0000000c   Data   RW          721    .data               timer.o
    0x2000012c   0x0000000c   Data   RW          779    .data               cpuport.o
    0x20000138   0x00000004   Data   RW          934    .data               cmd.o
    0x2000013c   0x00000008   Data   RW          952    .data               finsh_compiler.o
    0x20000144   0x0000003d   Data   RW          990    .data               finsh_error.o
    0x20000181   0x00000003   PAD
    0x20000184   0x00000008   Data   RW         1006    .data               finsh_heap.o
    0x2000018c   0x00000004   Data   RW         1103    .data               finsh_var.o
    0x20000190   0x0000000c   Data   RW         1126    .data               finsh_vm.o
    0x2000019c   0x00000004   Data   RW         1154    .data               shell.o
    0x200001a0   0x00000010   Data   RW         1172    .data               symbol.o
    0x200001b0   0x0000000c   Data   RW         1417    .data               sockets.o
    0x200001bc   0x00000010   Data   RW         1455    .data               tcpip.o
    0x200001cc   0x00000004   Data   RW         1513    .data               sys_arch.o
    0x200001d0   0x0000000d   Data   RW         1626    .data               dns.o
    0x200001dd   0x00000003   PAD
    0x200001e0   0x0000003a   Data   RW         1697    .data               memp.o
    0x2000021a   0x00000002   PAD
    0x2000021c   0x0000000c   Data   RW         1736    .data               netif.o
    0x20000228   0x00000001   Data   RW         1761    .data               pbuf.o
    0x20000229   0x00000003   PAD
    0x2000022c   0x00000004   Data   RW         1787    .data               raw.o
    0x20000230   0x0000004d   Data   RW         1830    .data               tcp.o
    0x2000027d   0x00000003   PAD
    0x20000280   0x00000020   Data   RW         1850    .data               tcp_in.o
    0x200002a0   0x00000004   Data   RW         1884    .data               udp.o
    0x200002a4   0x0000000c   Data   RW         1951    .data               ip.o
    0x200002b0   0x00000006   Data   RW         1995    .data               ip_frag.o
    0x200002b6   0x00000001   Data   RW         2014    .data               etharp.o
    0x200002b7   0x00000001   PAD
    0x200002b8   0x00000014   Data   RW         2118    .data               system_stm32f10x.o
    0x200002cc   0x00000014   Data   RW         2148    .data               stm32f10x_rcc.o
    0x200002e0   0x000000c8   Zero   RW          331    .bss                usart.o
    0x200003a8   0x00002558   Zero   RW          369    .bss                stm32_eth.o
    0x20002900   0x00000180   Zero   RW          519    .bss                idle.o
    0x20002a80   0x00000080   Zero   RW          571    .bss                kservice.o
    0x20002b00   0x00000020   Zero   RW          588    .bss                mem.o
    0x20002b20   0x00000100   Zero   RW          676    .bss                scheduler.o
    0x20002c20   0x000000d4   Zero   RW          795    .bss                dfs.o
    0x20002cf4   0x00000124   Zero   RW          850    .bss                dfs_file.o
    0x20002e18   0x00000080   Zero   RW         1005    .bss                finsh_heap.o
    0x20002e98   0x00000140   Zero   RW         1039    .bss                finsh_node.o
    0x20002fd8   0x000000c0   Zero   RW         1102    .bss                finsh_var.o
    0x20003098   0x00000180   Zero   RW         1125    .bss                finsh_vm.o
    0x20003218   0x00000880   Zero   RW         1152    .bss                shell.o
    0x20003a98   0x000000c8   Zero   RW         1415    .bss                sockets.o
    0x20003b60   0x00000660   Zero   RW         1625    .bss                dns.o
    0x200041c0   0x00000014   Zero   RW         1849    .bss                tcp_in.o
    0x200041d4   0x00000010   Zero   RW         1926    .bss                inet.o
    0x200041e4   0x000005e8   Zero   RW         1994    .bss                ip_frag.o
    0x200047cc   0x000000c8   Zero   RW         2012    .bss                etharp.o
    0x20004894   0x00000580   Zero   RW         2032    .bss                ethernetif.o
    0x20004e14   0x00000060   Zero   RW         2658    .bss                c_w.l(libspace.o)
    0x20004e74   0x00000004   PAD
    0x20004e78   0x00000200   Zero   RW         2420    HEAP                startup_stm32f10x_cl.o
    0x20005078   0x00000400   Zero   RW         2419    STACK               startup_stm32f10x_cl.o


==============================================================================

Image component sizes


      Code (inc. data)   RO Data    RW Data    ZI Data      Debug   Object Name

       732         64         42          0          0     245592   ad7606.o
      1088         48          0          0          0      27438   api_lib.o
      2952         36          0          0          0      22037   api_msg.o
       136         40         32          0          0     252210   application.o
       168         16          0          0          0      16191   board.o
       104          6          0          4          0       1616   clock.o
      2584       1100        950          4          0       9080   cmd.o
       196         20          0          0          0        744   context_rvds.o
       436        216         19         12          0       2067   cpuport.o
       928        144        168          0          0       5665   device.o
       964        156         35          0        212       8268   dfs.o
      1664        196        163          0        292       7263   dfs_file.o
      1404        216         94          0          0       5232   dfs_fs.o
      1356         44         37          0          0       8863   dfs_posix.o
      1544         56          0         13       1632       7353   dns.o
      2496         22         12          1        200       9791   etharp.o
      2156        688        254          0       1408      18125   ethernetif.o
      6136        156          0          8          0      10478   finsh_compiler.o
        44         10        216         61          0       1541   finsh_error.o
       528         18          0          8        128       3315   finsh_heap.o
        88          6          0          0          0       1524   finsh_init.o
       388          4          0          0        320       3236   finsh_node.o
      2776         36        196          0          0       8564   finsh_ops.o
      2418         32          0          0          0       9657   finsh_parser.o
      1576         16        108          0          0       5744   finsh_token.o
       408         16          0          4        192       7053   finsh_var.o
       228         34          0         12        384       6638   finsh_vm.o
       628          0          0          0          0       2946   icmp.o
       356        106         22          4        384       2707   idle.o
       540         12          0          0         16       3208   inet.o
       350          0          0          0          0       2422   inet_chksum.o
        24          0          0          0          0      13204   init.o
       876         22          0         12          0       6178   ip.o
        78          0          8          0          0       5457   ip_addr.o
      1548         18          0          6       1512       6728   ip_frag.o
      6058        392        454          0          0      21975   ipc.o
        72          6          0          1          0       1226   irq.o
      2296        250         34          8        128      10406   kservice.o
      2428        588        364         32         32      11198   mem.o
       136         10        175         58          0       3073   memp.o
      1064        116         62          8          0       5258   mempool.o
       488         74          0          0          0       2057   misc.o
         0          0          0          0          0       4300   msd.o
       402          0          0          0          0       6849   netbuf.o
         0          0          0          0          0       4440   netdb.o
       720         22          0         12          0       6491   netif.o
       248          0          0          0          0       6408   netifapi.o
       816        184         94        164          0       5824   object.o
      1662         14          0          1          0       6868   pbuf.o
        72          4          0          8          0       3010   putchar.o
       436          4          0          4          0       3665   raw.o
       968        186        334         28        256       4684   scheduler.o
      1600        296        133          0          0       5717   serial.o
      1948        274         77          4       2176       6241   shell.o
      5324         76         60         12        200      30522   sockets.o
       212         98          0          0          0     276679   startup.o
        64         26        336          0       1536        856   startup_stm32f10x_cl.o
      9272        318          0         16       9560      76038   stm32_eth.o
      2316        160          0          0          0       5622   stm32f10x_dma.o
       740         70          0          0          0       2667   stm32f10x_exti.o
      2672        204          0          0          0       7341   stm32f10x_gpio.o
        52          4          0          0          0       1371   stm32f10x_it.o
      2832        144          0         20          0      13290   stm32f10x_rcc.o
      2528        112          0          0          0       8230   stm32f10x_spi.o
      3520        148          0          0          0      10700   stm32f10x_usart.o
         0          0          0         16          0       4061   symbol.o
       616          6          0          0          0       3560   sys.o
       776        144         31          4          0       9251   sys_arch.o
       348         36          0          0          0      10569   sys_arch_init.o
       620         48          0         20          0       2079   system_stm32f10x.o
      3292        112        117         77          0      18749   tcp.o
      6012        222          0         32         20      14696   tcp_in.o
      2872         22          0          0          0       7602   tcp_out.o
       976         66          0         16          0      23707   tcpip.o
      1672        244        170          0          0       8086   thread.o
      1064        128         92         12          0       6587   timer.o
      1080          8          0          4          0       6589   udp.o
       264         26          0         12        200       2121   usart.o

    ----------------------------------------------------------------------
    110448       8396       4930        736      20788    1418798   Object Totals
         0          0         32          0          0          0   (incl. Generated)
        12          0          9         18          0          0   (incl. Padding)

    ----------------------------------------------------------------------

      Code (inc. data)   RO Data    RW Data    ZI Data      Debug   Library Member Name

        90          0          0          0          0          0   __dczerorl2.o
         8          0          0          0          0         68   __main.o
       316          6         17          0          0         92   __printf_flags_wp.o
        14          0          0          0          0         68   __printf_wp.o
        52          8          0          0          0          0   __scatter.o
        28          0          0          0          0          0   __scatter_zi.o
        28          0          0          0          0         68   _chval.o
        48          6          0          0          0         96   _printf_char_common.o
        36          4          0          0          0         80   _printf_char_file.o
         6          0          0          0          0          0   _printf_d.o
       120         18          0          0          0         92   _printf_dec.o
         6          0          0          0          0          0   _printf_f.o
      1056          0          0          0          0        216   _printf_fp_dec.o
       128         16          0          0          0         84   _printf_fp_infnan.o
        92          4         40          0          0         88   _printf_hex_int.o
       184          0          0          0          0         88   _printf_intcommon.o
        82          0          0          0          0        108   _printf_pad.o
         0          0          0          0          0          0   _printf_percent.o
         4          0          0          0          0          0   _printf_percent_end.o
         6          0          0          0          0          0   _printf_x.o
       158          0          0          0          0         92   _strtoul.o
        26          0          0          0          0         80   atoi.o
       228          6        148          0          0         96   bigflt0.o
      1910        128          0          0          0        672   btod.o
        12          0          0          0          0         72   exit.o
         6          0          0          0          0        152   heapauxi.o
        44         10        272          0          0         76   lc_ctype_c.o
        44         10         28          0          0         76   lc_numeric_c.o
         6          0          0          0          0          0   libinit.o
        30          0          0          0          0          0   libinit2.o
         2          0          0          0          0          0   libshutdown.o
         2          0          0          0          0          0   libshutdown2.o
         8          4          0          0         96         68   libspace.o
       138          0          0          0          0         80   lludiv10.o
        24          4          0          0          0         84   noretval__2printf.o
        16          4          0          0          0         76   rt_ctype_table.o
         8          4          0          0          0         68   rt_errno_addr_intlibspace.o
         8          4          0          0          0         68   rt_fp_status_addr_intlibspace.o
         8          4          0          0          0         68   rt_locale_intlibspace.o
        68          0          0          0          0         68   rt_memclr.o
        78          0          0          0          0         80   rt_memclr_w.o
       138          0          0          0          0         68   rt_memcpy_v6.o
       100          0          0          0          0         80   rt_memcpy_w.o
         0          0          0          0          0          0   rtentry.o
        12          0          0          0          0          0   rtentry2.o
         6          0          0          0          0          0   rtentry4.o
         2          0          0          0          0          0   rtexit.o
        10          0          0          0          0          0   rtexit2.o
        72          0          0          0          0         80   strcpy.o
        62          0          0          0          0         76   strlen.o
       150          0          0          0          0         80   strncmp.o
        86          0          0          0          0         76   strncpy.o
       112          0          0          0          0         88   strtol.o
        74          0          0          0          0         80   sys_stackheap_outer.o
         2          0          0          0          0         68   use_no_semi.o
       688        140          0          0          0        212   ddiv.o
        46          0          0          0          0         68   dflt_clz.o
       340         12          0          0          0        104   dmul.o
       156          4          0          0          0         92   dnaninf.o
        12          0          0          0          0         68   dretinf.o
        14          0          0          0          0         76   fpinit.o
         4          0          0          0          0         68   printf1.o
         0          0          0          0          0          0   usenofp.o
        40          0          0          0          0         68   fpclassify.o

    ----------------------------------------------------------------------
      7270        396        508          0        100       4576   Library Totals
        16          0          3          0          4          0   (incl. Padding)

    ----------------------------------------------------------------------

      Code (inc. data)   RO Data    RW Data    ZI Data      Debug   Library Name

      5954        240        505          0         96       3820   c_w.l
      1260        156          0          0          0        688   fz_ws.l
        40          0          0          0          0         68   m_ws.l

    ----------------------------------------------------------------------
      7270        396        508          0        100       4576   Library Totals

    ----------------------------------------------------------------------

==============================================================================


      Code (inc. data)   RO Data    RW Data    ZI Data      Debug   

    117718       8792       5438        736      20888    1414534   Grand Totals
    117718       8792       5438        248      20888    1414534   ELF Image Totals (compressed)
    117718       8792       5438        248          0          0   ROM Totals

==============================================================================

    Total RO  Size (Code + RO Data)               123156 ( 120.27kB)
    Total RW  Size (RW Data + ZI Data)             21624 (  21.12kB)
    Total ROM Size (Code + RO Data + RW Data)     123404 ( 120.51kB)

==============================================================================

